
 Start  Stop   Length Name               Class

 00000H 03A54H 03A55H _TEXT              CODE
 03A55H 03C35H 001E1H SYNC_TEXT          CODE
 03C36H 03F0CH 002D7H SNAILAS_TEXT       CODE
 03F0DH 0CC7EH 08D72H CK_OBJ_TEXT        CODE
 0CC7FH 0DBA4H 00F26H CK_MISC_TEXT       CODE
 0DBA5H 0E165H 005C1H CK_MAP_TEXT        CODE
 0E166H 0EF6CH 00E07H CK_TEXT_TEXT       CODE
 0EF6DH 105CBH 0165FH CK_GAME_TEXT       CODE
 105CCH 12619H 0204EH CK_INTER_TEXT      CODE
 1261AH 159BFH 033A6H CK_KEEN_TEXT       CODE
 159C0H 15D65H 003A6H CK_MAIN_TEXT       CODE
 15D66H 172F9H 01594H CK_PHYS_TEXT       CODE
 172FAH 19EAAH 02BB1H CK_PLAY_TEXT       CODE
 19EABH 1B053H 011A9H ID_MM_TEXT         CODE
 1B054H 1C297H 01244H ID_CA_TEXT         CODE
 1C298H 1CEECH 00C55H ID_VW_TEXT         CODE
 1CEEEH 1DBD8H 00CEBH ID_VW_A_TEXT       CODE
 1DBD9H 1F879H 01CA1H ID_RF_TEXT         CODE
 1F87AH 1FD5DH 004E4H ID_RF_A_TEXT       CODE
 1FD5EH 20D16H 00FB9H ID_IN_TEXT         CODE
 20D17H 21939H 00C23H ID_SD_TEXT         CODE
 2193AH 22CA6H 0136DH ID_US_1_TEXT       CODE
 22CA7H 2561BH 02975H ID_US_2_TEXT       CODE
 2561CH 25660H 00045H ID_US_A_TEXT       CODE
 25661H 2594AH 002EAH KD_SM_TEXT         CODE
 25950H 25950H 00000H _FARDATA           FAR_DATA
 25950H 25A51H 00102H FAR_DATA           FAR_DATA
 25A60H 25A77H 00018H CK_OBJ5_DATA       FAR_DATA
 25A80H 25ABFH 00040H CK_GAME5_DATA      FAR_DATA
 25AC0H 25AFFH 00040H CK_GAME6_DATA      FAR_DATA
 25B00H 25B3FH 00040H CK_GAME7_DATA      FAR_DATA
 25B40H 25B7FH 00040H CK_GAME8_DATA      FAR_DATA
 25B80H 25BBFH 00040H CK_GAME9_DATA      FAR_DATA
 25BC0H 25BFFH 00040H CK_GAME10_DATA     FAR_DATA
 25C00H 25C3FH 00040H CK_GAME11_DATA     FAR_DATA
 25C40H 25C7FH 00040H CK_GAME12_DATA     FAR_DATA
 25C80H 25CBFH 00040H CK_GAME13_DATA     FAR_DATA
 25CC0H 25CFFH 00040H CK_GAME14_DATA     FAR_DATA
 25D00H 25D3FH 00040H CK_GAME15_DATA     FAR_DATA
 25D40H 25D7FH 00040H CK_GAME16_DATA     FAR_DATA
 25D80H 25DBFH 00040H CK_GAME17_DATA     FAR_DATA
 25DC0H 25DFFH 00040H CK_GAME18_DATA     FAR_DATA
 25E00H 25E3FH 00040H CK_GAME19_DATA     FAR_DATA
 25E40H 25E7FH 00040H CK_GAME20_DATA     FAR_DATA
 25E80H 25EBFH 00040H CK_GAME21_DATA     FAR_DATA
 25EC0H 25EFFH 00040H CK_GAME22_DATA     FAR_DATA
 25F00H 25F3FH 00040H CK_GAME23_DATA     FAR_DATA
 25F40H 25F7FH 00040H CK_GAME24_DATA     FAR_DATA
 25F80H 25FCDH 0004EH CK_INTER5_DATA     FAR_DATA
 25FD0H 2604FH 00080H ID_IN5_DATA        FAR_DATA
 26050H 260CFH 00080H ID_IN6_DATA        FAR_DATA
 260D0H 2614FH 00080H ID_IN7_DATA        FAR_DATA
 26150H 261ABH 0005CH ID_US_25_DATA      FAR_DATA
 261B0H 261F9H 0004AH ID_US_26_DATA      FAR_DATA
 26200H 2625BH 0005CH ID_US_27_DATA      FAR_DATA
 26260H 26305H 000A6H ID_US_28_DATA      FAR_DATA
 26310H 263C5H 000B6H ID_US_29_DATA      FAR_DATA
 263D0H 26485H 000B6H ID_US_210_DATA     FAR_DATA
 26490H 264FDH 0006EH ID_US_211_DATA     FAR_DATA
 26500H 265A3H 000A4H ID_US_212_DATA     FAR_DATA
 265B0H 26633H 00084H ID_US_213_DATA     FAR_DATA
 26640H 266E5H 000A6H ID_US_214_DATA     FAR_DATA
 266F0H 267B7H 000C8H ID_US_215_DATA     FAR_DATA
 267C0H 27767H 00FA8H IntroscnSeg        FAR_DATA
 27770H 27770H 00000H _FARBSS            FAR_BSS
 27770H 295D6H 01E67H _COMDEF_AA_        FAR_BSS
 295E0H 2D2CFH 03CF0H _COMDEF_AB_        FAR_BSS
 2D2D0H 2D2D0H 00000H _OVERLAY_          OVRINFO
 2D2D0H 2D2D0H 00000H _1STUB_            STUBSEG
 2D2D0H 3236EH 0509FH _DATA              DATA
 32370H 32371H 00002H _CVTSEG            DATA
 32372H 32377H 00006H _SCNSEG            DATA
 32378H 32378H 00000H _CONST             CONST
 32378H 3238FH 00018H _INIT_             INITDATA
 32390H 32390H 00000H _INITEND_          INITDATA
 32390H 32390H 00000H _EXIT_             EXITDATA
 32390H 32390H 00000H _EXITEND_          EXITDATA
 32390H 329CAH 0063BH _BSS               BSS
 329CCH 3B00EH 08643H _COMDEF_           BSS
 3B00FH 3B00FH 00000H _BSSEND            BSSEND
 3B010H 3B08FH 00080H _STACK             STACK


Detailed map of segments

 0000:0000 0297 C=CODE   S=_TEXT          G=(none)  M=c0.ASM     ACBP=28
 0000:0297 002D C=CODE   S=_TEXT          G=(none)  M=ATEXIT     ACBP=28
 0000:02C4 0000 C=CODE   S=_TEXT          G=(none)  M=CTYPE      ACBP=28
 0000:02C4 00A9 C=CODE   S=_TEXT          G=(none)  M=DOSCMD     ACBP=28
 0000:036D 00DD C=CODE   S=_TEXT          G=(none)  M=DOSENV     ACBP=28
 0000:044A 0060 C=CODE   S=_TEXT          G=(none)  M=DOSFIND    ACBP=28
 0000:04AA 002A C=CODE   S=_TEXT          G=(none)  M=DOSGDRIV   ACBP=28
 0000:04D4 0093 C=CODE   S=_TEXT          G=(none)  M=EXIT       ACBP=28
 0000:0567 0000 C=CODE   S=_TEXT          G=(none)  M=FILES      ACBP=28
 0000:0567 0000 C=CODE   S=_TEXT          G=(none)  M=FILES2     ACBP=28
 0000:0567 0000 C=CODE   S=_TEXT          G=(none)  M=FMODE      ACBP=28
 0000:0567 0017 C=CODE   S=_TEXT          G=(none)  M=F_LXMUL    ACBP=28
 0000:057E 0021 C=CODE   S=_TEXT          G=(none)  M=F_PCMP     ACBP=28
 0000:059F 001C C=CODE   S=_TEXT          G=(none)  M=F_SCOPY    ACBP=28
 0000:05BB 0020 C=CODE   S=_TEXT          G=(none)  M=GETVECT    ACBP=28
 0000:05DB 0000 C=CODE   S=_TEXT          G=(none)  M=HEAPLEN    ACBP=28
 0000:05DB 00AE C=CODE   S=_TEXT          G=(none)  M=H_LDIV     ACBP=28
 0000:0689 0021 C=CODE   S=_TEXT          G=(none)  M=H_LLSH     ACBP=28
 0000:06AA 0020 C=CODE   S=_TEXT          G=(none)  M=H_LRSH     ACBP=28
 0000:06CA 0021 C=CODE   S=_TEXT          G=(none)  M=H_LURSH    ACBP=28
 0000:06EB 0088 C=CODE   S=_TEXT          G=(none)  M=H_PADA     ACBP=28
 0000:0773 0060 C=CODE   S=_TEXT          G=(none)  M=H_PADD     ACBP=28
 0000:07D3 0028 C=CODE   S=_TEXT          G=(none)  M=H_PSBP     ACBP=28
 0000:07FB 0027 C=CODE   S=_TEXT          G=(none)  M=H_SPUSH    ACBP=28
 0000:0822 004B C=CODE   S=_TEXT          G=(none)  M=IOERROR    ACBP=28
 0000:086D 0011 C=CODE   S=_TEXT          G=(none)  M=ISATTY     ACBP=28
 0000:087E 009A C=CODE   S=_TEXT          G=(none)  M=LONGTOA    ACBP=28
 0000:0918 0029 C=CODE   S=_TEXT          G=(none)  M=LSEEK      ACBP=28
 0000:0941 0017 C=CODE   S=_TEXT          G=(none)  M=N_LXMUL    ACBP=28
 0000:0958 0021 C=CODE   S=_TEXT          G=(none)  M=N_PCMP     ACBP=28
 0000:0979 0037 C=CODE   S=_TEXT          G=(none)  M=RAND       ACBP=28
 0000:09B0 002D C=CODE   S=_TEXT          G=(none)  M=READA      ACBP=28
 0000:09DD 0016 C=CODE   S=_TEXT          G=(none)  M=REMOVE     ACBP=28
 0000:09F3 00A5 C=CODE   S=_TEXT          G=(none)  M=SETUPIO    ACBP=28
 0000:0A98 0000 C=CODE   S=_TEXT          G=(none)  M=STKLEN     ACBP=28
 0000:0A98 0018 C=CODE   S=_TEXT          G=(none)  M=TELL       ACBP=28
 0000:0AB0 002C C=CODE   S=_TEXT          G=(none)  M=TOLOWER    ACBP=28
 0000:0ADC 002C C=CODE   S=_TEXT          G=(none)  M=TOUPPER    ACBP=28
 0000:0B08 0016 C=CODE   S=_TEXT          G=(none)  M=UNLINK     ACBP=28
 0000:0B1E 04C6 C=CODE   S=_TEXT          G=(none)  M=VPRINTER   ACBP=28
 0000:0FE4 009F C=CODE   S=_TEXT          G=(none)  M=VRAM       ACBP=28
 0000:1083 0029 C=CODE   S=_TEXT          G=(none)  M=_STPCPY    ACBP=28
 0000:10AC 0025 C=CODE   S=_TEXT          G=(none)  M=BIOSKEY    ACBP=28
 0000:10D1 006F C=CODE   S=_TEXT          G=(none)  M=BRK        ACBP=28
 0000:1140 0029 C=CODE   S=_TEXT          G=(none)  M=CLRSCR     ACBP=28
 0000:1169 0010 C=CODE   S=_TEXT          G=(none)  M=CORELEFT   ACBP=28
 0000:1179 01B3 C=CODE   S=_TEXT          G=(none)  M=CRTINIT    ACBP=28
 0000:132C 001F C=CODE   S=_TEXT          G=(none)  M=CVTFAK     ACBP=28
 0000:134B 0394 C=CODE   S=_TEXT          G=(none)  M=EXEC       ACBP=28
 0000:16DF 001D C=CODE   S=_TEXT          G=(none)  M=EXECLP     ACBP=28
 0000:16FC 0421 C=CODE   S=_TEXT          G=(none)  M=FARHEAP    ACBP=28
 0000:1B1D 0143 C=CODE   S=_TEXT          G=(none)  M=FBRK       ACBP=28
 0000:1C60 0050 C=CODE   S=_TEXT          G=(none)  M=FCORELFT   ACBP=28
 0000:1CB0 0049 C=CODE   S=_TEXT          G=(none)  M=GOTOXY     ACBP=28
 0000:1CF9 0095 C=CODE   S=_TEXT          G=(none)  M=GPTEXT     ACBP=28
 0000:1D8E 002E C=CODE   S=_TEXT          G=(none)  M=HARD       ACBP=28
 0000:1DBC 0126 C=CODE   S=_TEXT          G=(none)  M=HARDERR    ACBP=28
 0000:1EE2 0027 C=CODE   S=_TEXT          G=(none)  M=IOCTL      ACBP=28
 0000:1F09 0097 C=CODE   S=_TEXT          G=(none)  M=LOADPROG   ACBP=28
 0000:1FA0 009D C=CODE   S=_TEXT          G=(none)  M=MOVETEXT   ACBP=28
 0000:203D 027B C=CODE   S=_TEXT          G=(none)  M=NEARHEAP   ACBP=28
 0000:22B8 0004 C=CODE   S=_TEXT          G=(none)  M=REALCVT    ACBP=28
 0000:22BC 01AB C=CODE   S=_TEXT          G=(none)  M=SCREEN     ACBP=28
 0000:2467 0188 C=CODE   S=_TEXT          G=(none)  M=SCROLL     ACBP=28
 0000:25EF 0115 C=CODE   S=_TEXT          G=(none)  M=SETARGV    ACBP=28
 0000:2704 001C C=CODE   S=_TEXT          G=(none)  M=SETBLOCK   ACBP=28
 0000:2720 005D C=CODE   S=_TEXT          G=(none)  M=SETENVP    ACBP=28
 0000:277D 002C C=CODE   S=_TEXT          G=(none)  M=WHEREXY    ACBP=28
 0000:27A9 007D C=CODE   S=_TEXT          G=(none)  M=ATOL       ACBP=28
 0000:2826 0010 C=CODE   S=_TEXT          G=(none)  M=BDOS       ACBP=28
 0000:2836 001B C=CODE   S=_TEXT          G=(none)  M=CHMODA     ACBP=28
 0000:2851 0028 C=CODE   S=_TEXT          G=(none)  M=CLOSE      ACBP=28
 0000:2879 001E C=CODE   S=_TEXT          G=(none)  M=CLOSEA     ACBP=28
 0000:2897 0081 C=CODE   S=_TEXT          G=(none)  M=FFLUSH     ACBP=28
 0000:2918 0041 C=CODE   S=_TEXT          G=(none)  M=FLENGTH    ACBP=28
 0000:2959 003A C=CODE   S=_TEXT          G=(none)  M=FLUSHALL   ACBP=28
 0000:2993 0016 C=CODE   S=_TEXT          G=(none)  M=FPRINTF    ACBP=28
 0000:29A9 0112 C=CODE   S=_TEXT          G=(none)  M=FSEEK      ACBP=28
 0000:2ABB 005F C=CODE   S=_TEXT          G=(none)  M=GETENV     ACBP=28
 0000:2B1A 0067 C=CODE   S=_TEXT          G=(none)  M=LTOA1      ACBP=28
 0000:2B81 0029 C=CODE   S=_TEXT          G=(none)  M=MEMCMP     ACBP=28
 0000:2BAA 001F C=CODE   S=_TEXT          G=(none)  M=MEMCPY     ACBP=28
 0000:2BC9 0041 C=CODE   S=_TEXT          G=(none)  M=MEMSET     ACBP=28
 0000:2C0A 0022 C=CODE   S=_TEXT          G=(none)  M=MOVEDATA   ACBP=28
 0000:2C2C 0183 C=CODE   S=_TEXT          G=(none)  M=OPEN       ACBP=28
 0000:2DAF 004D C=CODE   S=_TEXT          G=(none)  M=OPENA      ACBP=28
 0000:2DFC 0302 C=CODE   S=_TEXT          G=(none)  M=PUTC       ACBP=28
 0000:30FE 004B C=CODE   S=_TEXT          G=(none)  M=PUTS       ACBP=28
 0000:3149 00CE C=CODE   S=_TEXT          G=(none)  M=READ       ACBP=28
 0000:3217 0003 C=CODE   S=_TEXT          G=(none)  M=READU      ACBP=28
 0000:321A 00D6 C=CODE   S=_TEXT          G=(none)  M=SETVBUF    ACBP=28
 0000:32F0 0229 C=CODE   S=_TEXT          G=(none)  M=SPLITPTH   ACBP=28
 0000:3519 0039 C=CODE   S=_TEXT          G=(none)  M=STRCAT     ACBP=28
 0000:3552 002F C=CODE   S=_TEXT          G=(none)  M=STRCMP     ACBP=28
 0000:3581 0022 C=CODE   S=_TEXT          G=(none)  M=STRCPY     ACBP=28
 0000:35A3 001A C=CODE   S=_TEXT          G=(none)  M=STRLEN     ACBP=28
 0000:35BD 002C C=CODE   S=_TEXT          G=(none)  M=STRNCPY    ACBP=28
 0000:35E9 010C C=CODE   S=_TEXT          G=(none)  M=WRITE      ACBP=28
 0000:36F5 003A C=CODE   S=_TEXT          G=(none)  M=WRITEA     ACBP=28
 0000:372F 0003 C=CODE   S=_TEXT          G=(none)  M=WRITEU     ACBP=28
 0000:3732 0023 C=CODE   S=_TEXT          G=(none)  M=XFFLUSH    ACBP=28
 0000:3755 0024 C=CODE   S=_TEXT          G=(none)  M=FMEMCPY    ACBP=28
 0000:3779 0043 C=CODE   S=_TEXT          G=(none)  M=FMEMSET    ACBP=28
 0000:37BC 0299 C=CODE   S=_TEXT          G=(none)  M=SEARCHP    ACBP=28
 03A5:0005 01E1 C=CODE   S=SYNC_TEXT      G=(none)  M=SYNC.C     ACBP=28
 03C3:0006 02D7 C=CODE   S=SNAILAS_TEXT   G=(none)  M=SNAILAS.C  ACBP=28
 03F0:000D 8D72 C=CODE   S=CK_OBJ_TEXT    G=(none)  M=CK_OBJ.C   ACBP=28
 0CC7:000F 0F26 C=CODE   S=CK_MISC_TEXT   G=(none)  M=CK_MISC.C  ACBP=28
 0DBA:0005 05C1 C=CODE   S=CK_MAP_TEXT    G=(none)  M=CK_MAP.C   ACBP=28
 0E16:0006 0E07 C=CODE   S=CK_TEXT_TEXT   G=(none)  M=CK_TEXT.C  ACBP=28
 0EF6:000D 165F C=CODE   S=CK_GAME_TEXT   G=(none)  M=CK_GAME.C  ACBP=28
 105C:000C 204E C=CODE   S=CK_INTER_TEXT  G=(none)  M=CK_INTER.C ACBP=28
 1261:000A 33A6 C=CODE   S=CK_KEEN_TEXT   G=(none)  M=CK_KEEN.C  ACBP=28
 159C:0000 03A6 C=CODE   S=CK_MAIN_TEXT   G=(none)  M=CK_MAIN.C  ACBP=28
 15D6:0006 1594 C=CODE   S=CK_PHYS_TEXT   G=(none)  M=CK_PHYS.C  ACBP=28
 172F:000A 2BB1 C=CODE   S=CK_PLAY_TEXT   G=(none)  M=CK_PLAY.C  ACBP=28
 19EA:000B 11A9 C=CODE   S=ID_MM_TEXT     G=(none)  M=ID_MM.C    ACBP=28
 1B05:0004 1244 C=CODE   S=ID_CA_TEXT     G=(none)  M=ID_CA.C    ACBP=28
 1C29:0008 0C55 C=CODE   S=ID_VW_TEXT     G=(none)  M=ID_VW.C    ACBP=28
 1CEE:000E 0CEB C=CODE   S=ID_VW_A_TEXT   G=(none)  M=ID_VW_A.ASM ACBP=48
 1DBD:0009 1CA1 C=CODE   S=ID_RF_TEXT     G=(none)  M=ID_RF.C    ACBP=28
 1F87:000A 04E4 C=CODE   S=ID_RF_A_TEXT   G=(none)  M=ID_RF_A.ASM ACBP=48
 1FD5:000E 0FB9 C=CODE   S=ID_IN_TEXT     G=(none)  M=ID_IN.C    ACBP=28
 20D1:0007 0C23 C=CODE   S=ID_SD_TEXT     G=(none)  M=ID_SD.C    ACBP=28
 2193:000A 136D C=CODE   S=ID_US_1_TEXT   G=(none)  M=ID_US_1.C  ACBP=28
 22CA:0007 2975 C=CODE   S=ID_US_2_TEXT   G=(none)  M=ID_US_2.C  ACBP=28
 2561:000C 0045 C=CODE   S=ID_US_A_TEXT   G=(none)  M=ID_US_A.ASM ACBP=48
 2566:0001 02EA C=CODE   S=KD_SM_TEXT     G=(none)  M=KD_SM.C    ACBP=28
 2595:0000 0000 C=FAR_DATA S=_FARDATA       G=(none)  M=c0.ASM     ACBP=68
 2595:0000 0102 C=FAR_DATA S=FAR_DATA       G=(none)  M=ID_US_A.ASM ACBP=60
 25A6:0000 0018 C=FAR_DATA S=CK_OBJ5_DATA   G=(none)  M=CK_OBJ.C   ACBP=68
 25A8:0000 0040 C=FAR_DATA S=CK_GAME5_DATA  G=(none)  M=CK_GAME.C  ACBP=68
 25AC:0000 0040 C=FAR_DATA S=CK_GAME6_DATA  G=(none)  M=CK_GAME.C  ACBP=68
 25B0:0000 0040 C=FAR_DATA S=CK_GAME7_DATA  G=(none)  M=CK_GAME.C  ACBP=68
 25B4:0000 0040 C=FAR_DATA S=CK_GAME8_DATA  G=(none)  M=CK_GAME.C  ACBP=68
 25B8:0000 0040 C=FAR_DATA S=CK_GAME9_DATA  G=(none)  M=CK_GAME.C  ACBP=68
 25BC:0000 0040 C=FAR_DATA S=CK_GAME10_DATA G=(none)  M=CK_GAME.C  ACBP=68
 25C0:0000 0040 C=FAR_DATA S=CK_GAME11_DATA G=(none)  M=CK_GAME.C  ACBP=68
 25C4:0000 0040 C=FAR_DATA S=CK_GAME12_DATA G=(none)  M=CK_GAME.C  ACBP=68
 25C8:0000 0040 C=FAR_DATA S=CK_GAME13_DATA G=(none)  M=CK_GAME.C  ACBP=68
 25CC:0000 0040 C=FAR_DATA S=CK_GAME14_DATA G=(none)  M=CK_GAME.C  ACBP=68
 25D0:0000 0040 C=FAR_DATA S=CK_GAME15_DATA G=(none)  M=CK_GAME.C  ACBP=68
 25D4:0000 0040 C=FAR_DATA S=CK_GAME16_DATA G=(none)  M=CK_GAME.C  ACBP=68
 25D8:0000 0040 C=FAR_DATA S=CK_GAME17_DATA G=(none)  M=CK_GAME.C  ACBP=68
 25DC:0000 0040 C=FAR_DATA S=CK_GAME18_DATA G=(none)  M=CK_GAME.C  ACBP=68
 25E0:0000 0040 C=FAR_DATA S=CK_GAME19_DATA G=(none)  M=CK_GAME.C  ACBP=68
 25E4:0000 0040 C=FAR_DATA S=CK_GAME20_DATA G=(none)  M=CK_GAME.C  ACBP=68
 25E8:0000 0040 C=FAR_DATA S=CK_GAME21_DATA G=(none)  M=CK_GAME.C  ACBP=68
 25EC:0000 0040 C=FAR_DATA S=CK_GAME22_DATA G=(none)  M=CK_GAME.C  ACBP=68
 25F0:0000 0040 C=FAR_DATA S=CK_GAME23_DATA G=(none)  M=CK_GAME.C  ACBP=68
 25F4:0000 0040 C=FAR_DATA S=CK_GAME24_DATA G=(none)  M=CK_GAME.C  ACBP=68
 25F8:0000 004E C=FAR_DATA S=CK_INTER5_DATA G=(none)  M=CK_INTER.C ACBP=68
 25FD:0000 0080 C=FAR_DATA S=ID_IN5_DATA    G=(none)  M=ID_IN.C    ACBP=68
 2605:0000 0080 C=FAR_DATA S=ID_IN6_DATA    G=(none)  M=ID_IN.C    ACBP=68
 260D:0000 0080 C=FAR_DATA S=ID_IN7_DATA    G=(none)  M=ID_IN.C    ACBP=68
 2615:0000 005C C=FAR_DATA S=ID_US_25_DATA  G=(none)  M=ID_US_2.C  ACBP=68
 261B:0000 004A C=FAR_DATA S=ID_US_26_DATA  G=(none)  M=ID_US_2.C  ACBP=68
 2620:0000 005C C=FAR_DATA S=ID_US_27_DATA  G=(none)  M=ID_US_2.C  ACBP=68
 2626:0000 00A6 C=FAR_DATA S=ID_US_28_DATA  G=(none)  M=ID_US_2.C  ACBP=68
 2631:0000 00B6 C=FAR_DATA S=ID_US_29_DATA  G=(none)  M=ID_US_2.C  ACBP=68
 263D:0000 00B6 C=FAR_DATA S=ID_US_210_DATA G=(none)  M=ID_US_2.C  ACBP=68
 2649:0000 006E C=FAR_DATA S=ID_US_211_DATA G=(none)  M=ID_US_2.C  ACBP=68
 2650:0000 00A4 C=FAR_DATA S=ID_US_212_DATA G=(none)  M=ID_US_2.C  ACBP=68
 265B:0000 0084 C=FAR_DATA S=ID_US_213_DATA G=(none)  M=ID_US_2.C  ACBP=68
 2664:0000 00A6 C=FAR_DATA S=ID_US_214_DATA G=(none)  M=ID_US_2.C  ACBP=68
 266F:0000 00C8 C=FAR_DATA S=ID_US_215_DATA G=(none)  M=ID_US_2.C  ACBP=68
 267C:0000 0FA8 C=FAR_DATA S=IntroscnSeg    G=(none)  M=INTROSCN.SCN ACBP=60
 2777:0000 0000 C=FAR_BSS S=_FARBSS        G=(none)  M=c0.ASM     ACBP=68
 2777:0000 1E67 C=FAR_BSS S=_COMDEF_AA_    G=(none)  M=ID_CA.C    ACBP=60
 295E:0000 3CF0 C=FAR_BSS S=_COMDEF_AB_    G=(none)  M=ID_MM.C    ACBP=60
 2D2D:0000 0000 C=OVRINFO S=_OVERLAY_      G=(none)  M=c0.ASM     ACBP=68
 2D2D:0000 0000 C=STUBSEG S=_1STUB_        G=(none)  M=c0.ASM     ACBP=68
 2D2D:0000 00AA C=DATA   S=_DATA          G=DGROUP  M=c0.ASM     ACBP=68
 2D2D:00AA 000A C=DATA   S=_DATA          G=DGROUP  M=SYNC.C     ACBP=48
 2D2D:00B4 0014 C=DATA   S=_DATA          G=DGROUP  M=SNAILAS.C  ACBP=48
 2D2D:00C8 1E82 C=DATA   S=_DATA          G=DGROUP  M=CK_OBJ.C   ACBP=48
 2D2D:1F4A 00E2 C=DATA   S=_DATA          G=DGROUP  M=CK_MISC.C  ACBP=48
 2D2D:202C 019E C=DATA   S=_DATA          G=DGROUP  M=CK_MAP.C   ACBP=48
 2D2D:21CA 000C C=DATA   S=_DATA          G=DGROUP  M=CK_TEXT.C  ACBP=48
 2D2D:21D6 0010 C=DATA   S=_DATA          G=DGROUP  M=CK_GAME.C  ACBP=48
 2D2D:21E6 0318 C=DATA   S=_DATA          G=DGROUP  M=CK_INTER.C ACBP=48
 2D2D:24FE 0D40 C=DATA   S=_DATA          G=DGROUP  M=CK_KEEN.C  ACBP=48
 2D2D:323E 0015 C=DATA   S=_DATA          G=DGROUP  M=CK_MAIN.C  ACBP=48
 2D2D:3254 0100 C=DATA   S=_DATA          G=DGROUP  M=CK_PHYS.C  ACBP=48
 2D2D:3354 007E C=DATA   S=_DATA          G=DGROUP  M=CK_PLAY.C  ACBP=48
 2D2D:33D2 0009 C=DATA   S=_DATA          G=DGROUP  M=ID_MM.C    ACBP=48
 2D2D:33DC 0053 C=DATA   S=_DATA          G=DGROUP  M=ID_CA.C    ACBP=48
 2D2D:3430 008F C=DATA   S=_DATA          G=DGROUP  M=ID_VW.C    ACBP=48
 2D2D:34C0 16BE C=DATA   S=_DATA          G=DGROUP  M=ID_VW_A.ASM ACBP=48
 2D2D:4B7E 0008 C=DATA   S=_DATA          G=DGROUP  M=ID_RF.C    ACBP=48
 2D2D:4B86 0002 C=DATA   S=_DATA          G=DGROUP  M=ID_RF_A.ASM ACBP=48
 2D2D:4B88 0034 C=DATA   S=_DATA          G=DGROUP  M=ID_IN.C    ACBP=48
 2D2D:4BBC 0016 C=DATA   S=_DATA          G=DGROUP  M=ID_SD.C    ACBP=48
 2D2D:4BD2 00CC C=DATA   S=_DATA          G=DGROUP  M=ID_US_1.C  ACBP=48
 2D2D:4C9E 002C C=DATA   S=_DATA          G=DGROUP  M=ID_US_2.C  ACBP=48
 2D2D:4CCA 0000 C=DATA   S=_DATA          G=DGROUP  M=ID_US_A.ASM ACBP=48
 2D2D:4CCA 0014 C=DATA   S=_DATA          G=DGROUP  M=KD_SM.C    ACBP=48
 2D2D:4CDE 0002 C=DATA   S=_DATA          G=DGROUP  M=ATEXIT     ACBP=48
 2D2D:4CE0 0101 C=DATA   S=_DATA          G=DGROUP  M=CTYPE      ACBP=48
 2D2D:4DE2 0000 C=DATA   S=_DATA          G=DGROUP  M=DOSCMD     ACBP=48
 2D2D:4DE2 0000 C=DATA   S=_DATA          G=DGROUP  M=DOSENV     ACBP=48
 2D2D:4DE2 0000 C=DATA   S=_DATA          G=DGROUP  M=DOSFIND    ACBP=48
 2D2D:4DE2 0000 C=DATA   S=_DATA          G=DGROUP  M=DOSGDRIV   ACBP=48
 2D2D:4DE2 000C C=DATA   S=_DATA          G=DGROUP  M=EXIT       ACBP=48
 2D2D:4DEE 0140 C=DATA   S=_DATA          G=DGROUP  M=FILES      ACBP=48
 2D2D:4F2E 002A C=DATA   S=_DATA          G=DGROUP  M=FILES2     ACBP=48
 2D2D:4F58 0004 C=DATA   S=_DATA          G=DGROUP  M=FMODE      ACBP=48
 2D2D:4F5C 0000 C=DATA   S=_DATA          G=DGROUP  M=F_LXMUL    ACBP=48
 2D2D:4F5C 0000 C=DATA   S=_DATA          G=DGROUP  M=F_PCMP     ACBP=48
 2D2D:4F5C 0000 C=DATA   S=_DATA          G=DGROUP  M=F_SCOPY    ACBP=48
 2D2D:4F5C 0000 C=DATA   S=_DATA          G=DGROUP  M=GETVECT    ACBP=48
 2D2D:4F5C 0002 C=DATA   S=_DATA          G=DGROUP  M=HEAPLEN    ACBP=48
 2D2D:4F5E 0000 C=DATA   S=_DATA          G=DGROUP  M=H_LDIV     ACBP=48
 2D2D:4F5E 0000 C=DATA   S=_DATA          G=DGROUP  M=H_LLSH     ACBP=48
 2D2D:4F5E 0000 C=DATA   S=_DATA          G=DGROUP  M=H_LRSH     ACBP=48
 2D2D:4F5E 0000 C=DATA   S=_DATA          G=DGROUP  M=H_LURSH    ACBP=48
 2D2D:4F5E 0000 C=DATA   S=_DATA          G=DGROUP  M=H_PADA     ACBP=48
 2D2D:4F5E 0000 C=DATA   S=_DATA          G=DGROUP  M=H_PADD     ACBP=48
 2D2D:4F5E 0000 C=DATA   S=_DATA          G=DGROUP  M=H_PSBP     ACBP=48
 2D2D:4F5E 0000 C=DATA   S=_DATA          G=DGROUP  M=H_SPUSH    ACBP=48
 2D2D:4F5E 005B C=DATA   S=_DATA          G=DGROUP  M=IOERROR    ACBP=48
 2D2D:4FBA 0000 C=DATA   S=_DATA          G=DGROUP  M=ISATTY     ACBP=48
 2D2D:4FBA 0000 C=DATA   S=_DATA          G=DGROUP  M=LONGTOA    ACBP=48
 2D2D:4FBA 0000 C=DATA   S=_DATA          G=DGROUP  M=LSEEK      ACBP=48
 2D2D:4FBA 0000 C=DATA   S=_DATA          G=DGROUP  M=N_LXMUL    ACBP=48
 2D2D:4FBA 0000 C=DATA   S=_DATA          G=DGROUP  M=N_PCMP     ACBP=48
 2D2D:4FBA 0004 C=DATA   S=_DATA          G=DGROUP  M=RAND       ACBP=48
 2D2D:4FBE 0000 C=DATA   S=_DATA          G=DGROUP  M=READA      ACBP=48
 2D2D:4FBE 0000 C=DATA   S=_DATA          G=DGROUP  M=REMOVE     ACBP=48
 2D2D:4FBE 0000 C=DATA   S=_DATA          G=DGROUP  M=SETUPIO    ACBP=48
 2D2D:4FBE 0002 C=DATA   S=_DATA          G=DGROUP  M=STKLEN     ACBP=48
 2D2D:4FC0 0000 C=DATA   S=_DATA          G=DGROUP  M=TELL       ACBP=48
 2D2D:4FC0 0000 C=DATA   S=_DATA          G=DGROUP  M=TOLOWER    ACBP=48
 2D2D:4FC0 0000 C=DATA   S=_DATA          G=DGROUP  M=TOUPPER    ACBP=48
 2D2D:4FC0 0000 C=DATA   S=_DATA          G=DGROUP  M=UNLINK     ACBP=48
 2D2D:4FC0 0067 C=DATA   S=_DATA          G=DGROUP  M=VPRINTER   ACBP=48
 2D2D:5028 0000 C=DATA   S=_DATA          G=DGROUP  M=VRAM       ACBP=48
 2D2D:5028 0000 C=DATA   S=_DATA          G=DGROUP  M=_STPCPY    ACBP=48
 2D2D:5028 0000 C=DATA   S=_DATA          G=DGROUP  M=BIOSKEY    ACBP=48
 2D2D:5028 0000 C=DATA   S=_DATA          G=DGROUP  M=BRK        ACBP=48
 2D2D:5028 0000 C=DATA   S=_DATA          G=DGROUP  M=CLRSCR     ACBP=48
 2D2D:5028 0000 C=DATA   S=_DATA          G=DGROUP  M=CORELEFT   ACBP=48
 2D2D:5028 0018 C=DATA   S=_DATA          G=DGROUP  M=CRTINIT    ACBP=48
 2D2D:5040 0031 C=DATA   S=_DATA          G=DGROUP  M=CVTFAK     ACBP=48
 2D2D:5072 0000 C=DATA   S=_DATA          G=DGROUP  M=EXEC       ACBP=48
 2D2D:5072 0000 C=DATA   S=_DATA          G=DGROUP  M=EXECLP     ACBP=48
 2D2D:5072 0000 C=DATA   S=_DATA          G=DGROUP  M=FARHEAP    ACBP=48
 2D2D:5072 0002 C=DATA   S=_DATA          G=DGROUP  M=FBRK       ACBP=48
 2D2D:5074 0000 C=DATA   S=_DATA          G=DGROUP  M=FCORELFT   ACBP=48
 2D2D:5074 0000 C=DATA   S=_DATA          G=DGROUP  M=GOTOXY     ACBP=48
 2D2D:5074 0000 C=DATA   S=_DATA          G=DGROUP  M=GPTEXT     ACBP=48
 2D2D:5074 0000 C=DATA   S=_DATA          G=DGROUP  M=HARD       ACBP=48
 2D2D:5074 0000 C=DATA   S=_DATA          G=DGROUP  M=HARDERR    ACBP=48
 2D2D:5074 0000 C=DATA   S=_DATA          G=DGROUP  M=IOCTL      ACBP=48
 2D2D:5074 0000 C=DATA   S=_DATA          G=DGROUP  M=LOADPROG   ACBP=48
 2D2D:5074 0000 C=DATA   S=_DATA          G=DGROUP  M=MOVETEXT   ACBP=48
 2D2D:5074 0006 C=DATA   S=_DATA          G=DGROUP  M=NEARHEAP   ACBP=48
 2D2D:507A 0000 C=DATA   S=_DATA          G=DGROUP  M=REALCVT    ACBP=48
 2D2D:507A 0000 C=DATA   S=_DATA          G=DGROUP  M=SCREEN     ACBP=48
 2D2D:507A 0000 C=DATA   S=_DATA          G=DGROUP  M=SCROLL     ACBP=48
 2D2D:507A 000E C=DATA   S=_DATA          G=DGROUP  M=SETARGV    ACBP=48
 2D2D:5088 0000 C=DATA   S=_DATA          G=DGROUP  M=SETBLOCK   ACBP=48
 2D2D:5088 0002 C=DATA   S=_DATA          G=DGROUP  M=SETENVP    ACBP=48
 2D2D:508A 0000 C=DATA   S=_DATA          G=DGROUP  M=WHEREXY    ACBP=48
 2D2D:508A 0000 C=DATA   S=_DATA          G=DGROUP  M=ATOL       ACBP=48
 2D2D:508A 0000 C=DATA   S=_DATA          G=DGROUP  M=BDOS       ACBP=48
 2D2D:508A 0000 C=DATA   S=_DATA          G=DGROUP  M=CHMODA     ACBP=48
 2D2D:508A 0000 C=DATA   S=_DATA          G=DGROUP  M=CLOSE      ACBP=48
 2D2D:508A 0000 C=DATA   S=_DATA          G=DGROUP  M=CLOSEA     ACBP=48
 2D2D:508A 0000 C=DATA   S=_DATA          G=DGROUP  M=FFLUSH     ACBP=48
 2D2D:508A 0000 C=DATA   S=_DATA          G=DGROUP  M=FLENGTH    ACBP=48
 2D2D:508A 0000 C=DATA   S=_DATA          G=DGROUP  M=FLUSHALL   ACBP=48
 2D2D:508A 0000 C=DATA   S=_DATA          G=DGROUP  M=FPRINTF    ACBP=48
 2D2D:508A 0000 C=DATA   S=_DATA          G=DGROUP  M=FSEEK      ACBP=48
 2D2D:508A 0000 C=DATA   S=_DATA          G=DGROUP  M=GETENV     ACBP=48
 2D2D:508A 0000 C=DATA   S=_DATA          G=DGROUP  M=LTOA1      ACBP=48
 2D2D:508A 0000 C=DATA   S=_DATA          G=DGROUP  M=MEMCMP     ACBP=48
 2D2D:508A 0000 C=DATA   S=_DATA          G=DGROUP  M=MEMCPY     ACBP=48
 2D2D:508A 0000 C=DATA   S=_DATA          G=DGROUP  M=MEMSET     ACBP=48
 2D2D:508A 0000 C=DATA   S=_DATA          G=DGROUP  M=MOVEDATA   ACBP=48
 2D2D:508A 0000 C=DATA   S=_DATA          G=DGROUP  M=OPEN       ACBP=48
 2D2D:508A 0000 C=DATA   S=_DATA          G=DGROUP  M=OPENA      ACBP=48
 2D2D:508A 0001 C=DATA   S=_DATA          G=DGROUP  M=PUTC       ACBP=48
 2D2D:508C 0000 C=DATA   S=_DATA          G=DGROUP  M=PUTS       ACBP=48
 2D2D:508C 0000 C=DATA   S=_DATA          G=DGROUP  M=READ       ACBP=48
 2D2D:508C 0000 C=DATA   S=_DATA          G=DGROUP  M=READU      ACBP=48
 2D2D:508C 0004 C=DATA   S=_DATA          G=DGROUP  M=SETVBUF    ACBP=48
 2D2D:5090 0000 C=DATA   S=_DATA          G=DGROUP  M=SPLITPTH   ACBP=48
 2D2D:5090 0000 C=DATA   S=_DATA          G=DGROUP  M=STRCAT     ACBP=48
 2D2D:5090 0000 C=DATA   S=_DATA          G=DGROUP  M=STRCMP     ACBP=48
 2D2D:5090 0000 C=DATA   S=_DATA          G=DGROUP  M=STRCPY     ACBP=48
 2D2D:5090 0000 C=DATA   S=_DATA          G=DGROUP  M=STRLEN     ACBP=48
 2D2D:5090 0000 C=DATA   S=_DATA          G=DGROUP  M=STRNCPY    ACBP=48
 2D2D:5090 0000 C=DATA   S=_DATA          G=DGROUP  M=WRITE      ACBP=48
 2D2D:5090 0000 C=DATA   S=_DATA          G=DGROUP  M=WRITEA     ACBP=48
 2D2D:5090 0000 C=DATA   S=_DATA          G=DGROUP  M=WRITEU     ACBP=48
 2D2D:5090 0000 C=DATA   S=_DATA          G=DGROUP  M=XFFLUSH    ACBP=48
 2D2D:5090 0000 C=DATA   S=_DATA          G=DGROUP  M=FMEMCPY    ACBP=48
 2D2D:5090 0000 C=DATA   S=_DATA          G=DGROUP  M=FMEMSET    ACBP=48
 2D2D:5090 000F C=DATA   S=_DATA          G=DGROUP  M=SEARCHP    ACBP=48
 2D2D:50A0 0000 C=DATA   S=_CVTSEG        G=DGROUP  M=c0.ASM     ACBP=48
 2D2D:50A0 0002 C=DATA   S=_CVTSEG        G=DGROUP  M=CVTFAK     ACBP=48
 2D2D:50A2 0000 C=DATA   S=_CVTSEG        G=DGROUP  M=REALCVT    ACBP=48
 2D2D:50A2 0000 C=DATA   S=_SCNSEG        G=DGROUP  M=c0.ASM     ACBP=48
 2D2D:50A2 0006 C=DATA   S=_SCNSEG        G=DGROUP  M=CVTFAK     ACBP=48
 2D2D:50A8 0000 C=CONST  S=_CONST         G=DGROUP  M=c0.ASM     ACBP=48
 2D2D:50A8 0000 C=INITDATA S=_INIT_         G=DGROUP  M=c0.ASM     ACBP=48
 2D2D:50A8 0006 C=INITDATA S=_INIT_         G=DGROUP  M=SETUPIO    ACBP=48
 2D2D:50AE 0006 C=INITDATA S=_INIT_         G=DGROUP  M=CRTINIT    ACBP=48
 2D2D:50B4 0006 C=INITDATA S=_INIT_         G=DGROUP  M=SETARGV    ACBP=48
 2D2D:50BA 0006 C=INITDATA S=_INIT_         G=DGROUP  M=SETENVP    ACBP=48
 2D2D:50C0 0000 C=INITDATA S=_INITEND_      G=DGROUP  M=c0.ASM     ACBP=28
 2D2D:50C0 0000 C=EXITDATA S=_EXIT_         G=DGROUP  M=c0.ASM     ACBP=48
 2D2D:50C0 0000 C=EXITDATA S=_EXITEND_      G=DGROUP  M=c0.ASM     ACBP=28
 2D2D:50C0 0000 C=BSS    S=_BSS           G=DGROUP  M=c0.ASM     ACBP=48
 2D2D:50C0 0006 C=BSS    S=_BSS           G=DGROUP  M=SYNC.C     ACBP=48
 2D2D:50C6 0000 C=BSS    S=_BSS           G=DGROUP  M=SNAILAS.C  ACBP=48
 2D2D:50C6 0000 C=BSS    S=_BSS           G=DGROUP  M=CK_OBJ.C   ACBP=48
 2D2D:50C6 0000 C=BSS    S=_BSS           G=DGROUP  M=CK_MISC.C  ACBP=48
 2D2D:50C6 0000 C=BSS    S=_BSS           G=DGROUP  M=CK_MAP.C   ACBP=48
 2D2D:50C6 0002 C=BSS    S=_BSS           G=DGROUP  M=CK_TEXT.C  ACBP=48
 2D2D:50C8 0006 C=BSS    S=_BSS           G=DGROUP  M=CK_GAME.C  ACBP=48
 2D2D:50CE 0002 C=BSS    S=_BSS           G=DGROUP  M=CK_INTER.C ACBP=48
 2D2D:50D0 0000 C=BSS    S=_BSS           G=DGROUP  M=CK_KEEN.C  ACBP=48
 2D2D:50D0 0000 C=BSS    S=_BSS           G=DGROUP  M=CK_MAIN.C  ACBP=48
 2D2D:50D0 0000 C=BSS    S=_BSS           G=DGROUP  M=CK_PHYS.C  ACBP=48
 2D2D:50D0 0000 C=BSS    S=_BSS           G=DGROUP  M=CK_PLAY.C  ACBP=48
 2D2D:50D0 0004 C=BSS    S=_BSS           G=DGROUP  M=ID_MM.C    ACBP=48
 2D2D:50D4 0000 C=BSS    S=_BSS           G=DGROUP  M=ID_CA.C    ACBP=48
 2D2D:50D4 0000 C=BSS    S=_BSS           G=DGROUP  M=ID_VW.C    ACBP=48
 2D2D:50D4 0000 C=BSS    S=_BSS           G=DGROUP  M=ID_RF.C    ACBP=48
 2D2D:50D4 002E C=BSS    S=_BSS           G=DGROUP  M=ID_IN.C    ACBP=48
 2D2D:5102 0252 C=BSS    S=_BSS           G=DGROUP  M=ID_SD.C    ACBP=48
 2D2D:5354 002E C=BSS    S=_BSS           G=DGROUP  M=ID_US_1.C  ACBP=48
 2D2D:5382 0012 C=BSS    S=_BSS           G=DGROUP  M=ID_US_2.C  ACBP=48
 2D2D:5394 0232 C=BSS    S=_BSS           G=DGROUP  M=KD_SM.C    ACBP=48
 2D2D:55C6 0080 C=BSS    S=_BSS           G=DGROUP  M=ATEXIT     ACBP=48
 2D2D:5646 0000 C=BSS    S=_BSS           G=DGROUP  M=DOSFIND    ACBP=48
 2D2D:5646 0000 C=BSS    S=_BSS           G=DGROUP  M=GETVECT    ACBP=48
 2D2D:5646 0000 C=BSS    S=_BSS           G=DGROUP  M=IOERROR    ACBP=48
 2D2D:5646 0000 C=BSS    S=_BSS           G=DGROUP  M=ISATTY     ACBP=48
 2D2D:5646 0000 C=BSS    S=_BSS           G=DGROUP  M=LONGTOA    ACBP=48
 2D2D:5646 0000 C=BSS    S=_BSS           G=DGROUP  M=LSEEK      ACBP=48
 2D2D:5646 0000 C=BSS    S=_BSS           G=DGROUP  M=READA      ACBP=48
 2D2D:5646 0000 C=BSS    S=_BSS           G=DGROUP  M=REMOVE     ACBP=48
 2D2D:5646 0000 C=BSS    S=_BSS           G=DGROUP  M=SETUPIO    ACBP=48
 2D2D:5646 0000 C=BSS    S=_BSS           G=DGROUP  M=UNLINK     ACBP=48
 2D2D:5646 0000 C=BSS    S=_BSS           G=DGROUP  M=VPRINTER   ACBP=48
 2D2D:5646 0000 C=BSS    S=_BSS           G=DGROUP  M=VRAM       ACBP=48
 2D2D:5646 0000 C=BSS    S=_BSS           G=DGROUP  M=BIOSKEY    ACBP=48
 2D2D:5646 0000 C=BSS    S=_BSS           G=DGROUP  M=BRK        ACBP=48
 2D2D:5646 0000 C=BSS    S=_BSS           G=DGROUP  M=CORELEFT   ACBP=48
 2D2D:5646 0000 C=BSS    S=_BSS           G=DGROUP  M=CRTINIT    ACBP=48
 2D2D:5646 000C C=BSS    S=_BSS           G=DGROUP  M=HARDERR    ACBP=48
 2D2D:5652 0000 C=BSS    S=_BSS           G=DGROUP  M=IOCTL      ACBP=48
 2D2D:5652 0000 C=BSS    S=_BSS           G=DGROUP  M=SETBLOCK   ACBP=48
 2D2D:5652 0000 C=BSS    S=_BSS           G=DGROUP  M=ATOL       ACBP=48
 2D2D:5652 0000 C=BSS    S=_BSS           G=DGROUP  M=BDOS       ACBP=48
 2D2D:5652 0000 C=BSS    S=_BSS           G=DGROUP  M=CHMODA     ACBP=48
 2D2D:5652 0000 C=BSS    S=_BSS           G=DGROUP  M=CLOSEA     ACBP=48
 2D2D:5652 0000 C=BSS    S=_BSS           G=DGROUP  M=FLENGTH    ACBP=48
 2D2D:5652 0000 C=BSS    S=_BSS           G=DGROUP  M=GETENV     ACBP=48
 2D2D:5652 0000 C=BSS    S=_BSS           G=DGROUP  M=MEMCMP     ACBP=48
 2D2D:5652 0000 C=BSS    S=_BSS           G=DGROUP  M=MEMCPY     ACBP=48
 2D2D:5652 0000 C=BSS    S=_BSS           G=DGROUP  M=MEMSET     ACBP=48
 2D2D:5652 0000 C=BSS    S=_BSS           G=DGROUP  M=MOVEDATA   ACBP=48
 2D2D:5652 0000 C=BSS    S=_BSS           G=DGROUP  M=OPEN       ACBP=48
 2D2D:5652 0000 C=BSS    S=_BSS           G=DGROUP  M=OPENA      ACBP=48
 2D2D:5652 0001 C=BSS    S=_BSS           G=DGROUP  M=PUTC       ACBP=48
 2D2D:5654 0000 C=BSS    S=_BSS           G=DGROUP  M=READ       ACBP=48
 2D2D:5654 0000 C=BSS    S=_BSS           G=DGROUP  M=STRCAT     ACBP=48
 2D2D:5654 0000 C=BSS    S=_BSS           G=DGROUP  M=STRCMP     ACBP=48
 2D2D:5654 0000 C=BSS    S=_BSS           G=DGROUP  M=STRCPY     ACBP=48
 2D2D:5654 0000 C=BSS    S=_BSS           G=DGROUP  M=STRLEN     ACBP=48
 2D2D:5654 0000 C=BSS    S=_BSS           G=DGROUP  M=STRNCPY    ACBP=48
 2D2D:5654 0000 C=BSS    S=_BSS           G=DGROUP  M=WRITEA     ACBP=48
 2D2D:5654 0000 C=BSS    S=_BSS           G=DGROUP  M=FMEMCPY    ACBP=48
 2D2D:5654 0000 C=BSS    S=_BSS           G=DGROUP  M=FMEMSET    ACBP=48
 2D2D:5654 00A7 C=BSS    S=_BSS           G=DGROUP  M=SEARCHP    ACBP=48
 2D2D:56FC 8643 C=BSS    S=_COMDEF_       G=DGROUP  M=ID_SD.C    ACBP=48
 2D2D:DD3F 0000 C=BSSEND S=_BSSEND        G=DGROUP  M=c0.ASM     ACBP=28
 3B01:0000 0080 C=STACK  S=_STACK         G=(none)  M=c0.ASM     ACBP=74

  Address         Publics by Name

 105C:1D20 idle  CALCSTARPOS
 2D2D:0000 idle  DATASEG@
 0000:0293       DGROUP@
 105C:1E50 idle  DRAWLETTER
 0000:05DE       F_LDIV@
 0000:05ED idle  F_LMOD@
 0000:05E5 idle  F_LUDIV@
 0000:05F5 idle  F_LUMOD@
 0000:068C       F_LXLSH@
 0000:0567       F_LXMUL@
 0000:06AD       F_LXRSH@
 0000:06CD       F_LXURSH@
 0000:06EE       F_PADA@
 0000:0776       F_PADD@
 0000:057E       F_PCMP@
 0000:0732 idle  F_PSBA@
 0000:07D6       F_PSBP@
 0000:07A5 idle  F_PSUB@
 0000:059F       F_SCOPY@
 0000:0801       F_SPUSH@
 105C:1D51 idle  INITSTAR
 0000:05DE idle  LDIV@
 0000:05ED idle  LMOD@
 0000:05E5 idle  LUDIV@
 0000:05F5 idle  LUMOD@
 0000:068C idle  LXLSH@
 0000:0567 idle  LXMUL@
 0000:06AD idle  LXRSH@
 0000:06CD idle  LXURSH@
 0000:05DB idle  N_LDIV@
 0000:05EA idle  N_LMOD@
 0000:05E2 idle  N_LUDIV@
 0000:05F2 idle  N_LUMOD@
 0000:0689       N_LXLSH@
 0000:0941       N_LXMUL@
 0000:06AA idle  N_LXRSH@
 0000:06CA idle  N_LXURSH@
 0000:06EB idle  N_PADA@
 0000:0773       N_PADD@
 0000:0958       N_PCMP@
 0000:072F idle  N_PSBA@
 0000:07D3       N_PSBP@
 0000:07A2 idle  N_PSUB@
 0000:07FB idle  N_SPUSH@
 0000:06EE idle  PADA@
 0000:0776 idle  PADD@
 0000:057E idle  PCMP@
 0000:0732 idle  PSBA@
 0000:07D6 idle  PSBP@
 0000:07A5 idle  PSUB@
 105C:1CC0 idle  READPIXEL
 0000:059F idle  SCOPY@
 105C:1C7C idle  SIN_MUL
 0000:0801 idle  SPUSH@
 0000:027C       _abort
 2D2D:BF0E       _abortgame
 2D2D:DD19       _abortprogram
 2D2D:DC0F       _AdLibPresent
 105C:0105 idle  _AdvanceTerminatorCredit
 2D2D:C230       _aftersort
 2D2D:D48C       _allanims
 2D2D:00B0       _alOut
 20D1:0131       _alOut_original
 03A5:01B5 idle  _alOut_probe_on_first_run
 2D2D:4BC0       _alPort
 2D2D:C920       _animarray
 105C:03E5 idle  _AnimateTerminator
 2D2D:C91C       _animfreeptr
 2D2D:C91A       _animfreespot
 2D2D:C91E       _animhead
 2D2D:584A       _arrowdir
 0000:0297 idle  _atexit
 0000:2819 idle  _atoi
 0000:27A9       _atol
 2D2D:C258       _audiohandle
 2D2D:C075       _audiosegs
 2D2D:C25E       _audiostarts
 0E16:0952 idle  _BackPage
 03F0:793C idle  _BalloonSmirkyThink
 03F0:89C5 idle  _BandageThink
 2D2D:D624       _baseupdateptr
 2D2D:D61C       _baseupdatestart
 0000:2826       _bdos
 2D2D:C234       _beforesort
 2D2D:4CC8       _bestscore
 0000:10AC       _bioskey
 03F0:3B80 idle  _BirdAttackThink
 03F0:3DDF idle  _BirdContact
 03F0:4129 idle  _BirdEggContact
 03F0:4177 idle  _BirdEggReact
 03F0:3F06 idle  _BirdEggThink
 03F0:3A05 idle  _BirdFlyThink
 03F0:3D2E idle  _BirdLayEggThink
 03F0:3E80 idle  _BirdReact
 2D2D:C352       _blockstarts
 2D2D:C216       _bombonerror
 2D2D:BCAA       _bordercolor
 03F0:223F idle  _BounderContact
 03F0:208E idle  _BounderFloatThink
 03F0:2280 idle  _BounderReact
 03F0:7778 idle  _BrainFuclContact
 2D2D:3354       _brainfucled
 03F0:764A idle  _BrainFuclThink
 0000:1124 idle  _brk
 03F0:1267 idle  _BucketReact
 2D2D:4B66       _bufferheight
 2D2D:99C0       _bufferofs
 2D2D:B783       _bufferseg
 2D2D:4B64       _bufferwidth
 105C:1261 idle  _BuildScalers
 2D2D:BF5D       _button0held
 2D2D:BF5B       _button1held
 0E16:0977 idle  _CacheLayoutGraphics
 1B05:08F7 idle  _CAL_CacheSprite
 1B05:0220 idle  _CAL_CarmackExpand
 1B05:0987 idle  _CAL_ExpandGrChunk
 1B05:0073 idle  _CAL_GetGrChunkLength
 1B05:071C idle  _CAL_SetupAudioFile
 1B05:04FF idle  _CAL_SetupGrFile
 1B05:069A idle  _CAL_SetupMapFile
 2D2D:DD21       _cardstack
 1B05:07DA       _CA_CacheAudioChunk
 1B05:0A6B       _CA_CacheGrChunk
 1B05:0B95       _CA_CacheMap
 1B05:0F2F       _CA_CacheMarks
 1B05:0E37 idle  _CA_ClearAllMarks
 1B05:0E19       _CA_ClearMarks
 1B05:0068 idle  _CA_CloseDebug
 1B05:0DF6       _CA_DownLevel
 1B05:00C9       _CA_FarRead
 1B05:0110       _CA_FarWrite
 1B05:0EA2 idle  _CA_FreeGraphics
 1B05:0E55 idle  _CA_FreeMaps
 2D2D:9872       _ca_levelbit
 2D2D:B780       _ca_levelnum
 1B05:087F       _CA_LoadAllSounds
 1B05:01B4 idle  _CA_LoadFile
 1B05:004D idle  _CA_OpenDebug
 1B05:0157 idle  _CA_ReadFile
 1B05:031D idle  _CA_RLEWCompress
 1B05:044A idle  _CA_RLEWexpand
 1B05:0ECD       _CA_SetAllPurge
 1B05:0F04       _CA_SetGrPurge
 1B05:07BB       _CA_Shutdown
 1B05:079E       _CA_Startup
 1B05:0DDD       _CA_UpLevel
 03F0:4CCF idle  _CheckpointCapThink
 03F0:4E99       _CheckpointLoad
 03F0:4D80       _CheckpointSave
 03F0:4C95 idle  _CheckpointThink
 22CA:1827 idle  _CheckScore
 2D2D:C254       _chunkcomplen
 2D2D:C250       _chunkexplen
 2D2D:3184       _CK5_ItemPoints
 2D2D:31A0 idle  _CK5_ItemShadows
 2D2D:316A idle  _CK5_ItemSounds
 172F:1E44 idle  _CK_ActionThink
 2D2D:BF65       _ck_activeX0Tile
 2D2D:BF61       _ck_activeX1Tile
 2D2D:BF63       _ck_activeY0Tile
 2D2D:BF5F       _ck_activeY1Tile
 2D2D:01D0 idle  _CK_act_AxisPlatform
 2D2D:1CF2 idle  _CK_ACT_BalloonSmirky
 2D2D:1EB4 idle  _CK_ACT_Bandage
 2D2D:17F8 idle  _CK_ACT_BirdAttack
 2D2D:1870 idle  _CK_ACT_BirdEgg
 2D2D:1834 idle  _CK_ACT_BirdFall
 2D2D:1762 idle  _CK_ACT_BirdFly1
 2D2D:1780 idle  _CK_ACT_BirdFly2
 2D2D:179E idle  _CK_ACT_BirdFly3
 2D2D:17BC idle  _CK_ACT_BirdFly4
 2D2D:17DA idle  _CK_ACT_BirdFly5
 2D2D:1816 idle  _CK_ACT_BirdLayEgg
 2D2D:1852 idle  _CK_ACT_BirdStunned
 2D2D:10B4 idle  _CK_ACT_BounderFloat1
 2D2D:10F0 idle  _CK_ACT_BounderFloat1c
 2D2D:10D2 idle  _CK_ACT_BounderFloat2
 2D2D:110E idle  _CK_ACT_BounderFloat2c
 2D2D:112C idle  _CK_ACT_BounderStunned
 2D2D:1C98 idle  _CK_ACT_BrainFucl
 2D2D:0682 idle  _CK_ACT_Bucket
 2D2D:197E idle  _CK_ACT_Checkpoint
 2D2D:199C idle  _CK_ACT_CheckpointCap
 2D2D:0B14 idle  _CK_ACT_ChemCycle
 2D2D:0BAA idle  _CK_ACT_ChemHidden
 2D2D:0ABA idle  _CK_ACT_ChemLick1
 2D2D:0AD8 idle  _CK_ACT_ChemLick2
 2D2D:0AF6 idle  _CK_ACT_ChemLick3
 2D2D:0A9C idle  _CK_ACT_ChemLook
 2D2D:0A7E idle  _CK_ACT_ChemStand
 2D2D:0BC8 idle  _CK_ACT_ChemWarpIn1
 2D2D:0BE6 idle  _CK_ACT_ChemWarpIn2
 2D2D:0C04 idle  _CK_ACT_ChemWarpIn3
 2D2D:0C22 idle  _CK_ACT_ChemWarpIn4
 2D2D:0B32 idle  _CK_ACT_ChemWarpOut1
 2D2D:0B50 idle  _CK_ACT_ChemWarpOut2
 2D2D:0B6E idle  _CK_ACT_ChemWarpOut3
 2D2D:0B8C idle  _CK_ACT_ChemWarpOut4
 2D2D:1B2C idle  _CK_ACT_CloneAnimation
 2D2D:1B0E idle  _CK_ACT_CloneMachine
 2D2D:1B4A idle  _CK_ACT_CloneObj
 2D2D:16CC idle  _CK_ACT_Cloud
 2D2D:1B86 idle  _CK_ACT_CoronaBall
 2D2D:1B68 idle  _CK_ACT_CoronaPlant
 2D2D:06A0 idle  _CK_ACT_CouncilMop0
 2D2D:06BE idle  _CK_ACT_CouncilMop1
 2D2D:06DC idle  _CK_ACT_CouncilTurn0
 2D2D:06FA idle  _CK_ACT_CouncilTurn1
 2D2D:0646 idle  _CK_ACT_CouncilWalk0
 2D2D:0664 idle  _CK_ACT_CouncilWalk1
 2D2D:1C3E idle  _CK_ACT_CrabCeiling
 2D2D:1C5C idle  _CK_ACT_CrabFall
 2D2D:1C02 idle  _CK_ACT_CrabFloor
 2D2D:1C7A idle  _CK_ACT_CrabTurn
 2D2D:1C20 idle  _CK_ACT_CrabWall
 2D2D:18E8 idle  _CK_ACT_CrocJump
 2D2D:1924 idle  _CK_ACT_CrocSnap
 2D2D:1906 idle  _CK_ACT_CrocTrap
 2D2D:18CA idle  _CK_ACT_CrocWalk
 2D2D:3376 idle  _CK_ACT_DemoSign
 2D2D:1CD4 idle  _CK_ACT_Donut
 2D2D:1EF0 idle  _CK_ACT_DonutCloud
 2D2D:00C8       _CK_ACT_DoorOpen1
 2D2D:00E6       _CK_ACT_DoorOpen2
 2D2D:0104       _CK_ACT_DoorOpen3
 2D2D:28BE idle  _CK_ACT_dreamBubble
 2D2D:0A06 idle  _CK_ACT_DungBeetle1
 2D2D:0A24 idle  _CK_ACT_DungBeetle2
 2D2D:0A42 idle  _CK_ACT_DungBeetle3
 2D2D:0A60 idle  _CK_ACT_DungBeetle4
 2D2D:1A50 idle  _CK_ACT_Efree
 2D2D:188E idle  _CK_ACT_EggPiece
 2D2D:1E00 idle  _CK_ACT_Fallblock
 2D2D:01EE idle  _CK_ACT_FallPlat0
 2D2D:020C idle  _CK_ACT_FallPlat1
 2D2D:022A idle  _CK_ACT_FallPlat2
 2D2D:1D6A idle  _CK_ACT_Frog
 2D2D:1D10 idle  _CK_ACT_Fungus
 2D2D:1D2E idle  _CK_ACT_FungusFall
 2D2D:1618 idle  _CK_ACT_GGhostIdle
 2D2D:0122 idle  _CK_act_item
 2D2D:314C       _CK_ACT_itemNotify
 2D2D:1F0E idle  _CK_ACT_JediBoot
 2D2D:260C       _CK_ACT_keenBored1
 2D2D:262A       _CK_ACT_keenBored2
 2D2D:2648       _CK_ACT_keenBored3
 2D2D:2666       _CK_ACT_keenBored4
 2D2D:2684       _CK_ACT_keenBored5
 2D2D:26A2       _CK_ACT_keenBored6
 2D2D:1CB6 idle  _CK_ACT_KeenBrainFucled
 2D2D:3220 idle  _CK_ACT_keenBurn
 2D2D:28FA       _CK_ACT_keenDie0
 2D2D:2918       _CK_ACT_keenDie1
 2D2D:2828 idle  _CK_ACT_keenDream
 2D2D:2846 idle  _CK_ACT_keenDream2
 2D2D:3202 idle  _CK_ACT_keenDrown
 2D2D:3002       _CK_ACT_keenEnterDoor1
 2D2D:3020       _CK_ACT_keenEnterDoor2
 2D2D:303E       _CK_ACT_keenEnterDoor3
 2D2D:305C       _CK_ACT_keenEnterDoor4
 2D2D:307A       _CK_ACT_keenEnterDoor5
 2D2D:3098       _CK_ACT_keenEnterDoor6
 2D2D:30B6       _CK_ACT_keenEnteredDoor
 2D2D:1AAA       _CK_ACT_keenEnterMachine
 2D2D:2A62       _CK_ACT_keenFall1
 2D2D:2A80       _CK_ACT_keenFall2
 2D2D:2864 idle  _CK_ACT_keenGetUp
 2D2D:2882 idle  _CK_ACT_keenGetUp2
 2D2D:28A0 idle  _CK_ACT_keenGetUp3
 2D2D:27CE idle  _CK_ACT_keenGoToSleep1
 2D2D:27EC idle  _CK_ACT_keenGoToSleep2
 2D2D:280A idle  _CK_ACT_keenGoToSleep3
 2D2D:2C06       _CK_ACT_keenHang1
 2D2D:2C24       _CK_ACT_keenHang2
 2D2D:25EE       _CK_ACT_keenIdle
 2D2D:2A26       _CK_ACT_keenJump1
 2D2D:2A44       _CK_ACT_keenJump2
 2D2D:2A9E       _CK_ACT_keenJumpShoot1
 2D2D:2ABC       _CK_ACT_keenJumpShoot2
 2D2D:2ADA       _CK_ACT_keenJumpShoot3
 2D2D:2B52       _CK_ACT_keenJumpShootDown1
 2D2D:2B70       _CK_ACT_keenJumpShootDown2
 2D2D:2B8E       _CK_ACT_keenJumpShootDown3
 2D2D:2AF8       _CK_ACT_keenJumpShootUp1
 2D2D:2B16       _CK_ACT_keenJumpShootUp2
 2D2D:2B34       _CK_ACT_keenJumpShootUp3
 2D2D:1DA6 idle  _CK_ACT_KeenLook
 2D2D:2576       _CK_ACT_keenLookDown1
 2D2D:2594       _CK_ACT_keenLookDown2
 2D2D:25B2       _CK_ACT_keenLookDown3
 2D2D:25D0       _CK_ACT_keenLookDown4
 2D2D:253A       _CK_ACT_keenLookUp1
 2D2D:2558       _CK_ACT_keenLookUp2
 2D2D:1AC8       _CK_ACT_keenMindcontrol
 2D2D:1E96 idle  _CK_ACT_KeenMummy
 2D2D:28DC       _CK_ACT_keenNot
 2D2D:5700       _CK_ACT_KeenNull
 2D2D:582C       _CK_ACT_keenOpenBook1
 2D2D:580E       _CK_ACT_keenOpenBook2
 2D2D:57F0       _CK_ACT_keenOpenBook3
 2D2D:57D2       _CK_ACT_keenOpenBook4
 2D2D:2FA8       _CK_ACT_keenPlaceGem
 2D2D:2BAC       _CK_ACT_keenPogo1
 2D2D:2BCA       _CK_ACT_keenPogo2
 2D2D:2BE8       _CK_ACT_keenPogo3
 2D2D:2D50       _CK_ACT_keenPoleDown1
 2D2D:2D6E       _CK_ACT_keenPoleDown2
 2D2D:2D8C       _CK_ACT_keenPoleDown3
 2D2D:2DAA       _CK_ACT_keenPoleDown4
 2D2D:2DC8 idle  _CK_ACT_keenPoleShoot0
 2D2D:2DE6       _CK_ACT_keenPoleShoot1
 2D2D:2E04       _CK_ACT_keenPoleShoot2
 2D2D:2E7C idle  _CK_ACT_keenPoleShootDown0
 2D2D:2E9A       _CK_ACT_keenPoleShootDown1
 2D2D:2EB8       _CK_ACT_keenPoleShootDown2
 2D2D:2E22 idle  _CK_ACT_keenPoleShootUp0
 2D2D:2E40       _CK_ACT_keenPoleShootUp1
 2D2D:2E5E       _CK_ACT_keenPoleShootUp2
 2D2D:2CD8       _CK_ACT_keenPoleSit
 2D2D:2CF6       _CK_ACT_keenPoleUp1
 2D2D:2D14       _CK_ACT_keenPoleUp2
 2D2D:2D32       _CK_ACT_keenPoleUp3
 2D2D:2FC6       _CK_ACT_keenPressSwitch1
 2D2D:2FE4       _CK_ACT_keenPressSwitch2
 2D2D:2C42       _CK_ACT_keenPull1
 2D2D:2C60       _CK_ACT_keenPull2
 2D2D:2C7E       _CK_ACT_keenPull3
 2D2D:2C9C       _CK_ACT_keenPull4
 2D2D:2CBA       _CK_ACT_keenPull5
 2D2D:57B4       _CK_ACT_keenReadBook1
 2D2D:5796       _CK_ACT_keenReadBook2
 2D2D:5778       _CK_ACT_keenReadBook3
 2D2D:251C       _CK_ACT_keenRidePlatform
 2D2D:2936       _CK_ACT_keenRun1
 2D2D:2954       _CK_ACT_keenRun2
 2D2D:2972       _CK_ACT_keenRun3
 2D2D:2990       _CK_ACT_keenRun4
 2D2D:29AE       _CK_ACT_keenShoot1
 2D2D:29CC       _CK_ACT_keenShoot2
 2D2D:29EA       _CK_ACT_keenShootUp1
 2D2D:2A08       _CK_ACT_keenShootUp2
 2D2D:2ED6       _CK_ACT_keenShot1
 2D2D:2EF4       _CK_ACT_keenShot2
 2D2D:2F12       _CK_ACT_keenShot3
 2D2D:2F30       _CK_ACT_keenShot4
 2D2D:2F4E       _CK_ACT_keenShotHit1
 2D2D:2F6C       _CK_ACT_keenShotHit2
 2D2D:1DC4       _CK_ACT_KeenShrug
 2D2D:30D4 idle  _CK_ACT_keenSink
 2D2D:2F8A       _CK_ACT_keenSlide
 2D2D:1F2C idle  _CK_ACT_KeenSmoke
 2D2D:24FE       _CK_ACT_keenStanding
 2D2D:575A       _CK_ACT_keenStowBook1
 2D2D:573C       _CK_ACT_keenStowBook2
 2D2D:571E       _CK_ACT_keenStowBook3
 2D2D:30F2       _CK_ACT_keenStunned1
 2D2D:3110       _CK_ACT_keenStunned2
 2D2D:312E idle  _CK_ACT_keenStunned3
 2D2D:31E4 idle  _CK_ACT_keenUseAmmoStation
 2D2D:26C0 idle  _CK_ACT_keenYawn1
 2D2D:26DE idle  _CK_ACT_keenYawn2
 2D2D:26FC idle  _CK_ACT_keenYawn3
 2D2D:271A idle  _CK_ACT_keenYawn4
 2D2D:2738 idle  _CK_ACT_keenYawn5
 2D2D:2756 idle  _CK_ACT_keenYawn6
 2D2D:2774 idle  _CK_ACT_keenYawn7
 2D2D:2792 idle  _CK_ACT_keenYawn8
 2D2D:27B0 idle  _CK_ACT_keenYawn9
 2D2D:150A idle  _CK_ACT_KittenBlow1
 2D2D:1528 idle  _CK_ACT_KittenBlow2
 2D2D:1546 idle  _CK_ACT_KittenBlow3
 2D2D:13FC idle  _CK_ACT_KittenIdle1
 2D2D:141A idle  _CK_ACT_KittenMeow1
 2D2D:1438 idle  _CK_ACT_KittenMeow2
 2D2D:1456 idle  _CK_ACT_KittenMeow3
 2D2D:1474 idle  _CK_ACT_KittenRoll1
 2D2D:1492 idle  _CK_ACT_KittenRoll2
 2D2D:14B0 idle  _CK_ACT_KittenRoll3
 2D2D:14CE idle  _CK_ACT_KittenRoll4
 2D2D:14EC idle  _CK_ACT_KittenRoll5
 2D2D:1564 idle  _CK_ACT_KittenSmoke1
 2D2D:1582 idle  _CK_ACT_KittenSmoke2
 2D2D:15A0 idle  _CK_ACT_KittenSmoke3
 2D2D:15BE idle  _CK_ACT_KittenSmoke4
 2D2D:15DC idle  _CK_ACT_KittenSmoke5
 2D2D:15FA idle  _CK_ACT_KittenSmoke6
 2D2D:19F6 idle  _CK_ACT_LeaveaFall
 2D2D:19D8 idle  _CK_ACT_LeaveaTree
 2D2D:1A14 idle  _CK_ACT_LeaveaWalk
 2D2D:1ED2 idle  _CK_ACT_LemonShark
 2D2D:0718 idle  _CK_ACT_Lindsey0
 2D2D:0736 idle  _CK_ACT_Lindsey1
 2D2D:0754 idle  _CK_ACT_Lindsey2
 2D2D:0772 idle  _CK_ACT_Lindsey3
 2D2D:0C40 idle  _CK_ACT_Log
 2D2D:2152 idle  _CK_ACT_MapFlag0
 2D2D:2170 idle  _CK_ACT_MapFlag1
 2D2D:218E idle  _CK_ACT_MapFlag2
 2D2D:21AC idle  _CK_ACT_MapFlag3
 2D2D:2134 idle  _CK_ACT_MapFlagRise
 2D2D:202C idle  _CK_ACT_MapKeenStart
 2D2D:20E0 idle  _CK_ACT_MapKeenWalk0
 2D2D:204A idle  _CK_ACT_MapKeenWave0
 2D2D:2068 idle  _CK_ACT_MapKeenWave1
 2D2D:2086 idle  _CK_ACT_MapKeenWave2
 2D2D:20A4 idle  _CK_ACT_MapKeenWave3
 2D2D:20C2 idle  _CK_ACT_MapKeenWave4
 2D2D:20FE idle  _CK_ACT_MapShip
 2D2D:1726 idle  _CK_ACT_MoletDig
 2D2D:16EA idle  _CK_ACT_MoletDirt
 2D2D:1744 idle  _CK_ACT_MoletFall
 2D2D:1708 idle  _CK_ACT_MoletWalk
 2D2D:1E5A idle  _CK_ACT_Mummy
 2D2D:1E78 idle  _CK_ACT_MummyLook
 2D2D:1E3C idle  _CK_ACT_MummySpawner
 2D2D:1BA4 idle  _CK_ACT_Nipnap
 2D2D:1A6E idle  _CK_ACT_Nisasi
 2D2D:1F4A idle  _CK_ACT_Null
 2D2D:1E1E idle  _CK_ACT_Obelisk
 2D2D:1A8C idle  _CK_ACT_Page
 2D2D:1D88 idle  _CK_ACT_PageWalk
 2D2D:0592 idle  _CK_ACT_PatPatD0
 2D2D:05B0 idle  _CK_ACT_PatPatD1
 2D2D:05CE idle  _CK_ACT_PatPatD2
 2D2D:05EC idle  _CK_ACT_PatPatU0
 2D2D:060A idle  _CK_ACT_PatPatU1
 2D2D:0628 idle  _CK_ACT_PatPatU2
 2D2D:12D0 idle  _CK_ACT_PoleknawelFall
 2D2D:12EE idle  _CK_ACT_PoleknawelLand
 2D2D:130C idle  _CK_ACT_PoleknawelLook
 2D2D:1276 idle  _CK_ACT_PoleknawelPole1
 2D2D:1294 idle  _CK_ACT_PoleknawelPole2
 2D2D:13C0 idle  _CK_ACT_PoleknawelPool1
 2D2D:13DE idle  _CK_ACT_PoleknawelPool2
 2D2D:1366 idle  _CK_ACT_PoleknawelPoop
 2D2D:1384 idle  _CK_ACT_PoleknawelShot1
 2D2D:13A2 idle  _CK_ACT_PoleknawelShot2
 2D2D:12B2 idle  _CK_ACT_PoleknawelThrow
 2D2D:132A idle  _CK_ACT_PoleknawelWalk1
 2D2D:1348 idle  _CK_ACT_PoleknawelWalk2
 2D2D:1DE2 idle  _CK_ACT_Quicksand
 2D2D:1636 idle  _CK_ACT_Roots
 2D2D:0C7C idle  _CK_ACT_SalamanderLick1
 2D2D:0C5E idle  _CK_ACT_SalamanderStand
 2D2D:0C9A idle  _CK_ACT_SalamanderVanish1
 2D2D:0DA8 idle  _CK_ACT_SalamanderVanish10
 2D2D:0CB8 idle  _CK_ACT_SalamanderVanish2
 2D2D:0CD6 idle  _CK_ACT_SalamanderVanish3
 2D2D:0CF4 idle  _CK_ACT_SalamanderVanish4
 2D2D:0D12 idle  _CK_ACT_SalamanderVanish5
 2D2D:0D30 idle  _CK_ACT_SalamanderVanish6
 2D2D:0D4E idle  _CK_ACT_SalamanderVanish7
 2D2D:0D6C idle  _CK_ACT_SalamanderVanish8
 2D2D:0D8A idle  _CK_ACT_SalamanderVanish9
 2D2D:3358 idle  _CK_ACT_ScoreBox
 2D2D:0FA6 idle  _CK_ACT_Shrubbery
 2D2D:1096 idle  _CK_ACT_ShrubberyFall
 2D2D:0FC4 idle  _CK_ACT_ShrubberyLook1
 2D2D:0FE2 idle  _CK_ACT_ShrubberyLook2
 2D2D:1000 idle  _CK_ACT_ShrubberyLook5
 2D2D:1078 idle  _CK_ACT_ShrubberySitDown
 2D2D:101E idle  _CK_ACT_ShrubberyStandUp
 2D2D:103C idle  _CK_ACT_ShrubberyWalk1
 2D2D:105A idle  _CK_ACT_ShrubberyWalk2
 2D2D:033A idle  _CK_ACT_SkypestFly0
 2D2D:0358 idle  _CK_ACT_SkypestFly1
 2D2D:0394 idle  _CK_ACT_SkypestPreen0
 2D2D:03B2 idle  _CK_ACT_SkypestPreen1
 2D2D:04C0 idle  _CK_ACT_SkypestPreen10
 2D2D:04DE idle  _CK_ACT_SkypestPreen11
 2D2D:04FC idle  _CK_ACT_SkypestPreen12
 2D2D:051A idle  _CK_ACT_SkypestPreen13
 2D2D:0538 idle  _CK_ACT_SkypestPreen14
 2D2D:0556 idle  _CK_ACT_SkypestPreen15
 2D2D:0574 idle  _CK_ACT_SkypestPreen16
 2D2D:03D0 idle  _CK_ACT_SkypestPreen2
 2D2D:03EE idle  _CK_ACT_SkypestPreen3
 2D2D:040C idle  _CK_ACT_SkypestPreen4
 2D2D:042A idle  _CK_ACT_SkypestPreen5
 2D2D:0448 idle  _CK_ACT_SkypestPreen6
 2D2D:0466 idle  _CK_ACT_SkypestPreen7
 2D2D:0484 idle  _CK_ACT_SkypestPreen8
 2D2D:04A2 idle  _CK_ACT_SkypestPreen9
 2D2D:0376 idle  _CK_ACT_SkypestSquish0
 2D2D:1AE6 idle  _CK_ACT_SlideDoor
 2D2D:031A idle  _CK_ACT_SlugFall
 2D2D:0248 idle  _CK_ACT_SlugMove0
 2D2D:0266 idle  _CK_ACT_SlugMove1
 2D2D:02DE idle  _CK_ACT_SlugSlime0
 2D2D:02FC idle  _CK_ACT_SlugSlimeEvap0
 2D2D:0284 idle  _CK_ACT_SlugSliming0
 2D2D:02A2 idle  _CK_ACT_SlugStunned0
 2D2D:02C0 idle  _CK_ACT_SlugStunned1
 2D2D:19BA       _CK_ACT_Smoke
 2D2D:18AC idle  _CK_ACT_SneakyTree
 2D2D:01B2 idle  _CK_ACT_StandPlatform
 2D2D:1960       _CK_ACT_Swallowed
 2D2D:1168 idle  _CK_ACT_TentacleAttack1
 2D2D:1186 idle  _CK_ACT_TentacleAttack2
 2D2D:11A4 idle  _CK_ACT_TentacleAttack3
 2D2D:11C2 idle  _CK_ACT_TentacleAttack4
 2D2D:11E0 idle  _CK_ACT_TentacleAttack5
 2D2D:11FE idle  _CK_ACT_TentacleAttack6
 2D2D:121C idle  _CK_ACT_TentacleAttack7
 2D2D:123A idle  _CK_ACT_TentacleAttack8
 2D2D:1258 idle  _CK_ACT_TentacleAttack9
 2D2D:1942 idle  _CK_ACT_TentacleNest
 2D2D:114A idle  _CK_ACT_TentacleWait
 2D2D:16AE idle  _CK_ACT_TinyYetiJump
 2D2D:1690 idle  _CK_ACT_TinyYetiRoll
 2D2D:0140       _CK_ACT_VitalinNotify1
 2D2D:015E idle  _CK_ACT_VitalinNotify2
 2D2D:017C idle  _CK_ACT_VitalinNotify3
 2D2D:1A32 idle  _CK_ACT_Warble
 2D2D:1D4C idle  _CK_ACT_WorldNessie
 2D2D:0DC6 idle  _CK_ACT_Wormouth
 2D2D:0ED4 idle  _CK_ACT_WormouthBite1
 2D2D:0EF2 idle  _CK_ACT_WormouthBite2
 2D2D:0F10 idle  _CK_ACT_WormouthBite3
 2D2D:0F2E idle  _CK_ACT_WormouthBite4
 2D2D:0F4C idle  _CK_ACT_WormouthBite5
 2D2D:0F88 idle  _CK_ACT_WormouthFall
 2D2D:0DE4 idle  _CK_ACT_WormouthLook1
 2D2D:0E02 idle  _CK_ACT_WormouthLook2
 2D2D:0E20 idle  _CK_ACT_WormouthLook3
 2D2D:0E3E idle  _CK_ACT_WormouthLook4
 2D2D:0E5C idle  _CK_ACT_WormouthLook5
 2D2D:0E7A idle  _CK_ACT_WormouthLook6
 2D2D:0E98 idle  _CK_ACT_WormouthLook7
 2D2D:0EB6 idle  _CK_ACT_WormouthLook8
 2D2D:0F6A idle  _CK_ACT_WormouthStunned
 2D2D:0808 idle  _CK_ACT_XkyLickFlame0
 2D2D:0826 idle  _CK_ACT_XkyLickFlame1
 2D2D:0844 idle  _CK_ACT_XkyLickFlame2
 2D2D:0862 idle  _CK_ACT_XkyLickFlame3
 2D2D:0880 idle  _CK_ACT_XkyLickFlame4
 2D2D:089E idle  _CK_ACT_XkyLickFlame5
 2D2D:08BC idle  _CK_ACT_XkyLickFlame6
 2D2D:08DA idle  _CK_ACT_XkyLickFlame7
 2D2D:0790 idle  _CK_ACT_XkyLickHop0
 2D2D:07AE idle  _CK_ACT_XkyLickHop1
 2D2D:07CC idle  _CK_ACT_XkyLickHop2
 2D2D:07EA idle  _CK_ACT_XkyLickHop3
 2D2D:09AC idle  _CK_ACT_XkyLickSearch0
 2D2D:09CA idle  _CK_ACT_XkyLickSearch1
 2D2D:09E8 idle  _CK_ACT_XkyLickShroomed
 2D2D:0934 idle  _CK_ACT_XkyLickShuffle0
 2D2D:0952 idle  _CK_ACT_XkyLickShuffle1
 2D2D:0970 idle  _CK_ACT_XkyLickShuffle2
 2D2D:098E idle  _CK_ACT_XkyLickShuffle3
 2D2D:08F8 idle  _CK_ACT_XkyLickStunned0
 2D2D:0916 idle  _CK_ACT_XkyLickStunned1
 2D2D:1672 idle  _CK_ACT_YetiCloud
 2D2D:1654 idle  _CK_ACT_YetiStand
 03F0:0609 idle  _CK_AxisPlatform
 03F0:011F       _CK_BasicDrawFunc1
 03F0:0147 idle  _CK_BasicDrawFunc2
 03F0:01BB idle  _CK_BasicDrawFunc3
 03F0:0285 idle  _CK_BasicDrawFunc4
 0EF6:095B       _CK_BeginCacheBox
 0CC7:0ECD       _CK_BonusLevelDialog
 1261:328C idle  _CK_BurnKeen
 15D6:0006       _CK_CalcTileClipRects
 172F:2266       _CK_CentreCamera
 172F:1722 idle  _CK_CheckKeys
 03F0:1967 idle  _CK_ChemContact
 03F0:17C0 idle  _CK_ChemCountdown
 03F0:1851 idle  _CK_ChemCycleThink
 03F0:1896 idle  _CK_ChemHiddenThink
 03F0:1920 idle  _CK_ChemRide
 03F0:1812 idle  _CK_ChemStandThink
 15D6:0D7A       _CK_ClipToSprite
 0EF6:0DA9 idle  _CK_ContinueMenu
 03F0:639D idle  _CK_ControlPage
 03F0:11D8 idle  _CK_CouncilContact
 03F0:11AB idle  _CK_CouncilMop
 03F0:1231 idle  _CK_CouncilReact
 03F0:118F idle  _CK_CouncilWalk
 2D2D:BC76       _ck_currentTerminatorCredit
 2D2D:BC59       _ck_currentTermPicHalfWidth
 2D2D:BC5B       _ck_currentTermPicHeight
 2D2D:BC5F       _ck_currentTermPicNextLineDist
 2D2D:BC70       _ck_currentTermPicSeg
 2D2D:BC5D       _ck_currentTermPicSize
 2D2D:BC78       _ck_currentTermPicStartTime
 2D2D:BC7A       _ck_currentTermPicTimeRemaining
 2D2D:BC57       _ck_currentTermPicWidth
 15D6:009C idle  _CK_CustomClipRects
 03F0:00E9 idle  _CK_DeadlyCol
 03F0:010B idle  _CK_DeadlyCol2
 172F:149E idle  _CK_DebugKeys
 0EF6:08EC       _CK_DefaultPalette
 2D2D:BF20       _ck_deltaRects
 2D2D:BF55       _ck_demoParm
 172F:0067 idle  _CK_DemoSign
 0CC7:0A2D idle  _CK_DialogEnter
 0CC7:0A3D idle  _CK_DialogExit
 0CC7:09E4 idle  _CK_DialogThumbsUp
 105C:1C63       _CK_DoHighScores
 03F0:0383 idle  _CK_DoorOpen
 03F0:03EA       _CK_DoorsActive
 172F:0BA2 idle  _CK_DrawDetectorWindow
 105C:1955       _CK_DrawHighscores
 172F:0673 idle  _CK_DrawLongRight
 105C:1720       _CK_DrawStarWars
 172F:07E8 idle  _CK_DrawStatusWindow
 172F:070F idle  _CK_DrawStatusWindowBackground
 105C:0F3D       _CK_DrawTerminator
 1261:1C65 idle  _CK_DreamReact
 1261:1AC1 idle  _CK_DreamThink
 03F0:5E05       _CK_DropNisasi
 1261:30C7 idle  _CK_DrownKeen
 03F0:5641       _CK_EfreeGrabKeen
 0EF6:08B8 idle  _CK_FadeIn
 0EF6:08D9       _CK_FadeOut
 03F0:0061       _CK_Fall
 03F0:008A idle  _CK_Fall2
 03F0:0958 idle  _CK_FallPlatFall
 03F0:09C2 idle  _CK_FallPlatRise
 03F0:0926 idle  _CK_FallPlatSit
 03F0:0236 idle  _CK_FallReact
 03F0:635A       _CK_FindPageObj
 0EF6:0AAD       _CK_FinishCacheBox
 172F:00FF       _CK_ForceScoreboxUpdate
 2D2D:956A       _ck_freeObject
 0EF6:129B       _CK_GameLoop
 0EF6:00D9 idle  _CK_GameOver
 2D2D:BF53       _ck_gamePadEnabled
 2D2D:95E0       _ck_gameState
 172F:1D8D       _CK_GetNewObj
 1261:049C idle  _CK_GetVitalin
 03F0:00B3 idle  _CK_Glide
 105C:002E       _CK_HandleDemoKeys
 172F:1AF6 idle  _CK_HandleInput
 1261:14BA idle  _CK_HandleInputOnGround
 2D2D:21CA idle  _ck_helpScreenChunks
 2D2D:98F9       _ck_helpSelection
 1261:0299 idle  _CK_IncreaseScore
 2D2D:21E6       _ck_inHighScores
 2D2D:956C       _ck_inputFrame
 2D2D:BC7E       _ck_introCommanderWidth
 2D2D:BC7C       _ck_introScreenWidth
 172F:145F idle  _CK_ItemCheat
 2D2D:019A idle  _CK_ItemSpriteChunks
 0CC7:0A4D       _CK_JanitorDialog
 0CC7:0CD5       _CK_JanitorNisasiDialog
 0CC7:0C75       _CK_JanitorSleepMonolog
 0CC7:0CBA       _CK_JanitorStunnedMonolog
 172F:1895       _CK_Jukebox
 1261:3347 idle  _CK_KeenBurnReact
 1261:32FA idle  _CK_KeenBurnThink
 1261:056F       _CK_KeenCheckSpecialTileInfo
 1261:000A       _CK_KeenColFunc
 1261:2651 idle  _CK_KeenDeathThink
 1261:1834       _CK_KeenDrawFunc
 1261:1A8A idle  _CK_KeenDreamThink
 1261:3203 idle  _CK_KeenDrownThink
 1261:10EA idle  _CK_KeenEnterDoor
 1261:1082 idle  _CK_KeenEnterDoor0
 1261:108F idle  _CK_KeenEnterDoor1
 1261:2F42 idle  _CK_KeenFall
 0DBA:059A idle  _CK_KeenFlagReact
 0DBA:054D idle  _CK_KeenFlagRise
 1261:03C7 idle  _CK_KeenGetTileItem
 1261:04D9 idle  _CK_KeenGetTileVitalin
 1261:259F idle  _CK_KeenHangThink
 1261:309A       _CK_KeenIsDead
 1261:2715 idle  _CK_KeenIsOverPole
 1261:1E53 idle  _CK_KeenJumpDrawFunc
 1261:1CD4 idle  _CK_KeenJumpThink
 1261:16F6 idle  _CK_KeenLookDownThink
 1261:16B0 idle  _CK_KeenLookUpThink
 2D2D:951C       _ck_keenObj
 1261:1135 idle  _CK_KeenPlaceGem
 1261:219C idle  _CK_KeenPogoBounceThink
 1261:23AF idle  _CK_KeenPogoDrawFunc
 1261:21CD idle  _CK_KeenPogoThink
 1261:2A49 idle  _CK_KeenPoleDownDrawFunc
 1261:29B4 idle  _CK_KeenPoleDownThink
 1261:2764 idle  _CK_KeenPoleHandleInput
 2D2D:31CC idle  _ck_KeenPoleOffs
 1261:294B idle  _CK_KeenPoleShootThink
 1261:2846 idle  _CK_KeenPoleSitThink
 1261:28D7 idle  _CK_KeenPoleUpThink
 1261:0D05 idle  _CK_KeenPressSwitchThink
 1261:0D8C idle  _CK_KeenPressUp
 1261:25F5 idle  _CK_KeenPullThink1
 1261:2613 idle  _CK_KeenPullThink2
 1261:262C idle  _CK_KeenPullThink3
 1261:2637 idle  _CK_KeenPullThink4
 1261:1CA8 idle  _CK_KeenReadThink
 1261:11EA       _CK_KeenRidePlatform
 1261:18D2 idle  _CK_KeenRunDrawFunc
 1261:1354       _CK_KeenRunningThink
 2D2D:31BC       _ck_KeenRunXVels
 1261:3371 idle  _CK_KeenSink
 1261:1022 idle  _CK_KeenSlide
 1261:2D9E idle  _CK_KeenSpawnShot
 1261:251D idle  _CK_KeenSpecialColFunc
 1261:2577 idle  _CK_KeenSpecialDrawFunc
 1261:15DD       _CK_KeenStandingThink
 1261:1A5A idle  _CK_KeenStartDream
 2D2D:957C       _ck_keenState
 1261:302B idle  _CK_KeenStunnedReact
 1261:3019 idle  _CK_KeenStunnedRecover
 1261:109C       _CK_KeenTeleport
 1261:230B idle  _CK_KeenToggleTrapDoor
 1261:1299 idle  _CK_KeenTryClimbPole
 1261:0D1C idle  _CK_KeenUseAmmoStation
 1261:267D       _CK_KillKeen
 1261:2686       _CK_KillKeenEx
 2D2D:99C2       _ck_lastLevelFinished
 2D2D:98DD       _ck_lastObject
 0EF6:08FF       _CK_LevelPalette
 2D2D:966E       _ck_levelState
 0CC7:0D26       _CK_LindseyDialog
 03F0:12F5 idle  _CK_LindseyFloat
 03F0:1347 idle  _CK_LindseyReact
 03F0:1369       _CK_LindseyVanish
 0EF6:10E9       _CK_LoadLevel
 03F0:1ABC idle  _CK_LogReact
 03F0:19FF idle  _CK_LogThink
 2D2D:1FCA idle  _ck_lumpEnds
 2D2D:987B       _ck_lumpsNeeded
 2D2D:1F68 idle  _ck_lumpStarts
 105C:000C       _CK_MainMenu
 172F:22C6 idle  _CK_MapCamera
 0DBA:04A8       _CK_MapFlagSpawn
 0DBA:0376 idle  _CK_MapKeenStill
 0DBA:03B3 idle  _CK_MapKeenWalk
 0EF6:0FAA idle  _CK_MapLevelMarkAsDone
 0DBA:0457       _CK_MapMiscFlagsCheck
 0DBA:012F idle  _CK_MapShipThink
 2D2D:9598       _ck_mapState
 159C:0000       _CK_MeasureMultiline
 0CC7:0D86       _CK_MiscDialog
 0EF6:009A       _CK_NewGame
 2D2D:9596       _ck_nextX
 2D2D:9594       _ck_nextY
 03F0:56D8 idle  _CK_NisasiLetGo
 172F:2378 idle  _CK_NormalCamera
 15D6:060A       _CK_NotStuckInWall
 2D2D:99C6       _ck_numObjects
 2D2D:99C8       _ck_objArray
 03F0:00DF       _CK_ObjBadState
 03F0:5E46       _CK_ObjDropNisasi
 15D6:10CD       _CK_ObjectVisible
 2D2D:BF34       _ck_oldRects
 1261:09FE idle  _CK_OpenDoubleDoor
 1261:0945 idle  _CK_OpenGemDoor
 105C:1AC0 idle  _CK_OverlayHighScores
 1261:0ADE idle  _CK_ParseToggleStack
 03F0:1054 idle  _CK_PatPatThink
 15D6:1370       _CK_PhysAccelHorz
 15D6:14D1       _CK_PhysAccelVert
 15D6:07A8 idle  _CK_PhysClipHorz
 15D6:066C idle  _CK_PhysClipVert
 15D6:1277       _CK_PhysDampHorz
 15D6:130F       _CK_PhysDampHorz2
 15D6:1439       _CK_PhysDampVert
 15D6:0AB6       _CK_PhysFullClipToWalls
 15D6:1110       _CK_PhysGravityEasyKeen
 15D6:116A       _CK_PhysGravityHigh
 15D6:120C       _CK_PhysGravityLow
 15D6:11BB       _CK_PhysGravityMid
 15D6:0206 idle  _CK_PhysKeenClipDown
 15D6:0415 idle  _CK_PhysKeenClipUp
 15D6:0C8A       _CK_PhysPushX
 15D6:0D10       _CK_PhysPushY
 15D6:0895       _CK_PhysUpdateNormalObj
 15D6:0C1C       _CK_PhysUpdateSimpleObj
 15D6:01AA       _CK_PhysUpdateX
 15D6:01DE       _CK_PhysUpdateY
 03F0:07B0 idle  _CK_PlatformDraw
 105C:1875       _CK_PlayDemo
 172F:272C       _CK_PlayLoop
 2D2D:BF51       _ck_pogoTimer
 03F0:0514 idle  _CK_PointItem
 172F:1DF1       _CK_RemoveObj
 172F:1CDA idle  _CK_RemoveSprite
 15D6:004B       _CK_ResetClipRects
 0EF6:06B6       _CK_ResetGame
 172F:1F72 idle  _CK_RunAction
 03F0:1B54 idle  _CK_SalamanderThink
 0DBA:02DC idle  _CK_ScanForLevelEntry
 0CC7:0032       _CK_ScanInfoLayer
 2D2D:99C4       _ck_scoreBoxObj
 2D2D:3356       _ck_scrollDisabled
 172F:11A5 idle  _CK_ScrollStatusWindow
 03F0:0418 idle  _CK_SecurityDoorOpen
 15D6:0FB3       _CK_SetAction
 15D6:1078       _CK_SetAction2
 172F:21F9 idle  _CK_SetActivityLimits
 15D6:016E idle  _CK_SetDeltaClipRects
 0EF6:0912       _CK_SetLoadingTransition
 15D6:0128 idle  _CK_SetOldClipRects
 0EF6:06D7       _CK_SetPaletteVGA
 172F:1D38       _CK_SetupObjArray
 1261:2C69 idle  _CK_ShotDrawFunc
 1261:2B5F       _CK_ShotHit
 1261:2B81 idle  _CK_ShotThink
 172F:132D idle  _CK_ShowStatusWindow
 105C:1818 idle  _CK_ShowTitleScreen
 03F0:0E2F idle  _CK_SkypestAirCol
 03F0:0EFC idle  _CK_SkypestDraw
 03F0:0DA4 idle  _CK_SkypestFly
 03F0:0E86 idle  _CK_SkypestGroundCol
 03F0:0D19 idle  _CK_SkypestGroundDraw
 03F0:0EC2 idle  _CK_SkypestTakeoff
 03F0:0AD8 idle  _CK_SlugCol
 03F0:0A49 idle  _CK_SlugMove
 03F0:0A99 idle  _CK_SlugSlime
 03F0:0B74 idle  _CK_SlugSlimeCol
 03F0:0B98 idle  _CK_SlugWalkReact
 03F0:0C59 idle  _CK_SmirkyCheckTiles
 03F0:0585       _CK_SpawnAxisPlatform
 03F0:7903       _CK_SpawnBalloonSmirky
 03F0:8D36       _CK_SpawnBigShroom
 03F0:3979       _CK_SpawnBird
 03F0:203B       _CK_SpawnBounder
 03F0:7602       _CK_SpawnBrainFucl
 03F0:4C55       _CK_SpawnCheckpoint
 03F0:176F       _CK_SpawnChemolain
 03F0:65B8       _CK_SpawnCloneMachine
 03F0:34DC       _CK_SpawnCloud
 03F0:2C07       _CK_SpawnCollectible
 03F0:6B4E       _CK_SpawnCoronaPlant
 03F0:10EC       _CK_SpawnCouncilMember
 03F0:5E6B       _CK_SpawnCouncilPage
 03F0:6E4C       _CK_SpawnCrab
 03F0:4503       _CK_SpawnCroc
 03F0:77DE       _CK_SpawnDonut
 03F0:8A62       _CK_SpawnDonutCloud
 03F0:171A       _CK_SpawnDungBeetle
 03F0:5454       _CK_SpawnEfree
 03F0:80E4       _CK_SpawnFallBlock
 03F0:08D7       _CK_SpawnFallPlat
 03F0:7D1E       _CK_SpawnFrog
 03F0:797C       _CK_SpawnFungusAmongus
 03F0:28CF       _CK_SpawnGellyGhost
 03F0:352C       _CK_SpawnInvisibleCloud
 03F0:049A       _CK_SpawnItem
 1261:0379 idle  _CK_SpawnItemNotify
 03F0:8B32       _CK_SpawnJediBoot
 1261:032C       _CK_SpawnKeen
 03F0:2705       _CK_SpawnKitten
 03F0:4F71       _CK_SpawnLeaveaTrip
 03F0:89F8       _CK_SpawnLemonShark
 03F0:1290       _CK_SpawnLindsey
 03F0:19B1       _CK_SpawnLogPlatform
 0DBA:0005       _CK_SpawnMapKeen
 03F0:3634       _CK_SpawnMolet
 03F0:35C8 idle  _CK_SpawnMoletDirt
 03F0:8334       _CK_SpawnMummySpawner
 03F0:6D00       _CK_SpawnNipnap
 03F0:567D       _CK_SpawnNisasi
 03F0:823A       _CK_SpawnObelisk
 03F0:0FE1       _CK_SpawnPatPat
 03F0:23DB       _CK_SpawnPoleknawel
 03F0:8072       _CK_SpawnQuicksand
 0DBA:04FF       _CK_SpawnRisingFlag
 03F0:2D54       _CK_SpawnRoots
 03F0:1B12       _CK_SpawnSalamander
 1261:2ABA idle  _CK_SpawnShot
 03F0:1DAD       _CK_SpawnShrubbery
 03F0:0D42       _CK_SpawnSkypest
 03F0:64C3       _CK_SpawnSlideDoor
 03F0:09F4       _CK_SpawnSlug
 03F0:8CBD       _CK_SpawnSlugCans
 03F0:41D1       _CK_SpawnSneakyTree
 03F0:0534 idle  _CK_SpawnStandPlatform
 03F0:5402       _CK_SpawnStaticSprite
 03F0:230F       _CK_SpawnTentacle
 03F0:4A57       _CK_SpawnTentacleNest
 03F0:51DB       _CK_SpawnWarble
 03F0:7BD9       _CK_SpawnWorldNessie
 03F0:1BC3       _CK_SpawnWormouth
 03F0:1391       _CK_SpawnXkyLick
 03F0:2E49       _CK_SpawnYeti
 2D2D:BAA9       _ck_starWarsMasterText
 2D2D:223B idle  _ck_starWarsPalette
 2D2D:BAAD       _ck_starWarsTable
 2D2D:BAAF       _ck_starWarsTotalHeight
 2D2D:BF4A       _ck_statusDown
 2D2D:BF4C       _ck_statusWindowYPx
 03F0:032E idle  _CK_StunCreature
 1261:2F5D       _CK_StunKeen
 105C:1AF2       _CK_SubmitHighScore
 2D2D:BAA5       _ck_SWCurrentDrawFunc
 2D2D:B785       _ck_SWDrawFuncs
 2D2D:BAAB       _ck_SWDrawFuncSeg
 2D2D:BAB1       _ck_SWScreenRowToMasterRowTrans
 2D2D:BC74       _ck_termCreditStage
 2D2D:BC4D       _ck_termPicHeights
 2D2D:BC43       _ck_termPicWidths
 03F0:6B02       _CK_ToggleCloneMachine
 1261:0CA7       _CK_ToggleSwitch
 0EF6:0C10 idle  _CK_TryAgainMenu
 0EF6:0A60       _CK_UpdateCacheBox
 172F:014B idle  _CK_UpdateScoreBox
 172F:2644 idle  _CK_WrapScroll
 03F0:160E idle  _CK_XkyLickAttackCol
 03F0:13EB idle  _CK_XkyLickBounce
 03F0:15DB idle  _CK_XkyLickCol
 03F0:167F idle  _CK_XkyLickDraw
 03F0:16A1 idle  _CK_XkyLickReact
 03F0:15B7 idle  _CK_XkyLickShuffle
 22CA:18BB idle  _ClearBoard
 172F:04A8       _ClipSprite
 03F0:6993 idle  _CloneAnimationThink
 03F0:6917 idle  _CloneMachineContact
 03F0:6736 idle  _CloneMachineThink
 03F0:663C idle  _CloneObjAnimate
 03F0:6AC8 idle  _CloneObjReact
 03F0:6A2C idle  _CloneObjThink
 0000:2851       _close
 03F0:3584 idle  _CloudThink
 0000:1140       _clrscr
 2D2D:3438       _colors
 2D2D:DBCA       _compatability
 2D2D:4BD2       _config
 2664:007E idle  _configgroup
 2664:0000 idle  _configi
 2D2D:DBCE       _Controls
 0EF6:04A2 idle  _CopyCheckpoint
 0000:1169       _coreleft
 03F0:6CCE idle  _CoronaBallReact
 03F0:6C91 idle  _CoronaBallThink
 03F0:6BBD idle  _CoronaPlantThink
 03F0:39B6 idle  _CountBirds
 03F0:39E3 idle  _CountEggs
 03F0:74AE idle  _CrabCeilingReact
 03F0:7251 idle  _CrabCeilingThink
 03F0:75B7 idle  _CrabContact
 03F0:72CE idle  _CrabDraw
 03F0:72FA idle  _CrabDrawFlipped
 03F0:758C idle  _CrabFallReact
 03F0:7327 idle  _CrabFloorReact
 03F0:6FA4 idle  _CrabFloorThink
 03F0:6F0E idle  _CrabStartTurn
 03F0:6ED9 idle  _CrabTurnReact
 03F0:7023 idle  _CrabTurnThink
 03F0:7402 idle  _CrabWallReact
 03F0:706D idle  _CrabWallThink
 03F0:455E idle  _CrocCheckTiles
 03F0:48B1 idle  _CrocContact
 03F0:4985 idle  _CrocJumpReact
 03F0:473D idle  _CrocJumpThink
 03F0:49E5 idle  _CrocSnapReact
 03F0:4895 idle  _CrocSnapThink
 03F0:476B idle  _CrocTrapThink
 03F0:48FA idle  _CrocWalkReact
 03F0:45ED idle  _CrocWalkThink
 03A5:0078       _crtt_detect
 2D2D:DD3D       _cstackptr
 2D2D:C264       _debughandle
 25A8:0000 idle  _defaultpalette
 2D2D:BCA6       _DemoBuffer
 159C:02FC idle  _DemoLoop
 2D2D:4BA0       _DemoMode
 2D2D:DBCC       _DemoOffset
 2D2D:BCA4       _DemoSize
 2D2D:5037       _directvideo
 2D2D:99BE       _displayofs
 172F:0B54 idle  _distance
 03F0:8AEC idle  _DonutCloudThink
 03F0:7854 idle  _DonutThink
 105C:004A idle  _DoubleSizeTerminatorPics
 2D2D:BF1C       _drawcachebox
 105C:1EC7 idle  _DrawFoobs
 22CA:1839 idle  _DrawScore
 172F:041B idle  _DrawTile8
 2D2D:C1DC       _DUMBbase
 2D2D:C1D7       _DUMBstarted
 03F0:54A5 idle  _EfreeThink
 03F0:41A1 idle  _EggPieceReact
 2D2D:33D2 idle  _emmname
 2D2D:C20C       _EMShandle
 2D2D:C210       _EMSpageframe
 2D2D:C20E       _EMSpagesmapped
 0E16:0DA7       _EndText
 2D2D:5088       _environ
 2D2D:C5FA       _eraselist
 2D2D:C5F6       _eraselistptr
 2D2D:0094       _errno
 0000:16DF       _execlp
 0000:052C       _exit
 2D2D:BF0C       _extravbls
 0EF6:092B idle  _FadeAndUnhook
 2D2D:B778       _fadecount
 0EF6:0855 idle  _FadeIn
 0EF6:07E5 idle  _FadeOut
 03F0:81A8 idle  _FallBlockContact
 03F0:81EA idle  _FallBlockReact
 03F0:8124 idle  _FallBlockThink
 0000:1C60       _farcoreleft
 0000:183C       _farfree
 2D2D:C22A       _farheap
 0000:1946       _farmalloc
 0000:1AA3 idle  _farrealloc
 0000:2897       _fflush
 0000:2918       _filelength
 2D2D:BF14       _finishcachebox
 105C:0EBE idle  _FinishPage
 105C:0C66       _FizzleDown
 0000:2959       _flushall
 2D2D:451D       _fontcolor
 2D2D:98F5       _fontnumber
 0000:2993       _fprintf
 0000:2E15       _fputc
 0000:2F49 idle  _fputchar
 0000:203D       _free
 2D2D:C212       _freeEMSpages
 03F0:7D81 idle  _FrogReact
 03F0:7D4D idle  _FrogThink
 0000:2A06       _fseek
 0000:2A6E idle  _ftell
 03F0:7AD3 idle  _FungusContact
 03F0:7BB2 idle  _FungusFallReact
 03F0:7B52 idle  _FungusReact
 03F0:79D7 idle  _FungusThink
 2D2D:DC11       _Games
 03F0:2B20 idle  _GellyGhostContact
 03F0:2BB0 idle  _GellyGhostReact
 03F0:2933 idle  _GellyGhostThink
 22CA:172A idle  _GetBoard
 22CA:18ED idle  _GetCoords
 0000:2ABB       _getenv
 0EF6:06FC idle  _GetLevelPalette
 0000:1CF9       _gettext
 0000:05BB       _getvect
 0000:1CB0       _gotoxy
 1B05:0004 idle  _GRFILEPOS
 2D2D:C25C       _grhandle
 2D2D:C350       _grmode
 2777:0000       _grneeded
 2D2D:584E       _grsegs
 2D2D:C260       _grstarts
 0E16:0297 idle  _HandleCommand
 0E16:017C idle  _HandleCondition
 0E16:06CF idle  _HandleCtrls
 0EF6:000D idle  _HandleLevelDone
 0E16:070B idle  _HandleWord
 0000:1D8E       _harderr
 0000:1DA0 idle  _hardresume
 0000:1DAE idle  _hardretn
 0E16:0CC6       _HelpScreens
 2D2D:BCA0       _HighScoresDirty
 2D2D:C5F4       _hscrollblocks
 2D2D:C5D6       _hscrolledge
 2D2D:BF69       _ingame
 159C:0149 idle  _InitGame
 22CA:1959 idle  _InitSnake
 105C:1D8E idle  _InitStarfield
 2D2D:BC9C       _introbuffer
 2D2D:BC9A       _introbuffer2
 267C:0000       _introscn
 1FD5:0EF7       _IN_Ack
 1FD5:0E91 idle  _IN_AckBack
 1FD5:0709       _IN_ClearKeysDown
 1FD5:0690       _IN_Default
 1FD5:0E30 idle  _IN_FreeDemoBuffer
 1FD5:01F9       _IN_GetJoyAbs
 1FD5:041F       _IN_GetJoyButtonsDB
 1FD5:0E41       _IN_GetScanName
 1FD5:0F40       _IN_IsUserInput
 1FD5:0AA5       _IN_ReadControl
 1FD5:0754       _IN_ReadCursor
 1FD5:07F2       _IN_ReadMenuCursor
 1FD5:0DE5 idle  _IN_SetControlType
 1FD5:06F7 idle  _IN_SetKeyHook
 1FD5:0541       _IN_SetupJoy
 1FD5:06CF       _IN_Shutdown
 1FD5:0DF6       _IN_StartDemoPlayback
 1FD5:0622       _IN_Startup
 1FD5:0E16       _IN_StopDemo
 1FD5:0F82       _IN_UserInput
 1FD5:0E78       _IN_WaitForASCII
 1FD5:0E5E idle  _IN_WaitForKey
 0000:1EE2       _ioctl
 0000:086D       _isatty
 0000:2B1A       _itoa
 03F0:8B89 idle  _JediBootContact
 03F0:8B65 idle  _JediBootThink
 105C:0741 idle  _JoinTerminatorPics
 265B:005C idle  _joy1group
 265B:0070 idle  _joy2group
 2D2D:DBD6       _JoyDefs
 2D2D:DC07       _JoysPresent
 2D2D:4B88       _KbdDefs
 03F0:63C2 idle  _KeenEnterMachineThink
 03F0:8043 idle  _KeenLook
 03F0:8948 idle  _KeenMummyContact
 03F0:8799 idle  _KeenMummyThink
 03F0:8BFF idle  _KeenSmokeThink
 2649:005A idle  _keybgroup
 2649:0000 idle  _keybi
 2D2D:BF6D       _Keyboard
 2650:0090 idle  _keyfbgroup
 2650:0000 idle  _keyfbi
 263D:00A2 idle  _keygroup
 263D:0000 idle  _keyi
 265B:0048 idle  _keysgroup
 265B:0000 idle  _keysi
 22CA:19AF idle  _KillSnake
 03F0:287B idle  _KittenContact
 03F0:286E idle  _KittenExplodeThink
 03F0:275A idle  _KittenIdleThink
 03F0:27F0 idle  _KittenRollThink
 03F0:26B5 idle  _KnawlReact
 2D2D:DC06       _LastASCII
 2D2D:99BB       _LastScan
 2D2D:986A       _lasttimecount
 2D2D:4516       _latchpel
 2D2D:98FB       _layoutdone
 03F0:50AD idle  _LeaveaFallReact
 03F0:5037 idle  _LeaveaFallThink
 03F0:4FA9 idle  _LeaveaTreeThink
 03F0:5146 idle  _LeaveaWalkContact
 03F0:519F idle  _LeaveaWalkReact
 03F0:50F7 idle  _LeaveaWalkThink
 2D2D:992F       _leftmargin
 2D2D:34AF idle  _leftmask
 03F0:8A2C idle  _LemonSharkThink
 25C8:0000 idle  _level10palette
 25CC:0000 idle  _level11palette
 25D0:0000 idle  _level13palette
 25D4:0000 idle  _level14palette
 25D8:0000 idle  _level15palette
 25DC:0000 idle  _level16palette
 25E0:0000 idle  _level18palette
 25E4:0000 idle  _level19palette
 25E8:0000 idle  _level20palette
 25EC:0000 idle  _level22palette
 25F0:0000 idle  _level24palette
 25F4:0000 idle  _level25palette
 25B0:0000 idle  _level4palette
 25B4:0000 idle  _level5palette
 25B8:0000 idle  _level6palette
 25BC:0000 idle  _level7palette
 25C0:0000 idle  _level8palette
 25C4:0000 idle  _level9palette
 2D2D:BF04       _linewidth
 0EF6:0365       _LoadCheckpoint
 2D2D:BCA2       _loadedgame
 2626:007E idle  _loadgamegroup
 0EF6:0237 idle  _LoadGameStuff
 2626:0000 idle  _loadsavegamei
 0EF6:05BF       _LoadTheGame
 0000:0918       _lseek
 0000:2B5C       _ltoa
 159C:038F       _main
 0000:210C       _malloc
 2D2D:9670       _mapbwidthtable
 2D2D:DBC0       _mapbytesextra
 2D2D:DBC4       _mapbyteswide
 2D2D:C25A       _maphandle
 2D2D:C268       _mapheaderseg
 2D2D:98F3       _mapheight
 2D2D:C330       _mapon
 2D2D:9873       _mapsegs
 2D2D:9864       _mapwidth
 2D2D:DBBE       _mapwordsextra
 2D2D:DBC2       _mapwordswide
 2D2D:BCA8       _masterofs
 0000:2B81       _memcmp
 0000:2BAA       _memcpy
 172F:00B6 idle  _MemDrawChar
 0000:2BEF       _memset
 03F0:6429 idle  _MindcontrolThink
 2D2D:4B7E       _mintics
 295E:0000       _mmblocks
 2D2D:B781       _mmerror
 2D2D:C220       _mmfree
 2D2D:C224       _mmhead
 2D2D:C23A       _mminfo
 19EA:00D9 idle  _MML_CheckForEMS
 19EA:0238 idle  _MML_CheckForXMS
 19EA:046C idle  _MML_ClearBlock
 19EA:010B idle  _MML_SetupEMS
 19EA:000B idle  _MML_SetupUMB
 19EA:024F idle  _MML_SetupXMS
 19EA:01AE idle  _MML_ShutdownEMS
 19EA:00A2 idle  _MML_ShutdownUMB
 19EA:02CA idle  _MML_ShutdownXMS
 19EA:02F1       _MML_UseSpace
 2D2D:C218       _mmnew
 2D2D:C21C       _mmrover
 2D2D:C238       _mmsorting
 2D2D:C22E       _mmstarted
 19EA:11A9       _MM_BombOnError
 19EA:09C1       _MM_FreePtr
 19EA:0758       _MM_GetPtr
 19EA:0A81       _MM_GetSize
 19EA:01CB idle  _MM_MapEMS
 19EA:0B7A       _MM_SetLock
 19EA:0AFA       _MM_SetPurge
 19EA:072A       _MM_Shutdown
 19EA:0DDE idle  _MM_SortMem
 19EA:04B8       _MM_Startup
 19EA:1135       _MM_TotalFree
 19EA:10D8 idle  _MM_UnusedMemory
 03F0:369B idle  _MoletAnimate
 03F0:3858 idle  _MoletContact
 03F0:36DF idle  _MoletDig
 03F0:360E idle  _MoletDirtThink
 03F0:3842 idle  _MoletFall
 03F0:3952 idle  _MoletFallReact
 03F0:38AB idle  _MoletWalkReact
 2D2D:DC0B       _MousePresent
 0000:2C0A       _movedata
 22CA:19E5 idle  _MoveSnake
 0000:1FA0       _movetext
 03F0:83F3 idle  _MummyCheckForKeen
 03F0:8650 idle  _MummyContact
 03F0:8703 idle  _MummyReact
 03F0:8366 idle  _MummySpawnerThink
 03F0:8457 idle  _MummyThink
 261B:0036 idle  _musicgroup
 261B:0000 idle  _musici
 2D2D:98E9       _MusicMode
 2D2D:C228       _nearheap
 2620:0048 idle  _newgamegroup
 2620:0000 idle  _newgamei
 0E16:0679 idle  _NewLine
 03F0:6DF9 idle  _NipnapContact
 03F0:6D3D idle  _NipnapThink
 03F0:590B idle  _NisasiContact
 03F0:5A99 idle  _NisasiReact
 03F0:5712 idle  _NisasiThink
 2D2D:B77A       _NoWait
 2D2D:D48A       _numanimchains
 2D2D:C1F0       _numDUMBs
 2D2D:9953       _numpages
 2D2D:C206       _numUMBs
 03F0:82C5 idle  _ObeliskContact
 03F0:830B idle  _ObeliskReact
 03F0:8272 idle  _ObeliskThink
 2D2D:C1D9       _oldlink
 2D2D:BF4F       _oldshooting
 2D2D:C24E       _oldsoundmode
 2D2D:C1DA       _oldstrat
 0000:2C57       _open
 2631:00A2 idle  _optionsgroup
 2631:0000 idle  _optionsi
 2D2D:D952       _originmap
 2D2D:9868       _originxglobal
 2D2D:98EF       _originxmax
 2D2D:98F1       _originxmin
 2D2D:DBC8       _originxscreen
 2D2D:C06F       _originxtile
 2D2D:BF59       _originxtilemax
 2D2D:9866       _originyglobal
 2D2D:98EB       _originymax
 2D2D:98ED       _originymin
 2D2D:DBC6       _originyscreen
 2D2D:C06D       _originytile
 2D2D:BF57       _originytilemax
 2D2D:D480       _otherpage
 03F0:7F32 idle  _PageContact
 0E16:07B8 idle  _PageLayout
 2D2D:9955       _pagenum
 03F0:62E9 idle  _PageReact
 03F0:5EBA idle  _PageThink
 03F0:7DB0 idle  _PageWalk
 03F0:7FB1 idle  _PageWalkReact
 2D2D:BF08       _panadjust
 2D2D:C073       _pansx
 2D2D:C071       _pansy
 2D2D:B77C       _panx
 2D2D:BF0A       _pany
 0E16:005C idle  _ParseHexNumber
 0E16:0015 idle  _ParseNumber
 0E16:00EA idle  _ParsePicCommand
 0E16:0104 idle  _ParseTimedCommand
 2D2D:BF6B       _Paused
 2D2D:451C idle  _pdrawmode
 2D2D:98FD       _picdelay
 2D2D:C262       _picmtable
 2D2D:98FF       _picnum
 2D2D:99BC       _pictable
 2D2D:9903       _picx
 2D2D:9901       _picy
 22CA:1E83 idle  _PlayMinigame
 22CA:1C76 idle  _PlaySnake
 03F0:2601 idle  _PoleknawelContact
 03F0:2681 idle  _PoleknawelFallReact
 03F0:2463 idle  _PoleknawelLand
 03F0:252B idle  _PoleknawelSlide
 03F0:258A idle  _PoleknawelThrow
 03F0:2472 idle  _PoleknawelWalk
 03F0:265A idle  _PoleknawelWalkReact
 2664:0092 idle  _ponggroup
 105C:14D8 idle  _PrintStarWars
 2D2D:BC9E       _PrintX
 2D2D:98E7       _PrintY
 2D2D:CF62       _prioritystart
 2D2D:C266       _profilehandle
 03F0:2E93 idle  _PushKeenX
 0000:30FE       _puts
 0000:1D4D       _puttext
 2D2D:4518       _px
 2D2D:451A       _py
 03F0:80D7 idle  _QuicksandThink
 159C:008E       _Quit
 0000:098A       _rand
 0000:3217       _read
 0000:2265 idle  _realloc
 2D2D:D486       _refreshvector
 0000:09DD       _remove
 1261:19E2       _RemoveDreamBubbles
 03F0:4F58 idle  _RemoveLeaf
 2D2D:4BBC       _RepeatMusic
 2D2D:4C9E       _restartgame
 1DBD:0971 idle  _RFL_AnimateTiles
 1DBD:0F8F idle  _RFL_BoundNewOrigin
 1DBD:0B56 idle  _RFL_BoundScroll
 1DBD:0A81 idle  _RFL_CalcOriginStuff
 1DBD:0758 idle  _RFL_CheckForAnimTile
 1DBD:0B02       _RFL_ClearScrollBlocks
 1DBD:1828 idle  _RFL_EraseBlocks
 1DBD:0725       _RFL_InitAnimList
 1DBD:0A45       _RFL_InitSpriteList
 1F87:0344       _RFL_MaskForegroundTiles
 1DBD:0C3B idle  _RFL_NewRow
 1F87:000C       _RFL_NewTile
 1DBD:091B idle  _RFL_RemoveAnimsInBlock
 1DBD:088A idle  _RFL_RemoveAnimsOnX
 1DBD:08D2 idle  _RFL_RemoveAnimsOnY
 1DBD:1984 idle  _RFL_UpdateSprites
 1F87:01EA       _RFL_UpdateTiles
 1DBD:114D idle  _RF_CalcTics
 1DBD:1073       _RF_ClearBlock
 1DBD:121E       _RF_FindFreeBuffer
 1DBD:0105       _RF_FixOfs
 1DBD:0D14       _RF_ForceRefresh
 1DBD:06BD       _RF_LoadState
 1DBD:0D2F idle  _RF_MapToMap
 1DBD:02BD       _RF_MarkTileGraphics
 1DBD:0EB6       _RF_MemToMap
 1DBD:0189       _RF_NewMap
 1DBD:125E       _RF_NewPosition
 1DBD:14FB       _RF_PlaceSpriteAfter
 1DBD:156C       _RF_PlaceSpriteClipped
 1DBD:10DD idle  _RF_RedrawBlock
 1DBD:1BB0       _RF_Refresh
 1DBD:17A9       _RF_RemoveSprite
 1DBD:0655       _RF_SaveState
 1DBD:1300       _RF_Scroll
 1DBD:0C29       _RF_SetRefreshHook
 1DBD:0B0B       _RF_SetScrollBlock
 1DBD:0104       _RF_Shutdown
 1DBD:1C90 idle  _RF_SpritesAvailable
 1DBD:1C68 idle  _RF_SpritesUsed
 1DBD:0009       _RF_Startup
 2D2D:990B       _rightmargin
 2D2D:34B7 idle  _rightmask
 0E16:0006 idle  _RipToEOL
 266F:00B4 idle  _rootgroup
 266F:0000 idle  _rooti
 03F0:2DE8 idle  _RootsContact
 03F0:2D97 idle  _RootsThink
 2D2D:9905       _rowon
 105C:1F45       _RunFoobsInSpace
 03C3:0113       _RunSnailas
 0EF6:046A       _SaveCheckpoint
 2626:0092 idle  _savegamegroup
 0EF6:0161 idle  _SaveGameStuff
 0EF6:0561       _SaveTheGame
 0EF6:014A       _SavingAllowed
 0EF6:012D       _SavingWillCost
 0000:1130 idle  _sbrk
 2D2D:224C       _Scores
 2D2D:98F7       _screenfaded
 2D2D:D482       _screenpage
 2D2D:BF06       _screenseg
 2D2D:4B6C idle  _screenspot
 2D2D:4B80       _screenstart
 105C:024D idle  _ScrollTerminatorCredits
 20D1:0C0D       _SD_CurrentMusic
 20D1:08E4       _SD_Default
 20D1:0BCE idle  _SD_FadeOutMusic
 20D1:0AF3       _SD_MusicOff
 20D1:0AC5       _SD_MusicOn
 20D1:0BDB       _SD_MusicPlaying
 20D1:099C       _SD_PlaySound
 20D1:0AA7       _SD_PlayTwoSounds
 20D1:0758       _SD_SetMusicMode
 20D1:0BEE       _SD_SetMusicRate
 20D1:06F1       _SD_SetSoundMode
 20D1:098A idle  _SD_SetUserHook
 20D1:0953       _SD_Shutdown
 20D1:0A3C       _SD_SoundPlaying
 20D1:0B38       _SD_StartMusic
 20D1:079D       _SD_Startup
 20D1:0A76       _SD_StopSound
 20D1:0A9E       _SD_WaitSoundDone
 0000:2704       _setblock
 22CA:175E idle  _SetBoard
 22CA:1929 idle  _SetCoords
 0000:2BC9 idle  _setmem
 0000:321A       _setvbuf
 0000:05CA       _setvect
 2D2D:BC8A       _shiftedCmdrBMPsegs
 2D2D:44C6       _shifttabletable
 0E16:0AB8 idle  _ShowHelp
 2D2D:BF67       _showscorebox
 03F0:1F6F idle  _ShrubberyContact
 03F0:200A idle  _ShrubberyFallReact
 03F0:1EA3 idle  _ShrubberyLookThink
 03F0:1DF2 idle  _ShrubberyThink
 03F0:1EE8 idle  _ShrubberyWalkThink
 159C:0065       _ShutdownId
 2D2D:246C idle  _sin_table
 03F0:6536 idle  _SlideDoorThink
 2566:005E idle  _SML_GetString
 03F0:4D44 idle  _SmokeThink
 2566:0197       _SM_CheckParm
 2566:0118       _SM_ConcatString
 2566:0100       _SM_CopyString
 2566:0156       _SM_CPrint
 2566:025F       _SM_DrawString
 2566:00F4       _SM_GetString
 2566:017C       _SM_MeasureMultiline
 2566:02B0       _SM_MeasureString
 2566:021D       _SM_ParmPresent
 2566:0143       _SM_Print
 2566:0169       _SM_PrintCentered
 2566:02CB       _SM_PutLines
 2566:0130       _SM_Quit
 2566:0274       _SM_QuitCannotOpen
 2566:0046       _SM_Shutdown
 2566:0001       _SM_Startup
 2D2D:DD1B       _snake
 03F0:44B8 idle  _SneakyTreeReact
 03F0:4216 idle  _SneakyTreeThink
 2615:0048 idle  _soundgroup
 2615:0000 idle  _soundi
 2D2D:584C       _SoundMode
 2D2D:DC0D       _SoundTable
 22CA:1BDF idle  _SpawnApple
[...]
 2D2D:0D4E idle  _CK_ACT_SalamanderVanish7
 2D2D:0D6C idle  _CK_ACT_SalamanderVanish8
 2D2D:0D8A idle  _CK_ACT_SalamanderVanish9
 2D2D:0DA8 idle  _CK_ACT_SalamanderVanish10
 2D2D:0DC6 idle  _CK_ACT_Wormouth
 2D2D:0DE4 idle  _CK_ACT_WormouthLook1
 2D2D:0E02 idle  _CK_ACT_WormouthLook2
 2D2D:0E20 idle  _CK_ACT_WormouthLook3
 2D2D:0E3E idle  _CK_ACT_WormouthLook4
 2D2D:0E5C idle  _CK_ACT_WormouthLook5
 2D2D:0E7A idle  _CK_ACT_WormouthLook6
 2D2D:0E98 idle  _CK_ACT_WormouthLook7
 2D2D:0EB6 idle  _CK_ACT_WormouthLook8
 2D2D:0ED4 idle  _CK_ACT_WormouthBite1
 2D2D:0EF2 idle  _CK_ACT_WormouthBite2
 2D2D:0F10 idle  _CK_ACT_WormouthBite3
 2D2D:0F2E idle  _CK_ACT_WormouthBite4
 2D2D:0F4C idle  _CK_ACT_WormouthBite5
 2D2D:0F6A idle  _CK_ACT_WormouthStunned
 2D2D:0F88 idle  _CK_ACT_WormouthFall
 2D2D:0FA6 idle  _CK_ACT_Shrubbery
 2D2D:0FC4 idle  _CK_ACT_ShrubberyLook1
 2D2D:0FE2 idle  _CK_ACT_ShrubberyLook2
 2D2D:1000 idle  _CK_ACT_ShrubberyLook5
 2D2D:101E idle  _CK_ACT_ShrubberyStandUp
 2D2D:103C idle  _CK_ACT_ShrubberyWalk1
 2D2D:105A idle  _CK_ACT_ShrubberyWalk2
 2D2D:1078 idle  _CK_ACT_ShrubberySitDown
 2D2D:1096 idle  _CK_ACT_ShrubberyFall
 2D2D:10B4 idle  _CK_ACT_BounderFloat1
 2D2D:10D2 idle  _CK_ACT_BounderFloat2
 2D2D:10F0 idle  _CK_ACT_BounderFloat1c
 2D2D:110E idle  _CK_ACT_BounderFloat2c
 2D2D:112C idle  _CK_ACT_BounderStunned
 2D2D:114A idle  _CK_ACT_TentacleWait
 2D2D:1168 idle  _CK_ACT_TentacleAttack1
 2D2D:1186 idle  _CK_ACT_TentacleAttack2
 2D2D:11A4 idle  _CK_ACT_TentacleAttack3
 2D2D:11C2 idle  _CK_ACT_TentacleAttack4
 2D2D:11E0 idle  _CK_ACT_TentacleAttack5
 2D2D:11FE idle  _CK_ACT_TentacleAttack6
 2D2D:121C idle  _CK_ACT_TentacleAttack7
 2D2D:123A idle  _CK_ACT_TentacleAttack8
 2D2D:1258 idle  _CK_ACT_TentacleAttack9
 2D2D:1276 idle  _CK_ACT_PoleknawelPole1
 2D2D:1294 idle  _CK_ACT_PoleknawelPole2
 2D2D:12B2 idle  _CK_ACT_PoleknawelThrow
 2D2D:12D0 idle  _CK_ACT_PoleknawelFall
 2D2D:12EE idle  _CK_ACT_PoleknawelLand
 2D2D:130C idle  _CK_ACT_PoleknawelLook
 2D2D:132A idle  _CK_ACT_PoleknawelWalk1
 2D2D:1348 idle  _CK_ACT_PoleknawelWalk2
 2D2D:1366 idle  _CK_ACT_PoleknawelPoop
 2D2D:1384 idle  _CK_ACT_PoleknawelShot1
 2D2D:13A2 idle  _CK_ACT_PoleknawelShot2
 2D2D:13C0 idle  _CK_ACT_PoleknawelPool1
 2D2D:13DE idle  _CK_ACT_PoleknawelPool2
 2D2D:13FC idle  _CK_ACT_KittenIdle1
 2D2D:141A idle  _CK_ACT_KittenMeow1
 2D2D:1438 idle  _CK_ACT_KittenMeow2
 2D2D:1456 idle  _CK_ACT_KittenMeow3
 2D2D:1474 idle  _CK_ACT_KittenRoll1
 2D2D:1492 idle  _CK_ACT_KittenRoll2
 2D2D:14B0 idle  _CK_ACT_KittenRoll3
 2D2D:14CE idle  _CK_ACT_KittenRoll4
 2D2D:14EC idle  _CK_ACT_KittenRoll5
 2D2D:150A idle  _CK_ACT_KittenBlow1
 2D2D:1528 idle  _CK_ACT_KittenBlow2
 2D2D:1546 idle  _CK_ACT_KittenBlow3
 2D2D:1564 idle  _CK_ACT_KittenSmoke1
 2D2D:1582 idle  _CK_ACT_KittenSmoke2
 2D2D:15A0 idle  _CK_ACT_KittenSmoke3
 2D2D:15BE idle  _CK_ACT_KittenSmoke4
 2D2D:15DC idle  _CK_ACT_KittenSmoke5
 2D2D:15FA idle  _CK_ACT_KittenSmoke6
 2D2D:1618 idle  _CK_ACT_GGhostIdle
 2D2D:1636 idle  _CK_ACT_Roots
 2D2D:1654 idle  _CK_ACT_YetiStand
 2D2D:1672 idle  _CK_ACT_YetiCloud
 2D2D:1690 idle  _CK_ACT_TinyYetiRoll
 2D2D:16AE idle  _CK_ACT_TinyYetiJump
 2D2D:16CC idle  _CK_ACT_Cloud
 2D2D:16EA idle  _CK_ACT_MoletDirt
 2D2D:1708 idle  _CK_ACT_MoletWalk
 2D2D:1726 idle  _CK_ACT_MoletDig
 2D2D:1744 idle  _CK_ACT_MoletFall
 2D2D:1762 idle  _CK_ACT_BirdFly1
 2D2D:1780 idle  _CK_ACT_BirdFly2
 2D2D:179E idle  _CK_ACT_BirdFly3
 2D2D:17BC idle  _CK_ACT_BirdFly4
 2D2D:17DA idle  _CK_ACT_BirdFly5
 2D2D:17F8 idle  _CK_ACT_BirdAttack
 2D2D:1816 idle  _CK_ACT_BirdLayEgg
 2D2D:1834 idle  _CK_ACT_BirdFall
 2D2D:1852 idle  _CK_ACT_BirdStunned
 2D2D:1870 idle  _CK_ACT_BirdEgg
 2D2D:188E idle  _CK_ACT_EggPiece
 2D2D:18AC idle  _CK_ACT_SneakyTree
 2D2D:18CA idle  _CK_ACT_CrocWalk
 2D2D:18E8 idle  _CK_ACT_CrocJump
 2D2D:1906 idle  _CK_ACT_CrocTrap
 2D2D:1924 idle  _CK_ACT_CrocSnap
 2D2D:1942 idle  _CK_ACT_TentacleNest
 2D2D:1960       _CK_ACT_Swallowed
 2D2D:197E idle  _CK_ACT_Checkpoint
 2D2D:199C idle  _CK_ACT_CheckpointCap
 2D2D:19BA       _CK_ACT_Smoke
 2D2D:19D8 idle  _CK_ACT_LeaveaTree
 2D2D:19F6 idle  _CK_ACT_LeaveaFall
 2D2D:1A14 idle  _CK_ACT_LeaveaWalk
 2D2D:1A32 idle  _CK_ACT_Warble
 2D2D:1A50 idle  _CK_ACT_Efree
 2D2D:1A6E idle  _CK_ACT_Nisasi
 2D2D:1A8C idle  _CK_ACT_Page
 2D2D:1AAA       _CK_ACT_keenEnterMachine
 2D2D:1AC8       _CK_ACT_keenMindcontrol
 2D2D:1AE6 idle  _CK_ACT_SlideDoor
 2D2D:1B0E idle  _CK_ACT_CloneMachine
 2D2D:1B2C idle  _CK_ACT_CloneAnimation
 2D2D:1B4A idle  _CK_ACT_CloneObj
 2D2D:1B68 idle  _CK_ACT_CoronaPlant
 2D2D:1B86 idle  _CK_ACT_CoronaBall
 2D2D:1BA4 idle  _CK_ACT_Nipnap
 2D2D:1C02 idle  _CK_ACT_CrabFloor
 2D2D:1C20 idle  _CK_ACT_CrabWall
 2D2D:1C3E idle  _CK_ACT_CrabCeiling
 2D2D:1C5C idle  _CK_ACT_CrabFall
 2D2D:1C7A idle  _CK_ACT_CrabTurn
 2D2D:1C98 idle  _CK_ACT_BrainFucl
 2D2D:1CB6 idle  _CK_ACT_KeenBrainFucled
 2D2D:1CD4 idle  _CK_ACT_Donut
 2D2D:1CF2 idle  _CK_ACT_BalloonSmirky
 2D2D:1D10 idle  _CK_ACT_Fungus
 2D2D:1D2E idle  _CK_ACT_FungusFall
 2D2D:1D4C idle  _CK_ACT_WorldNessie
 2D2D:1D6A idle  _CK_ACT_Frog
 2D2D:1D88 idle  _CK_ACT_PageWalk
 2D2D:1DA6 idle  _CK_ACT_KeenLook
 2D2D:1DC4       _CK_ACT_KeenShrug
 2D2D:1DE2 idle  _CK_ACT_Quicksand
 2D2D:1E00 idle  _CK_ACT_Fallblock
 2D2D:1E1E idle  _CK_ACT_Obelisk
 2D2D:1E3C idle  _CK_ACT_MummySpawner
 2D2D:1E5A idle  _CK_ACT_Mummy
 2D2D:1E78 idle  _CK_ACT_MummyLook
 2D2D:1E96 idle  _CK_ACT_KeenMummy
 2D2D:1EB4 idle  _CK_ACT_Bandage
 2D2D:1ED2 idle  _CK_ACT_LemonShark
 2D2D:1EF0 idle  _CK_ACT_DonutCloud
 2D2D:1F0E idle  _CK_ACT_JediBoot
 2D2D:1F2C idle  _CK_ACT_KeenSmoke
 2D2D:1F4A idle  _CK_ACT_Null
 2D2D:1F68 idle  _ck_lumpStarts
 2D2D:1FCA idle  _ck_lumpEnds
 2D2D:202C idle  _CK_ACT_MapKeenStart
 2D2D:204A idle  _CK_ACT_MapKeenWave0
 2D2D:2068 idle  _CK_ACT_MapKeenWave1
 2D2D:2086 idle  _CK_ACT_MapKeenWave2
 2D2D:20A4 idle  _CK_ACT_MapKeenWave3
 2D2D:20C2 idle  _CK_ACT_MapKeenWave4
 2D2D:20E0 idle  _CK_ACT_MapKeenWalk0
 2D2D:20FE idle  _CK_ACT_MapShip
 2D2D:2134 idle  _CK_ACT_MapFlagRise
 2D2D:2152 idle  _CK_ACT_MapFlag0
 2D2D:2170 idle  _CK_ACT_MapFlag1
 2D2D:218E idle  _CK_ACT_MapFlag2
 2D2D:21AC idle  _CK_ACT_MapFlag3
 2D2D:21CA idle  _ck_helpScreenChunks
 2D2D:21E6       _ck_inHighScores
 2D2D:21E8 idle  _terminator_blackmasks
 2D2D:21F0 idle  _terminator_lightmasks
 2D2D:21F8 idle  _terminator_palette1
 2D2D:2209 idle  _terminator_palette2
 2D2D:221A idle  _terminator_pics
 2D2D:223B idle  _ck_starWarsPalette
 2D2D:224C       _Scores
 2D2D:246C idle  _sin_table
 2D2D:24FE       _CK_ACT_keenStanding
 2D2D:251C       _CK_ACT_keenRidePlatform
 2D2D:253A       _CK_ACT_keenLookUp1
 2D2D:2558       _CK_ACT_keenLookUp2
 2D2D:2576       _CK_ACT_keenLookDown1
 2D2D:2594       _CK_ACT_keenLookDown2
 2D2D:25B2       _CK_ACT_keenLookDown3
 2D2D:25D0       _CK_ACT_keenLookDown4
 2D2D:25EE       _CK_ACT_keenIdle
 2D2D:260C       _CK_ACT_keenBored1
 2D2D:262A       _CK_ACT_keenBored2
 2D2D:2648       _CK_ACT_keenBored3
 2D2D:2666       _CK_ACT_keenBored4
 2D2D:2684       _CK_ACT_keenBored5
 2D2D:26A2       _CK_ACT_keenBored6
 2D2D:26C0 idle  _CK_ACT_keenYawn1
 2D2D:26DE idle  _CK_ACT_keenYawn2
 2D2D:26FC idle  _CK_ACT_keenYawn3
 2D2D:271A idle  _CK_ACT_keenYawn4
 2D2D:2738 idle  _CK_ACT_keenYawn5
 2D2D:2756 idle  _CK_ACT_keenYawn6
 2D2D:2774 idle  _CK_ACT_keenYawn7
 2D2D:2792 idle  _CK_ACT_keenYawn8
 2D2D:27B0 idle  _CK_ACT_keenYawn9
 2D2D:27CE idle  _CK_ACT_keenGoToSleep1
 2D2D:27EC idle  _CK_ACT_keenGoToSleep2
 2D2D:280A idle  _CK_ACT_keenGoToSleep3
 2D2D:2828 idle  _CK_ACT_keenDream
 2D2D:2846 idle  _CK_ACT_keenDream2
 2D2D:2864 idle  _CK_ACT_keenGetUp
 2D2D:2882 idle  _CK_ACT_keenGetUp2
 2D2D:28A0 idle  _CK_ACT_keenGetUp3
 2D2D:28BE idle  _CK_ACT_dreamBubble
 2D2D:28DC       _CK_ACT_keenNot
 2D2D:28FA       _CK_ACT_keenDie0
 2D2D:2918       _CK_ACT_keenDie1
 2D2D:2936       _CK_ACT_keenRun1
 2D2D:2954       _CK_ACT_keenRun2
 2D2D:2972       _CK_ACT_keenRun3
 2D2D:2990       _CK_ACT_keenRun4
 2D2D:29AE       _CK_ACT_keenShoot1
 2D2D:29CC       _CK_ACT_keenShoot2
 2D2D:29EA       _CK_ACT_keenShootUp1
 2D2D:2A08       _CK_ACT_keenShootUp2
 2D2D:2A26       _CK_ACT_keenJump1
 2D2D:2A44       _CK_ACT_keenJump2
 2D2D:2A62       _CK_ACT_keenFall1
 2D2D:2A80       _CK_ACT_keenFall2
 2D2D:2A9E       _CK_ACT_keenJumpShoot1
 2D2D:2ABC       _CK_ACT_keenJumpShoot2
 2D2D:2ADA       _CK_ACT_keenJumpShoot3
 2D2D:2AF8       _CK_ACT_keenJumpShootUp1
 2D2D:2B16       _CK_ACT_keenJumpShootUp2
 2D2D:2B34       _CK_ACT_keenJumpShootUp3
 2D2D:2B52       _CK_ACT_keenJumpShootDown1
 2D2D:2B70       _CK_ACT_keenJumpShootDown2
 2D2D:2B8E       _CK_ACT_keenJumpShootDown3
 2D2D:2BAC       _CK_ACT_keenPogo1
 2D2D:2BCA       _CK_ACT_keenPogo2
 2D2D:2BE8       _CK_ACT_keenPogo3
 2D2D:2C06       _CK_ACT_keenHang1
 2D2D:2C24       _CK_ACT_keenHang2
 2D2D:2C42       _CK_ACT_keenPull1
 2D2D:2C60       _CK_ACT_keenPull2
 2D2D:2C7E       _CK_ACT_keenPull3
 2D2D:2C9C       _CK_ACT_keenPull4
 2D2D:2CBA       _CK_ACT_keenPull5
 2D2D:2CD8       _CK_ACT_keenPoleSit
 2D2D:2CF6       _CK_ACT_keenPoleUp1
 2D2D:2D14       _CK_ACT_keenPoleUp2
 2D2D:2D32       _CK_ACT_keenPoleUp3
 2D2D:2D50       _CK_ACT_keenPoleDown1
 2D2D:2D6E       _CK_ACT_keenPoleDown2
 2D2D:2D8C       _CK_ACT_keenPoleDown3
 2D2D:2DAA       _CK_ACT_keenPoleDown4
 2D2D:2DC8 idle  _CK_ACT_keenPoleShoot0
 2D2D:2DE6       _CK_ACT_keenPoleShoot1
 2D2D:2E04       _CK_ACT_keenPoleShoot2
 2D2D:2E22 idle  _CK_ACT_keenPoleShootUp0
 2D2D:2E40       _CK_ACT_keenPoleShootUp1
 2D2D:2E5E       _CK_ACT_keenPoleShootUp2
 2D2D:2E7C idle  _CK_ACT_keenPoleShootDown0
 2D2D:2E9A       _CK_ACT_keenPoleShootDown1
 2D2D:2EB8       _CK_ACT_keenPoleShootDown2
 2D2D:2ED6       _CK_ACT_keenShot1
 2D2D:2EF4       _CK_ACT_keenShot2
 2D2D:2F12       _CK_ACT_keenShot3
 2D2D:2F30       _CK_ACT_keenShot4
 2D2D:2F4E       _CK_ACT_keenShotHit1
 2D2D:2F6C       _CK_ACT_keenShotHit2
 2D2D:2F8A       _CK_ACT_keenSlide
 2D2D:2FA8       _CK_ACT_keenPlaceGem
 2D2D:2FC6       _CK_ACT_keenPressSwitch1
 2D2D:2FE4       _CK_ACT_keenPressSwitch2
 2D2D:3002       _CK_ACT_keenEnterDoor1
 2D2D:3020       _CK_ACT_keenEnterDoor2
 2D2D:303E       _CK_ACT_keenEnterDoor3
 2D2D:305C       _CK_ACT_keenEnterDoor4
 2D2D:307A       _CK_ACT_keenEnterDoor5
 2D2D:3098       _CK_ACT_keenEnterDoor6
 2D2D:30B6       _CK_ACT_keenEnteredDoor
 2D2D:30D4 idle  _CK_ACT_keenSink
 2D2D:30F2       _CK_ACT_keenStunned1
 2D2D:3110       _CK_ACT_keenStunned2
 2D2D:312E idle  _CK_ACT_keenStunned3
 2D2D:314C       _CK_ACT_itemNotify
 2D2D:316A idle  _CK5_ItemSounds
 2D2D:3184       _CK5_ItemPoints
 2D2D:31A0 idle  _CK5_ItemShadows
 2D2D:31BC       _ck_KeenRunXVels
 2D2D:31CC idle  _ck_KeenPoleOffs
 2D2D:31E4 idle  _CK_ACT_keenUseAmmoStation
 2D2D:3202 idle  _CK_ACT_keenDrown
 2D2D:3220 idle  _CK_ACT_keenBurn
 2D2D:3354       _brainfucled
 2D2D:3356       _ck_scrollDisabled
 2D2D:3358 idle  _CK_ACT_ScoreBox
 2D2D:3376 idle  _CK_ACT_DemoSign
 2D2D:33D2 idle  _emmname
 2D2D:3438       _colors
 2D2D:34AF idle  _leftmask
 2D2D:34B7 idle  _rightmask
 2D2D:44C6       _shifttabletable
 2D2D:4516       _latchpel
 2D2D:4518       _px
 2D2D:451A       _py
 2D2D:451C idle  _pdrawmode
 2D2D:451D       _fontcolor
 2D2D:4B64       _bufferwidth
 2D2D:4B66       _bufferheight
 2D2D:4B6C idle  _screenspot
 2D2D:4B7E       _mintics
 2D2D:4B80       _screenstart
 2D2D:4B88       _KbdDefs
 2D2D:4BA0       _DemoMode
 2D2D:4BBC       _RepeatMusic
 2D2D:4BC0       _alPort
 2D2D:4BD2       _config
 2D2D:4BDC       _USL_MeasureString
 2D2D:4BE0       _USL_DrawString
 2D2D:4C9E       _restartgame
 2D2D:4CC8       _bestscore
 2D2D:4CDE       __atexitcnt
 2D2D:4CE0       __ctype
 2D2D:4DE2       __exitbuf
 2D2D:4DE6 idle  __exitfopen
 2D2D:4DEA idle  __exitopen
 2D2D:4DEE       __streams
 2D2D:4F2E       __nfile
 2D2D:4F30       __openfd
 2D2D:4F58       __fmode
 2D2D:4F5A       __notUmask
 2D2D:4F5C       __heaplen
 2D2D:4F5E       __doserrno
 2D2D:4F60 idle  __dosErrorToSV
 2D2D:4FBE       __stklen
 2D2D:5028       __video
 2D2D:5037       _directvideo
 2D2D:5074 idle  __first
 2D2D:5076 idle  __last
 2D2D:5078 idle  __rover
 2D2D:507A       __argc
 2D2D:507C       __argv
 2D2D:5088       _environ
 2D2D:50A0       __RealCvtVector
 2D2D:50A2 idle  __ScanTodVector
 2D2D:55C6       __atexittbl
 2D2D:56FC       _TimeCount
 2D2D:5700       _CK_ACT_KeenNull
 2D2D:571E       _CK_ACT_keenStowBook3
 2D2D:573C       _CK_ACT_keenStowBook2
 2D2D:575A       _CK_ACT_keenStowBook1
 2D2D:5778       _CK_ACT_keenReadBook3
 2D2D:5796       _CK_ACT_keenReadBook2
 2D2D:57B4       _CK_ACT_keenReadBook1
 2D2D:57D2       _CK_ACT_keenOpenBook4
 2D2D:57F0       _CK_ACT_keenOpenBook3
 2D2D:580E       _CK_ACT_keenOpenBook2
 2D2D:582C       _CK_ACT_keenOpenBook1
 2D2D:584A       _arrowdir
 2D2D:584C       _SoundMode
 2D2D:584E       _grsegs
 2D2D:951C       _ck_keenObj
 2D2D:951E       _tempObj
 2D2D:956A       _ck_freeObject
 2D2D:956C       _ck_inputFrame
 2D2D:957C       _ck_keenState
 2D2D:9594       _ck_nextY
 2D2D:9596       _ck_nextX
 2D2D:9598       _ck_mapState
 2D2D:95E0       _ck_gameState
 2D2D:966E       _ck_levelState
 2D2D:9670       _mapbwidthtable
 2D2D:9864       _mapwidth
 2D2D:9866       _originyglobal
 2D2D:9868       _originxglobal
 2D2D:986A       _lasttimecount
 2D2D:986E       _tics
 2D2D:9870       _spritetable
 2D2D:9872       _ca_levelbit
 2D2D:9873       _mapsegs
 2D2D:9879       _tinf
 2D2D:987B       _ck_lumpsNeeded
 2D2D:98DD       _ck_lastObject
 2D2D:98DF       _WindowH
 2D2D:98E1       _WindowW
 2D2D:98E3       _WindowY
 2D2D:98E5       _WindowX
 2D2D:98E7       _PrintY
 2D2D:98E9       _MusicMode
 2D2D:98EB       _originymax
 2D2D:98ED       _originymin
 2D2D:98EF       _originxmax
 2D2D:98F1       _originxmin
 2D2D:98F3       _mapheight
 2D2D:98F5       _fontnumber
 2D2D:98F7       _screenfaded
 2D2D:98F9       _ck_helpSelection
 2D2D:98FB       _layoutdone
 2D2D:98FD       _picdelay
 2D2D:98FF       _picnum
 2D2D:9901       _picy
 2D2D:9903       _picx
 2D2D:9905       _rowon
 2D2D:9907       _text
 2D2D:990B       _rightmargin
 2D2D:992F       _leftmargin
 2D2D:9953       _numpages
 2D2D:9955       _pagenum
 2D2D:9957       _str2
 2D2D:996B       _str
 2D2D:99BB       _LastScan
 2D2D:99BC       _pictable
 2D2D:99BE       _displayofs
 2D2D:99C0       _bufferofs
 2D2D:99C2       _ck_lastLevelFinished
 2D2D:99C4       _ck_scoreBoxObj
 2D2D:99C6       _ck_numObjects
 2D2D:99C8       _ck_objArray
 2D2D:B778       _fadecount
 2D2D:B77A       _NoWait
 2D2D:B77C       _panx
 2D2D:B77E       _videocard
 2D2D:B780       _ca_levelnum
 2D2D:B781       _mmerror
 2D2D:B783       _bufferseg
 2D2D:B785       _ck_SWDrawFuncs
 2D2D:BAA5       _ck_SWCurrentDrawFunc
 2D2D:BAA9       _ck_starWarsMasterText
 2D2D:BAAB       _ck_SWDrawFuncSeg
 2D2D:BAAD       _ck_starWarsTable
 2D2D:BAAF       _ck_starWarsTotalHeight
 2D2D:BAB1       _ck_SWScreenRowToMasterRowTrans
 2D2D:BC41       _word_499FF
 2D2D:BC43       _ck_termPicWidths
 2D2D:BC4D       _ck_termPicHeights
 2D2D:BC57       _ck_currentTermPicWidth
 2D2D:BC59       _ck_currentTermPicHalfWidth
 2D2D:BC5B       _ck_currentTermPicHeight
 2D2D:BC5D       _ck_currentTermPicSize
 2D2D:BC5F       _ck_currentTermPicNextLineDist
 2D2D:BC61       _terminatorPlaneOn
 2D2D:BC62       _terminatorOfs
 2D2D:BC64       _word_499C7
 2D2D:BC66       _word_46CB0
 2D2D:BC68       _terminatorPageOn
 2D2D:BC6A       _word_46CA2
 2D2D:BC6E       _word_499CB
 2D2D:BC70       _ck_currentTermPicSeg
 2D2D:BC72       _word_499D1
 2D2D:BC74       _ck_termCreditStage
 2D2D:BC76       _ck_currentTerminatorCredit
 2D2D:BC78       _ck_currentTermPicStartTime
 2D2D:BC7A       _ck_currentTermPicTimeRemaining
 2D2D:BC7C       _ck_introScreenWidth
 2D2D:BC7E       _ck_introCommanderWidth
 2D2D:BC80       _terminator_pic_memptrs
 2D2D:BC8A       _shiftedCmdrBMPsegs
 2D2D:BC9A       _introbuffer2
 2D2D:BC9C       _introbuffer
 2D2D:BC9E       _PrintX
 2D2D:BCA0       _HighScoresDirty
 2D2D:BCA2       _loadedgame
 2D2D:BCA4       _DemoSize
 2D2D:BCA6       _DemoBuffer
 2D2D:BCA8       _masterofs
 2D2D:BCAA       _bordercolor
 2D2D:BCAC       _ylookup
 2D2D:BF04       _linewidth
 2D2D:BF06       _screenseg
 2D2D:BF08       _panadjust
 2D2D:BF0A       _pany
 2D2D:BF0C       _extravbls
 2D2D:BF0E       _abortgame
 2D2D:BF10       _tedlevelnum
 2D2D:BF12       _tedlevel
 2D2D:BF14       _finishcachebox
 2D2D:BF18       _updatecachebox
 2D2D:BF1C       _drawcachebox
 2D2D:BF20       _ck_deltaRects
 2D2D:BF34       _ck_oldRects
 2D2D:BF48       _statusWindowOfs
 2D2D:BF4A       _ck_statusDown
 2D2D:BF4C       _ck_statusWindowYPx
 2D2D:BF4E       _wallcheat
 2D2D:BF4F       _oldshooting
 2D2D:BF51       _ck_pogoTimer
 2D2D:BF53       _ck_gamePadEnabled
 2D2D:BF55       _ck_demoParm
 2D2D:BF57       _originytilemax
 2D2D:BF59       _originxtilemax
 2D2D:BF5B       _button1held
 2D2D:BF5D       _button0held
 2D2D:BF5F       _ck_activeY1Tile
 2D2D:BF61       _ck_activeX1Tile
 2D2D:BF63       _ck_activeY0Tile
 2D2D:BF65       _ck_activeX0Tile
 2D2D:BF67       _showscorebox
 2D2D:BF69       _ingame
 2D2D:BF6B       _Paused
 2D2D:BF6D       _Keyboard
 2D2D:C06D       _originytile
 2D2D:C06F       _originxtile
 2D2D:C071       _pansy
 2D2D:C073       _pansx
 2D2D:C075       _audiosegs
 2D2D:C1D7       _DUMBstarted
 2D2D:C1D9       _oldlink
 2D2D:C1DA       _oldstrat
 2D2D:C1DC       _DUMBbase
 2D2D:C1F0       _numDUMBs
 2D2D:C1F2       _UMBbase
 2D2D:C206       _numUMBs
 2D2D:C208       _XMSaddr
 2D2D:C20C       _EMShandle
 2D2D:C20E       _EMSpagesmapped
 2D2D:C210       _EMSpageframe
 2D2D:C212       _freeEMSpages
 2D2D:C214       _totalEMSpages
 2D2D:C216       _bombonerror
 2D2D:C218       _mmnew
 2D2D:C21C       _mmrover
 2D2D:C220       _mmfree
 2D2D:C224       _mmhead
 2D2D:C228       _nearheap
 2D2D:C22A       _farheap
 2D2D:C22E       _mmstarted
 2D2D:C230       _aftersort
 2D2D:C234       _beforesort
 2D2D:C238       _mmsorting
 2D2D:C23A       _mminfo
 2D2D:C24E       _oldsoundmode
 2D2D:C250       _chunkexplen
 2D2D:C254       _chunkcomplen
 2D2D:C258       _audiohandle
 2D2D:C25A       _maphandle
 2D2D:C25C       _grhandle
 2D2D:C25E       _audiostarts
 2D2D:C260       _grstarts
 2D2D:C262       _picmtable
 2D2D:C264       _debughandle
 2D2D:C266       _profilehandle
 2D2D:C268       _mapheaderseg
 2D2D:C330       _mapon
 2D2D:C332       _uwidthtable
 2D2D:C34E       _updateptr
 2D2D:C350       _grmode
 2D2D:C352       _blockstarts
 2D2D:C5BA       _vscrolledge
 2D2D:C5D6       _hscrolledge
 2D2D:C5F2       _vscrollblocks
 2D2D:C5F4       _hscrollblocks
 2D2D:C5F6       _eraselistptr
 2D2D:C5FA       _eraselist
 2D2D:C91A       _animfreespot
 2D2D:C91C       _animfreeptr
 2D2D:C91E       _animhead
 2D2D:C920       _animarray
 2D2D:CF60       _spritefreeptr
 2D2D:CF62       _prioritystart
 2D2D:CF6C       _spritearray
 2D2D:D480       _otherpage
 2D2D:D482       _screenpage
 2D2D:D484       _xpanmask
 2D2D:D486       _refreshvector
 2D2D:D48A       _numanimchains
 2D2D:D48C       _allanims
 2D2D:D61C       _baseupdatestart
 2D2D:D620       _updatestart
 2D2D:D624       _baseupdateptr
 2D2D:D626       _update
 2D2D:D952       _originmap
 2D2D:D954       _SX_T_SHIFT
 2D2D:D956       _updatemapofs
 2D2D:DBBE       _mapwordsextra
 2D2D:DBC0       _mapbytesextra
 2D2D:DBC2       _mapwordswide
 2D2D:DBC4       _mapbyteswide
 2D2D:DBC6       _originyscreen
 2D2D:DBC8       _originxscreen
 2D2D:DBCA       _compatability
 2D2D:DBCC       _DemoOffset
 2D2D:DBCE       _Controls
 2D2D:DBD6       _JoyDefs
 2D2D:DC06       _LastASCII
 2D2D:DC07       _JoysPresent
 2D2D:DC0B       _MousePresent
 2D2D:DC0D       _SoundTable
 2D2D:DC0F       _AdLibPresent
 2D2D:DC11       _Games
 2D2D:DD0D       _USL_ResetGame
 2D2D:DD11       _USL_LoadGame
 2D2D:DD15       _USL_SaveGame
 2D2D:DD19       _abortprogram
 2D2D:DD1B       _snake
 2D2D:DD1D       _topcard
 2D2D:DD21       _cardstack
 2D2D:DD3D       _cstackptr

Program entry point at 0000:0000

