
 Start  Stop   Length Name               Class

 00000H 03B86H 03B87H _TEXT              CODE
 03B87H 03E5FH 002D9H SNAILAS_TEXT       CODE
 03E60H 0CBC7H 08D68H CK_OBJ_TEXT        CODE
 0CBC8H 0DAEDH 00F26H CK_MISC_TEXT       CODE
 0DAEEH 0E0AEH 005C1H CK_MAP_TEXT        CODE
 0E0AFH 0EEB5H 00E07H CK_TEXT_TEXT       CODE
 0EEB6H 1051CH 01667H CK_GAME_TEXT       CODE
 1051DH 1255DH 02041H CK_INTER_TEXT      CODE
 1255EH 15902H 033A5H CK_KEEN_TEXT       CODE
 15903H 15CA8H 003A6H CK_MAIN_TEXT       CODE
 15CA9H 1722DH 01585H CK_PHYS_TEXT       CODE
 1722EH 19DDCH 02BAFH CK_PLAY_TEXT       CODE
 19DDDH 1AF7FH 011A3H ID_MM_TEXT         CODE
 1AF80H 1C1B3H 01234H ID_CA_TEXT         CODE
 1C1B4H 1CE0AH 00C57H ID_VW_TEXT         CODE
 1CE0CH 1DB73H 00D68H ID_VW_A_TEXT       CODE
 1DB74H 1F809H 01C96H ID_RF_TEXT         CODE
 1F80AH 1FCEDH 004E4H ID_RF_A_TEXT       CODE
 1FCEEH 20CB2H 00FC5H ID_IN_TEXT         CODE
 20CB3H 218C4H 00C12H ID_SD_TEXT         CODE
 218C5H 22BFDH 01339H ID_US_1_TEXT       CODE
 22BFEH 25568H 0296BH ID_US_2_TEXT       CODE
 2556AH 255AEH 00045H ID_US_A_TEXT       CODE
 255AFH 25898H 002EAH KD_SM_TEXT         CODE
 258A0H 258A0H 00000H _FARDATA           FAR_DATA
 258A0H 259A1H 00102H FAR_DATA           FAR_DATA
 259B0H 259C7H 00018H CK_OBJ5_DATA       FAR_DATA
 259D0H 25A0FH 00040H CK_GAME5_DATA      FAR_DATA
 25A10H 25A4FH 00040H CK_GAME6_DATA      FAR_DATA
 25A50H 25A8FH 00040H CK_GAME7_DATA      FAR_DATA
 25A90H 25ACFH 00040H CK_GAME8_DATA      FAR_DATA
 25AD0H 25B0FH 00040H CK_GAME9_DATA      FAR_DATA
 25B10H 25B4FH 00040H CK_GAME10_DATA     FAR_DATA
 25B50H 25B8FH 00040H CK_GAME11_DATA     FAR_DATA
 25B90H 25BCFH 00040H CK_GAME12_DATA     FAR_DATA
 25BD0H 25C0FH 00040H CK_GAME13_DATA     FAR_DATA
 25C10H 25C4FH 00040H CK_GAME14_DATA     FAR_DATA
 25C50H 25C8FH 00040H CK_GAME15_DATA     FAR_DATA
 25C90H 25CCFH 00040H CK_GAME16_DATA     FAR_DATA
 25CD0H 25D0FH 00040H CK_GAME17_DATA     FAR_DATA
 25D10H 25D4FH 00040H CK_GAME18_DATA     FAR_DATA
 25D50H 25D8FH 00040H CK_GAME19_DATA     FAR_DATA
 25D90H 25DCFH 00040H CK_GAME20_DATA     FAR_DATA
 25DD0H 25E0FH 00040H CK_GAME21_DATA     FAR_DATA
 25E10H 25E4FH 00040H CK_GAME22_DATA     FAR_DATA
 25E50H 25E8FH 00040H CK_GAME23_DATA     FAR_DATA
 25E90H 25ECFH 00040H CK_GAME24_DATA     FAR_DATA
 25ED0H 25F1DH 0004EH CK_INTER5_DATA     FAR_DATA
 25F20H 25F9FH 00080H ID_IN5_DATA        FAR_DATA
 25FA0H 2601FH 00080H ID_IN6_DATA        FAR_DATA
 26020H 2609FH 00080H ID_IN7_DATA        FAR_DATA
 260A0H 260FBH 0005CH ID_US_25_DATA      FAR_DATA
 26100H 26149H 0004AH ID_US_26_DATA      FAR_DATA
 26150H 261ABH 0005CH ID_US_27_DATA      FAR_DATA
 261B0H 26255H 000A6H ID_US_28_DATA      FAR_DATA
 26260H 26315H 000B6H ID_US_29_DATA      FAR_DATA
 26320H 263D5H 000B6H ID_US_210_DATA     FAR_DATA
 263E0H 2644DH 0006EH ID_US_211_DATA     FAR_DATA
 26450H 264F3H 000A4H ID_US_212_DATA     FAR_DATA
 26500H 26583H 00084H ID_US_213_DATA     FAR_DATA
 26590H 26635H 000A6H ID_US_214_DATA     FAR_DATA
 26640H 26707H 000C8H ID_US_215_DATA     FAR_DATA
 26710H 276B7H 00FA8H IntroscnSeg        FAR_DATA
 276C0H 276C0H 00000H _FARBSS            FAR_BSS
 276C0H 29526H 01E67H _COMDEF_AA_        FAR_BSS
 29530H 2D21FH 03CF0H _COMDEF_AB_        FAR_BSS
 2D220H 2D220H 00000H _OVERLAY_          OVRINFO
 2D220H 2D220H 00000H _1STUB_            STUBSEG
 2D220H 32291H 05072H _DATA              DATA
 32292H 32293H 00002H _CVTSEG            DATA
 32294H 32299H 00006H _SCNSEG            DATA
 3229AH 3229AH 00000H _CONST             CONST
 3229AH 322B1H 00018H _INIT_             INITDATA
 322B2H 322B2H 00000H _INITEND_          INITDATA
 322B2H 322B2H 00000H _EXIT_             EXITDATA
 322B2H 322B2H 00000H _EXITEND_          EXITDATA
 322B2H 328E7H 00636H _BSS               BSS
 328E8H 3AF2AH 08643H _COMDEF_           BSS
 3AF2BH 3AF2BH 00000H _BSSEND            BSSEND
 3AF30H 3AFAFH 00080H _STACK             STACK


Detailed map of segments

 0000:0000 02C8 C=CODE   S=_TEXT          G=(none)  M=c0.ASM     ACBP=28
 0000:02C8 002D C=CODE   S=_TEXT          G=(none)  M=ATEXIT     ACBP=28
 0000:02F5 0000 C=CODE   S=_TEXT          G=(none)  M=CTYPE      ACBP=28
 0000:02F5 00A9 C=CODE   S=_TEXT          G=(none)  M=DOSCMD     ACBP=28
 0000:039E 00FD C=CODE   S=_TEXT          G=(none)  M=DOSENV     ACBP=28
 0000:049B 0060 C=CODE   S=_TEXT          G=(none)  M=DOSFIND    ACBP=28
 0000:04FB 002A C=CODE   S=_TEXT          G=(none)  M=DOSGDRIV   ACBP=28
 0000:0525 0093 C=CODE   S=_TEXT          G=(none)  M=EXIT       ACBP=28
 0000:05B8 0000 C=CODE   S=_TEXT          G=(none)  M=FILES      ACBP=28
 0000:05B8 0000 C=CODE   S=_TEXT          G=(none)  M=FILES2     ACBP=28
 0000:05B8 0000 C=CODE   S=_TEXT          G=(none)  M=FMODE      ACBP=28
 0000:05B8 0017 C=CODE   S=_TEXT          G=(none)  M=F_LXMUL    ACBP=28
 0000:05CF 0021 C=CODE   S=_TEXT          G=(none)  M=F_PCMP     ACBP=28
 0000:05F0 001C C=CODE   S=_TEXT          G=(none)  M=F_SCOPY    ACBP=28
 0000:060C 0020 C=CODE   S=_TEXT          G=(none)  M=GETVECT    ACBP=28
 0000:062C 0000 C=CODE   S=_TEXT          G=(none)  M=HEAPLEN    ACBP=28
 0000:062C 00AE C=CODE   S=_TEXT          G=(none)  M=H_LDIV     ACBP=28
 0000:06DA 0021 C=CODE   S=_TEXT          G=(none)  M=H_LLSH     ACBP=28
 0000:06FB 0020 C=CODE   S=_TEXT          G=(none)  M=H_LRSH     ACBP=28
 0000:071B 0021 C=CODE   S=_TEXT          G=(none)  M=H_LURSH    ACBP=28
 0000:073C 0088 C=CODE   S=_TEXT          G=(none)  M=H_PADA     ACBP=28
 0000:07C4 0060 C=CODE   S=_TEXT          G=(none)  M=H_PADD     ACBP=28
 0000:0824 0028 C=CODE   S=_TEXT          G=(none)  M=H_PSBP     ACBP=28
 0000:084C 0027 C=CODE   S=_TEXT          G=(none)  M=H_SPUSH    ACBP=28
 0000:0873 004B C=CODE   S=_TEXT          G=(none)  M=IOERROR    ACBP=28
 0000:08BE 0011 C=CODE   S=_TEXT          G=(none)  M=ISATTY     ACBP=28
 0000:08CF 009A C=CODE   S=_TEXT          G=(none)  M=LONGTOA    ACBP=28
 0000:0969 0029 C=CODE   S=_TEXT          G=(none)  M=LSEEK      ACBP=28
 0000:0992 0017 C=CODE   S=_TEXT          G=(none)  M=N_LXMUL    ACBP=28
 0000:09A9 0021 C=CODE   S=_TEXT          G=(none)  M=N_PCMP     ACBP=28
 0000:09CA 0037 C=CODE   S=_TEXT          G=(none)  M=RAND       ACBP=28
 0000:0A01 002D C=CODE   S=_TEXT          G=(none)  M=READA      ACBP=28
 0000:0A2E 0016 C=CODE   S=_TEXT          G=(none)  M=REMOVE     ACBP=28
 0000:0A44 02D8 C=CODE   S=_TEXT          G=(none)  M=SEARCHP    ACBP=28
 0000:0D1C 00A5 C=CODE   S=_TEXT          G=(none)  M=SETUPIO    ACBP=28
 0000:0DC1 0000 C=CODE   S=_TEXT          G=(none)  M=STKLEN     ACBP=28
 0000:0DC1 001A C=CODE   S=_TEXT          G=(none)  M=TELL       ACBP=28
 0000:0DDB 002C C=CODE   S=_TEXT          G=(none)  M=TOLOWER    ACBP=28
 0000:0E07 002C C=CODE   S=_TEXT          G=(none)  M=TOUPPER    ACBP=28
 0000:0E33 0016 C=CODE   S=_TEXT          G=(none)  M=UNLINK     ACBP=28
 0000:0E49 04CB C=CODE   S=_TEXT          G=(none)  M=VPRINTER   ACBP=28
 0000:1314 009F C=CODE   S=_TEXT          G=(none)  M=VRAM       ACBP=28
 0000:13B3 0029 C=CODE   S=_TEXT          G=(none)  M=_STPCPY    ACBP=28
 0000:13DC 0025 C=CODE   S=_TEXT          G=(none)  M=BIOSKEY    ACBP=28
 0000:1401 006F C=CODE   S=_TEXT          G=(none)  M=BRK        ACBP=28
 0000:1470 0029 C=CODE   S=_TEXT          G=(none)  M=CLRSCR     ACBP=28
 0000:1499 0010 C=CODE   S=_TEXT          G=(none)  M=CORELEFT   ACBP=28
 0000:14A9 01A1 C=CODE   S=_TEXT          G=(none)  M=CRTINIT    ACBP=28
 0000:164A 001F C=CODE   S=_TEXT          G=(none)  M=CVTFAK     ACBP=28
 0000:1669 0396 C=CODE   S=_TEXT          G=(none)  M=EXEC       ACBP=28
 0000:19FF 001D C=CODE   S=_TEXT          G=(none)  M=EXECLP     ACBP=28
 0000:1A1C 0421 C=CODE   S=_TEXT          G=(none)  M=FARHEAP    ACBP=28
 0000:1E3D 0140 C=CODE   S=_TEXT          G=(none)  M=FBRK       ACBP=28
 0000:1F7D 0050 C=CODE   S=_TEXT          G=(none)  M=FCORELFT   ACBP=28
 0000:1FCD 0049 C=CODE   S=_TEXT          G=(none)  M=GOTOXY     ACBP=28
 0000:2016 00A8 C=CODE   S=_TEXT          G=(none)  M=GPTEXT     ACBP=28
 0000:20BE 002E C=CODE   S=_TEXT          G=(none)  M=HARD       ACBP=28
 0000:20EC 0126 C=CODE   S=_TEXT          G=(none)  M=HARDERR    ACBP=28
 0000:2212 0027 C=CODE   S=_TEXT          G=(none)  M=IOCTL      ACBP=28
 0000:2239 0097 C=CODE   S=_TEXT          G=(none)  M=LOADPROG   ACBP=28
 0000:22D0 009D C=CODE   S=_TEXT          G=(none)  M=MOVETEXT   ACBP=28
 0000:236D 027B C=CODE   S=_TEXT          G=(none)  M=NEARHEAP   ACBP=28
 0000:25E8 0004 C=CODE   S=_TEXT          G=(none)  M=REALCVT    ACBP=28
 0000:25EC 01BD C=CODE   S=_TEXT          G=(none)  M=SCREEN     ACBP=28
 0000:27A9 0188 C=CODE   S=_TEXT          G=(none)  M=SCROLL     ACBP=28
 0000:2931 0119 C=CODE   S=_TEXT          G=(none)  M=SETARGV    ACBP=28
 0000:2A4A 001C C=CODE   S=_TEXT          G=(none)  M=SETBLOCK   ACBP=28
 0000:2A66 005D C=CODE   S=_TEXT          G=(none)  M=SETENVP    ACBP=28
 0000:2AC3 002C C=CODE   S=_TEXT          G=(none)  M=WHEREXY    ACBP=28
 0000:2AEF 007D C=CODE   S=_TEXT          G=(none)  M=ATOL       ACBP=28
 0000:2B6C 0010 C=CODE   S=_TEXT          G=(none)  M=BDOS       ACBP=28
 0000:2B7C 001B C=CODE   S=_TEXT          G=(none)  M=CHMODA     ACBP=28
 0000:2B97 0028 C=CODE   S=_TEXT          G=(none)  M=CLOSE      ACBP=28
 0000:2BBF 001E C=CODE   S=_TEXT          G=(none)  M=CLOSEA     ACBP=28
 0000:2BDD 0081 C=CODE   S=_TEXT          G=(none)  M=FFLUSH     ACBP=28
 0000:2C5E 0041 C=CODE   S=_TEXT          G=(none)  M=FLENGTH    ACBP=28
 0000:2C9F 003A C=CODE   S=_TEXT          G=(none)  M=FLUSHALL   ACBP=28
 0000:2CD9 0016 C=CODE   S=_TEXT          G=(none)  M=FPRINTF    ACBP=28
 0000:2CEF 018C C=CODE   S=_TEXT          G=(none)  M=FSEEK      ACBP=28
 0000:2E7B 005F C=CODE   S=_TEXT          G=(none)  M=GETENV     ACBP=28
 0000:2EDA 0067 C=CODE   S=_TEXT          G=(none)  M=LTOA1      ACBP=28
 0000:2F41 0029 C=CODE   S=_TEXT          G=(none)  M=MEMCMP     ACBP=28
 0000:2F6A 001F C=CODE   S=_TEXT          G=(none)  M=MEMCPY     ACBP=28
 0000:2F89 0041 C=CODE   S=_TEXT          G=(none)  M=MEMSET     ACBP=28
 0000:2FCA 0022 C=CODE   S=_TEXT          G=(none)  M=MOVEDATA   ACBP=28
 0000:2FEC 0183 C=CODE   S=_TEXT          G=(none)  M=OPEN       ACBP=28
 0000:316F 004D C=CODE   S=_TEXT          G=(none)  M=OPENA      ACBP=28
 0000:31BC 0309 C=CODE   S=_TEXT          G=(none)  M=PUTC       ACBP=28
 0000:34C5 004B C=CODE   S=_TEXT          G=(none)  M=PUTS       ACBP=28
 0000:3510 00CE C=CODE   S=_TEXT          G=(none)  M=READ       ACBP=28
 0000:35DE 0003 C=CODE   S=_TEXT          G=(none)  M=READU      ACBP=28
 0000:35E1 00D8 C=CODE   S=_TEXT          G=(none)  M=SETVBUF    ACBP=28
 0000:36B9 0229 C=CODE   S=_TEXT          G=(none)  M=SPLITPTH   ACBP=28
 0000:38E2 0039 C=CODE   S=_TEXT          G=(none)  M=STRCAT     ACBP=28
 0000:391B 002F C=CODE   S=_TEXT          G=(none)  M=STRCMP     ACBP=28
 0000:394A 0022 C=CODE   S=_TEXT          G=(none)  M=STRCPY     ACBP=28
 0000:396C 001A C=CODE   S=_TEXT          G=(none)  M=STRLEN     ACBP=28
 0000:3986 002C C=CODE   S=_TEXT          G=(none)  M=STRNCPY    ACBP=28
 0000:39B2 010E C=CODE   S=_TEXT          G=(none)  M=WRITE      ACBP=28
 0000:3AC0 003A C=CODE   S=_TEXT          G=(none)  M=WRITEA     ACBP=28
 0000:3AFA 0003 C=CODE   S=_TEXT          G=(none)  M=WRITEU     ACBP=28
 0000:3AFD 0023 C=CODE   S=_TEXT          G=(none)  M=XFFLUSH    ACBP=28
 0000:3B20 0024 C=CODE   S=_TEXT          G=(none)  M=FMEMCPY    ACBP=28
 0000:3B44 0043 C=CODE   S=_TEXT          G=(none)  M=FMEMSET    ACBP=28
 03B8:0007 02D9 C=CODE   S=SNAILAS_TEXT   G=(none)  M=SNAILAS.C  ACBP=28
 03E6:0000 8D68 C=CODE   S=CK_OBJ_TEXT    G=(none)  M=CK_OBJ.C   ACBP=28
 0CBC:0008 0F26 C=CODE   S=CK_MISC_TEXT   G=(none)  M=CK_MISC.C  ACBP=28
 0DAE:000E 05C1 C=CODE   S=CK_MAP_TEXT    G=(none)  M=CK_MAP.C   ACBP=28
 0E0A:000F 0E07 C=CODE   S=CK_TEXT_TEXT   G=(none)  M=CK_TEXT.C  ACBP=28
 0EEB:0006 1667 C=CODE   S=CK_GAME_TEXT   G=(none)  M=CK_GAME.C  ACBP=28
 1051:000D 2041 C=CODE   S=CK_INTER_TEXT  G=(none)  M=CK_INTER.C ACBP=28
 1255:000E 33A5 C=CODE   S=CK_KEEN_TEXT   G=(none)  M=CK_KEEN.C  ACBP=28
 1590:0003 03A6 C=CODE   S=CK_MAIN_TEXT   G=(none)  M=CK_MAIN.C  ACBP=28
 15CA:0009 1585 C=CODE   S=CK_PHYS_TEXT   G=(none)  M=CK_PHYS.C  ACBP=28
 1722:000E 2BAF C=CODE   S=CK_PLAY_TEXT   G=(none)  M=CK_PLAY.C  ACBP=28
 19DD:000D 11A3 C=CODE   S=ID_MM_TEXT     G=(none)  M=ID_MM.C    ACBP=28
 1AF8:0000 1234 C=CODE   S=ID_CA_TEXT     G=(none)  M=ID_CA.C    ACBP=28
 1C1B:0004 0C57 C=CODE   S=ID_VW_TEXT     G=(none)  M=ID_VW.C    ACBP=28
 1CE0:000C 0D68 C=CODE   S=ID_VW_A_TEXT   G=(none)  M=ID_VW_A.ASM ACBP=48
 1DB7:0004 1C96 C=CODE   S=ID_RF_TEXT     G=(none)  M=ID_RF.C    ACBP=28
 1F80:000A 04E4 C=CODE   S=ID_RF_A_TEXT   G=(none)  M=ID_RF_A.ASM ACBP=48
 1FCE:000E 0FC5 C=CODE   S=ID_IN_TEXT     G=(none)  M=ID_IN.C    ACBP=28
 20CB:0003 0C12 C=CODE   S=ID_SD_TEXT     G=(none)  M=ID_SD.C    ACBP=28
 218C:0005 1339 C=CODE   S=ID_US_1_TEXT   G=(none)  M=ID_US_1.C  ACBP=28
 22BF:000E 296B C=CODE   S=ID_US_2_TEXT   G=(none)  M=ID_US_2.C  ACBP=28
 2556:000A 0045 C=CODE   S=ID_US_A_TEXT   G=(none)  M=ID_US_A.ASM ACBP=48
 255A:000F 02EA C=CODE   S=KD_SM_TEXT     G=(none)  M=KD_SM.C    ACBP=28
 258A:0000 0000 C=FAR_DATA S=_FARDATA       G=(none)  M=c0.ASM     ACBP=68
 258A:0000 0102 C=FAR_DATA S=FAR_DATA       G=(none)  M=ID_US_A.ASM ACBP=60
 259B:0000 0018 C=FAR_DATA S=CK_OBJ5_DATA   G=(none)  M=CK_OBJ.C   ACBP=68
 259D:0000 0040 C=FAR_DATA S=CK_GAME5_DATA  G=(none)  M=CK_GAME.C  ACBP=68
 25A1:0000 0040 C=FAR_DATA S=CK_GAME6_DATA  G=(none)  M=CK_GAME.C  ACBP=68
 25A5:0000 0040 C=FAR_DATA S=CK_GAME7_DATA  G=(none)  M=CK_GAME.C  ACBP=68
 25A9:0000 0040 C=FAR_DATA S=CK_GAME8_DATA  G=(none)  M=CK_GAME.C  ACBP=68
 25AD:0000 0040 C=FAR_DATA S=CK_GAME9_DATA  G=(none)  M=CK_GAME.C  ACBP=68
 25B1:0000 0040 C=FAR_DATA S=CK_GAME10_DATA G=(none)  M=CK_GAME.C  ACBP=68
 25B5:0000 0040 C=FAR_DATA S=CK_GAME11_DATA G=(none)  M=CK_GAME.C  ACBP=68
 25B9:0000 0040 C=FAR_DATA S=CK_GAME12_DATA G=(none)  M=CK_GAME.C  ACBP=68
 25BD:0000 0040 C=FAR_DATA S=CK_GAME13_DATA G=(none)  M=CK_GAME.C  ACBP=68
 25C1:0000 0040 C=FAR_DATA S=CK_GAME14_DATA G=(none)  M=CK_GAME.C  ACBP=68
 25C5:0000 0040 C=FAR_DATA S=CK_GAME15_DATA G=(none)  M=CK_GAME.C  ACBP=68
 25C9:0000 0040 C=FAR_DATA S=CK_GAME16_DATA G=(none)  M=CK_GAME.C  ACBP=68
 25CD:0000 0040 C=FAR_DATA S=CK_GAME17_DATA G=(none)  M=CK_GAME.C  ACBP=68
 25D1:0000 0040 C=FAR_DATA S=CK_GAME18_DATA G=(none)  M=CK_GAME.C  ACBP=68
 25D5:0000 0040 C=FAR_DATA S=CK_GAME19_DATA G=(none)  M=CK_GAME.C  ACBP=68
 25D9:0000 0040 C=FAR_DATA S=CK_GAME20_DATA G=(none)  M=CK_GAME.C  ACBP=68
 25DD:0000 0040 C=FAR_DATA S=CK_GAME21_DATA G=(none)  M=CK_GAME.C  ACBP=68
 25E1:0000 0040 C=FAR_DATA S=CK_GAME22_DATA G=(none)  M=CK_GAME.C  ACBP=68
 25E5:0000 0040 C=FAR_DATA S=CK_GAME23_DATA G=(none)  M=CK_GAME.C  ACBP=68
 25E9:0000 0040 C=FAR_DATA S=CK_GAME24_DATA G=(none)  M=CK_GAME.C  ACBP=68
 25ED:0000 004E C=FAR_DATA S=CK_INTER5_DATA G=(none)  M=CK_INTER.C ACBP=68
 25F2:0000 0080 C=FAR_DATA S=ID_IN5_DATA    G=(none)  M=ID_IN.C    ACBP=68
 25FA:0000 0080 C=FAR_DATA S=ID_IN6_DATA    G=(none)  M=ID_IN.C    ACBP=68
 2602:0000 0080 C=FAR_DATA S=ID_IN7_DATA    G=(none)  M=ID_IN.C    ACBP=68
 260A:0000 005C C=FAR_DATA S=ID_US_25_DATA  G=(none)  M=ID_US_2.C  ACBP=68
 2610:0000 004A C=FAR_DATA S=ID_US_26_DATA  G=(none)  M=ID_US_2.C  ACBP=68
 2615:0000 005C C=FAR_DATA S=ID_US_27_DATA  G=(none)  M=ID_US_2.C  ACBP=68
 261B:0000 00A6 C=FAR_DATA S=ID_US_28_DATA  G=(none)  M=ID_US_2.C  ACBP=68
 2626:0000 00B6 C=FAR_DATA S=ID_US_29_DATA  G=(none)  M=ID_US_2.C  ACBP=68
 2632:0000 00B6 C=FAR_DATA S=ID_US_210_DATA G=(none)  M=ID_US_2.C  ACBP=68
 263E:0000 006E C=FAR_DATA S=ID_US_211_DATA G=(none)  M=ID_US_2.C  ACBP=68
 2645:0000 00A4 C=FAR_DATA S=ID_US_212_DATA G=(none)  M=ID_US_2.C  ACBP=68
 2650:0000 0084 C=FAR_DATA S=ID_US_213_DATA G=(none)  M=ID_US_2.C  ACBP=68
 2659:0000 00A6 C=FAR_DATA S=ID_US_214_DATA G=(none)  M=ID_US_2.C  ACBP=68
 2664:0000 00C8 C=FAR_DATA S=ID_US_215_DATA G=(none)  M=ID_US_2.C  ACBP=68
 2671:0000 0FA8 C=FAR_DATA S=IntroscnSeg    G=(none)  M=INTROSCN.SCN ACBP=60
 276C:0000 0000 C=FAR_BSS S=_FARBSS        G=(none)  M=c0.ASM     ACBP=68
 276C:0000 1E67 C=FAR_BSS S=_COMDEF_AA_    G=(none)  M=ID_CA.C    ACBP=60
 2953:0000 3CF0 C=FAR_BSS S=_COMDEF_AB_    G=(none)  M=ID_MM.C    ACBP=60
 2D22:0000 0000 C=OVRINFO S=_OVERLAY_      G=(none)  M=c0.ASM     ACBP=68
 2D22:0000 0000 C=STUBSEG S=_1STUB_        G=(none)  M=c0.ASM     ACBP=68
 2D22:0000 00AA C=DATA   S=_DATA          G=DGROUP  M=c0.ASM     ACBP=68
 2D22:00AA 0014 C=DATA   S=_DATA          G=DGROUP  M=SNAILAS.C  ACBP=48
 2D22:00BE 1E82 C=DATA   S=_DATA          G=DGROUP  M=CK_OBJ.C   ACBP=48
 2D22:1F40 00E2 C=DATA   S=_DATA          G=DGROUP  M=CK_MISC.C  ACBP=48
 2D22:2022 019E C=DATA   S=_DATA          G=DGROUP  M=CK_MAP.C   ACBP=48
 2D22:21C0 000C C=DATA   S=_DATA          G=DGROUP  M=CK_TEXT.C  ACBP=48
 2D22:21CC 0010 C=DATA   S=_DATA          G=DGROUP  M=CK_GAME.C  ACBP=48
 2D22:21DC 0318 C=DATA   S=_DATA          G=DGROUP  M=CK_INTER.C ACBP=48
 2D22:24F4 0D40 C=DATA   S=_DATA          G=DGROUP  M=CK_KEEN.C  ACBP=48
 2D22:3234 0015 C=DATA   S=_DATA          G=DGROUP  M=CK_MAIN.C  ACBP=48
 2D22:324A 0100 C=DATA   S=_DATA          G=DGROUP  M=CK_PHYS.C  ACBP=48
 2D22:334A 007E C=DATA   S=_DATA          G=DGROUP  M=CK_PLAY.C  ACBP=48
 2D22:33C8 0009 C=DATA   S=_DATA          G=DGROUP  M=ID_MM.C    ACBP=48
 2D22:33D2 0053 C=DATA   S=_DATA          G=DGROUP  M=ID_CA.C    ACBP=48
 2D22:3426 008F C=DATA   S=_DATA          G=DGROUP  M=ID_VW.C    ACBP=48
 2D22:34B6 16BE C=DATA   S=_DATA          G=DGROUP  M=ID_VW_A.ASM ACBP=48
 2D22:4B74 0008 C=DATA   S=_DATA          G=DGROUP  M=ID_RF.C    ACBP=48
 2D22:4B7C 0002 C=DATA   S=_DATA          G=DGROUP  M=ID_RF_A.ASM ACBP=48
 2D22:4B7E 0034 C=DATA   S=_DATA          G=DGROUP  M=ID_IN.C    ACBP=48
 2D22:4BB2 0016 C=DATA   S=_DATA          G=DGROUP  M=ID_SD.C    ACBP=48
 2D22:4BC8 00A7 C=DATA   S=_DATA          G=DGROUP  M=ID_US_1.C  ACBP=48
 2D22:4C70 002C C=DATA   S=_DATA          G=DGROUP  M=ID_US_2.C  ACBP=48
 2D22:4C9C 0000 C=DATA   S=_DATA          G=DGROUP  M=ID_US_A.ASM ACBP=48
 2D22:4C9C 0014 C=DATA   S=_DATA          G=DGROUP  M=KD_SM.C    ACBP=48
 2D22:4CB0 0002 C=DATA   S=_DATA          G=DGROUP  M=ATEXIT     ACBP=48
 2D22:4CB2 0101 C=DATA   S=_DATA          G=DGROUP  M=CTYPE      ACBP=48
 2D22:4DB4 0000 C=DATA   S=_DATA          G=DGROUP  M=DOSCMD     ACBP=48
 2D22:4DB4 0000 C=DATA   S=_DATA          G=DGROUP  M=DOSENV     ACBP=48
 2D22:4DB4 0000 C=DATA   S=_DATA          G=DGROUP  M=DOSFIND    ACBP=48
 2D22:4DB4 0000 C=DATA   S=_DATA          G=DGROUP  M=DOSGDRIV   ACBP=48
 2D22:4DB4 000C C=DATA   S=_DATA          G=DGROUP  M=EXIT       ACBP=48
 2D22:4DC0 0140 C=DATA   S=_DATA          G=DGROUP  M=FILES      ACBP=48
 2D22:4F00 002A C=DATA   S=_DATA          G=DGROUP  M=FILES2     ACBP=48
 2D22:4F2A 0004 C=DATA   S=_DATA          G=DGROUP  M=FMODE      ACBP=48
 2D22:4F2E 0000 C=DATA   S=_DATA          G=DGROUP  M=F_LXMUL    ACBP=48
 2D22:4F2E 0000 C=DATA   S=_DATA          G=DGROUP  M=F_PCMP     ACBP=48
 2D22:4F2E 0000 C=DATA   S=_DATA          G=DGROUP  M=F_SCOPY    ACBP=48
 2D22:4F2E 0000 C=DATA   S=_DATA          G=DGROUP  M=GETVECT    ACBP=48
 2D22:4F2E 0002 C=DATA   S=_DATA          G=DGROUP  M=HEAPLEN    ACBP=48
 2D22:4F30 0000 C=DATA   S=_DATA          G=DGROUP  M=H_LDIV     ACBP=48
 2D22:4F30 0000 C=DATA   S=_DATA          G=DGROUP  M=H_LLSH     ACBP=48
 2D22:4F30 0000 C=DATA   S=_DATA          G=DGROUP  M=H_LRSH     ACBP=48
 2D22:4F30 0000 C=DATA   S=_DATA          G=DGROUP  M=H_LURSH    ACBP=48
 2D22:4F30 0000 C=DATA   S=_DATA          G=DGROUP  M=H_PADA     ACBP=48
 2D22:4F30 0000 C=DATA   S=_DATA          G=DGROUP  M=H_PADD     ACBP=48
 2D22:4F30 0000 C=DATA   S=_DATA          G=DGROUP  M=H_PSBP     ACBP=48
 2D22:4F30 0000 C=DATA   S=_DATA          G=DGROUP  M=H_SPUSH    ACBP=48
 2D22:4F30 005B C=DATA   S=_DATA          G=DGROUP  M=IOERROR    ACBP=48
 2D22:4F8C 0000 C=DATA   S=_DATA          G=DGROUP  M=ISATTY     ACBP=48
 2D22:4F8C 0000 C=DATA   S=_DATA          G=DGROUP  M=LONGTOA    ACBP=48
 2D22:4F8C 0000 C=DATA   S=_DATA          G=DGROUP  M=LSEEK      ACBP=48
 2D22:4F8C 0000 C=DATA   S=_DATA          G=DGROUP  M=N_LXMUL    ACBP=48
 2D22:4F8C 0000 C=DATA   S=_DATA          G=DGROUP  M=N_PCMP     ACBP=48
 2D22:4F8C 0004 C=DATA   S=_DATA          G=DGROUP  M=RAND       ACBP=48
 2D22:4F90 0000 C=DATA   S=_DATA          G=DGROUP  M=READA      ACBP=48
 2D22:4F90 0000 C=DATA   S=_DATA          G=DGROUP  M=REMOVE     ACBP=48
 2D22:4F90 000F C=DATA   S=_DATA          G=DGROUP  M=SEARCHP    ACBP=48
 2D22:4FA0 0000 C=DATA   S=_DATA          G=DGROUP  M=SETUPIO    ACBP=48
 2D22:4FA0 0002 C=DATA   S=_DATA          G=DGROUP  M=STKLEN     ACBP=48
 2D22:4FA2 0000 C=DATA   S=_DATA          G=DGROUP  M=TELL       ACBP=48
 2D22:4FA2 0000 C=DATA   S=_DATA          G=DGROUP  M=TOLOWER    ACBP=48
 2D22:4FA2 0000 C=DATA   S=_DATA          G=DGROUP  M=TOUPPER    ACBP=48
 2D22:4FA2 0000 C=DATA   S=_DATA          G=DGROUP  M=UNLINK     ACBP=48
 2D22:4FA2 0067 C=DATA   S=_DATA          G=DGROUP  M=VPRINTER   ACBP=48
 2D22:500A 0000 C=DATA   S=_DATA          G=DGROUP  M=VRAM       ACBP=48
 2D22:500A 0000 C=DATA   S=_DATA          G=DGROUP  M=_STPCPY    ACBP=48
 2D22:500A 0000 C=DATA   S=_DATA          G=DGROUP  M=BIOSKEY    ACBP=48
 2D22:500A 0000 C=DATA   S=_DATA          G=DGROUP  M=BRK        ACBP=48
 2D22:500A 0000 C=DATA   S=_DATA          G=DGROUP  M=CLRSCR     ACBP=48
 2D22:500A 0000 C=DATA   S=_DATA          G=DGROUP  M=CORELEFT   ACBP=48
 2D22:500A 0018 C=DATA   S=_DATA          G=DGROUP  M=CRTINIT    ACBP=48
 2D22:5022 0031 C=DATA   S=_DATA          G=DGROUP  M=CVTFAK     ACBP=48
 2D22:5054 0000 C=DATA   S=_DATA          G=DGROUP  M=EXEC       ACBP=48
 2D22:5054 0000 C=DATA   S=_DATA          G=DGROUP  M=EXECLP     ACBP=48
 2D22:5054 0000 C=DATA   S=_DATA          G=DGROUP  M=FARHEAP    ACBP=48
 2D22:5054 0002 C=DATA   S=_DATA          G=DGROUP  M=FBRK       ACBP=48
 2D22:5056 0000 C=DATA   S=_DATA          G=DGROUP  M=FCORELFT   ACBP=48
 2D22:5056 0000 C=DATA   S=_DATA          G=DGROUP  M=GOTOXY     ACBP=48
 2D22:5056 0000 C=DATA   S=_DATA          G=DGROUP  M=GPTEXT     ACBP=48
 2D22:5056 0000 C=DATA   S=_DATA          G=DGROUP  M=HARD       ACBP=48
 2D22:5056 0000 C=DATA   S=_DATA          G=DGROUP  M=HARDERR    ACBP=48
 2D22:5056 0000 C=DATA   S=_DATA          G=DGROUP  M=IOCTL      ACBP=48
 2D22:5056 0000 C=DATA   S=_DATA          G=DGROUP  M=LOADPROG   ACBP=48
 2D22:5056 0000 C=DATA   S=_DATA          G=DGROUP  M=MOVETEXT   ACBP=48
 2D22:5056 0006 C=DATA   S=_DATA          G=DGROUP  M=NEARHEAP   ACBP=48
 2D22:505C 0000 C=DATA   S=_DATA          G=DGROUP  M=REALCVT    ACBP=48
 2D22:505C 0000 C=DATA   S=_DATA          G=DGROUP  M=SCREEN     ACBP=48
 2D22:505C 0000 C=DATA   S=_DATA          G=DGROUP  M=SCROLL     ACBP=48
 2D22:505C 000E C=DATA   S=_DATA          G=DGROUP  M=SETARGV    ACBP=48
 2D22:506A 0000 C=DATA   S=_DATA          G=DGROUP  M=SETBLOCK   ACBP=48
 2D22:506A 0002 C=DATA   S=_DATA          G=DGROUP  M=SETENVP    ACBP=48
 2D22:506C 0000 C=DATA   S=_DATA          G=DGROUP  M=WHEREXY    ACBP=48
 2D22:506C 0000 C=DATA   S=_DATA          G=DGROUP  M=ATOL       ACBP=48
 2D22:506C 0000 C=DATA   S=_DATA          G=DGROUP  M=BDOS       ACBP=48
 2D22:506C 0000 C=DATA   S=_DATA          G=DGROUP  M=CHMODA     ACBP=48
 2D22:506C 0000 C=DATA   S=_DATA          G=DGROUP  M=CLOSE      ACBP=48
 2D22:506C 0000 C=DATA   S=_DATA          G=DGROUP  M=CLOSEA     ACBP=48
 2D22:506C 0000 C=DATA   S=_DATA          G=DGROUP  M=FFLUSH     ACBP=48
 2D22:506C 0000 C=DATA   S=_DATA          G=DGROUP  M=FLENGTH    ACBP=48
 2D22:506C 0000 C=DATA   S=_DATA          G=DGROUP  M=FLUSHALL   ACBP=48
 2D22:506C 0000 C=DATA   S=_DATA          G=DGROUP  M=FPRINTF    ACBP=48
 2D22:506C 0000 C=DATA   S=_DATA          G=DGROUP  M=FSEEK      ACBP=48
 2D22:506C 0000 C=DATA   S=_DATA          G=DGROUP  M=GETENV     ACBP=48
 2D22:506C 0000 C=DATA   S=_DATA          G=DGROUP  M=LTOA1      ACBP=48
 2D22:506C 0000 C=DATA   S=_DATA          G=DGROUP  M=MEMCMP     ACBP=48
 2D22:506C 0000 C=DATA   S=_DATA          G=DGROUP  M=MEMCPY     ACBP=48
 2D22:506C 0000 C=DATA   S=_DATA          G=DGROUP  M=MEMSET     ACBP=48
 2D22:506C 0000 C=DATA   S=_DATA          G=DGROUP  M=MOVEDATA   ACBP=48
 2D22:506C 0000 C=DATA   S=_DATA          G=DGROUP  M=OPEN       ACBP=48
 2D22:506C 0000 C=DATA   S=_DATA          G=DGROUP  M=OPENA      ACBP=48
 2D22:506C 0001 C=DATA   S=_DATA          G=DGROUP  M=PUTC       ACBP=48
 2D22:506E 0000 C=DATA   S=_DATA          G=DGROUP  M=PUTS       ACBP=48
 2D22:506E 0000 C=DATA   S=_DATA          G=DGROUP  M=READ       ACBP=48
 2D22:506E 0000 C=DATA   S=_DATA          G=DGROUP  M=READU      ACBP=48
 2D22:506E 0004 C=DATA   S=_DATA          G=DGROUP  M=SETVBUF    ACBP=48
 2D22:5072 0000 C=DATA   S=_DATA          G=DGROUP  M=SPLITPTH   ACBP=48
 2D22:5072 0000 C=DATA   S=_DATA          G=DGROUP  M=STRCAT     ACBP=48
 2D22:5072 0000 C=DATA   S=_DATA          G=DGROUP  M=STRCMP     ACBP=48
 2D22:5072 0000 C=DATA   S=_DATA          G=DGROUP  M=STRCPY     ACBP=48
 2D22:5072 0000 C=DATA   S=_DATA          G=DGROUP  M=STRLEN     ACBP=48
 2D22:5072 0000 C=DATA   S=_DATA          G=DGROUP  M=STRNCPY    ACBP=48
 2D22:5072 0000 C=DATA   S=_DATA          G=DGROUP  M=WRITE      ACBP=48
 2D22:5072 0000 C=DATA   S=_DATA          G=DGROUP  M=WRITEA     ACBP=48
 2D22:5072 0000 C=DATA   S=_DATA          G=DGROUP  M=WRITEU     ACBP=48
 2D22:5072 0000 C=DATA   S=_DATA          G=DGROUP  M=XFFLUSH    ACBP=48
 2D22:5072 0000 C=DATA   S=_DATA          G=DGROUP  M=FMEMCPY    ACBP=48
 2D22:5072 0000 C=DATA   S=_DATA          G=DGROUP  M=FMEMSET    ACBP=48
 2D22:5072 0000 C=DATA   S=_CVTSEG        G=DGROUP  M=c0.ASM     ACBP=48
 2D22:5072 0002 C=DATA   S=_CVTSEG        G=DGROUP  M=CVTFAK     ACBP=48
 2D22:5074 0000 C=DATA   S=_CVTSEG        G=DGROUP  M=REALCVT    ACBP=48
 2D22:5074 0000 C=DATA   S=_SCNSEG        G=DGROUP  M=c0.ASM     ACBP=48
 2D22:5074 0006 C=DATA   S=_SCNSEG        G=DGROUP  M=CVTFAK     ACBP=48
 2D22:507A 0000 C=CONST  S=_CONST         G=DGROUP  M=c0.ASM     ACBP=48
 2D22:507A 0000 C=INITDATA S=_INIT_         G=DGROUP  M=c0.ASM     ACBP=48
 2D22:507A 0006 C=INITDATA S=_INIT_         G=DGROUP  M=SETUPIO    ACBP=48
 2D22:5080 0006 C=INITDATA S=_INIT_         G=DGROUP  M=CRTINIT    ACBP=48
 2D22:5086 0006 C=INITDATA S=_INIT_         G=DGROUP  M=SETARGV    ACBP=48
 2D22:508C 0006 C=INITDATA S=_INIT_         G=DGROUP  M=SETENVP    ACBP=48
 2D22:5092 0000 C=INITDATA S=_INITEND_      G=DGROUP  M=c0.ASM     ACBP=28
 2D22:5092 0000 C=EXITDATA S=_EXIT_         G=DGROUP  M=c0.ASM     ACBP=48
 2D22:5092 0000 C=EXITDATA S=_EXITEND_      G=DGROUP  M=c0.ASM     ACBP=28
 2D22:5092 0000 C=BSS    S=_BSS           G=DGROUP  M=c0.ASM     ACBP=48
 2D22:5092 0000 C=BSS    S=_BSS           G=DGROUP  M=SNAILAS.C  ACBP=48
 2D22:5092 0000 C=BSS    S=_BSS           G=DGROUP  M=CK_OBJ.C   ACBP=48
 2D22:5092 0000 C=BSS    S=_BSS           G=DGROUP  M=CK_MISC.C  ACBP=48
 2D22:5092 0000 C=BSS    S=_BSS           G=DGROUP  M=CK_MAP.C   ACBP=48
 2D22:5092 0002 C=BSS    S=_BSS           G=DGROUP  M=CK_TEXT.C  ACBP=48
 2D22:5094 0006 C=BSS    S=_BSS           G=DGROUP  M=CK_GAME.C  ACBP=48
 2D22:509A 0002 C=BSS    S=_BSS           G=DGROUP  M=CK_INTER.C ACBP=48
 2D22:509C 0000 C=BSS    S=_BSS           G=DGROUP  M=CK_KEEN.C  ACBP=48
 2D22:509C 0000 C=BSS    S=_BSS           G=DGROUP  M=CK_MAIN.C  ACBP=48
 2D22:509C 0000 C=BSS    S=_BSS           G=DGROUP  M=CK_PHYS.C  ACBP=48
 2D22:509C 0000 C=BSS    S=_BSS           G=DGROUP  M=CK_PLAY.C  ACBP=48
 2D22:509C 0004 C=BSS    S=_BSS           G=DGROUP  M=ID_MM.C    ACBP=48
 2D22:50A0 0000 C=BSS    S=_BSS           G=DGROUP  M=ID_CA.C    ACBP=48
 2D22:50A0 0000 C=BSS    S=_BSS           G=DGROUP  M=ID_VW.C    ACBP=48
 2D22:50A0 0000 C=BSS    S=_BSS           G=DGROUP  M=ID_RF.C    ACBP=48
 2D22:50A0 002E C=BSS    S=_BSS           G=DGROUP  M=ID_IN.C    ACBP=48
 2D22:50CE 0252 C=BSS    S=_BSS           G=DGROUP  M=ID_SD.C    ACBP=48
 2D22:5320 002E C=BSS    S=_BSS           G=DGROUP  M=ID_US_1.C  ACBP=48
 2D22:534E 0012 C=BSS    S=_BSS           G=DGROUP  M=ID_US_2.C  ACBP=48
 2D22:5360 0232 C=BSS    S=_BSS           G=DGROUP  M=KD_SM.C    ACBP=48
 2D22:5592 0080 C=BSS    S=_BSS           G=DGROUP  M=ATEXIT     ACBP=48
 2D22:5612 0000 C=BSS    S=_BSS           G=DGROUP  M=DOSFIND    ACBP=48
 2D22:5612 0000 C=BSS    S=_BSS           G=DGROUP  M=GETVECT    ACBP=48
 2D22:5612 0000 C=BSS    S=_BSS           G=DGROUP  M=IOERROR    ACBP=48
 2D22:5612 0000 C=BSS    S=_BSS           G=DGROUP  M=ISATTY     ACBP=48
 2D22:5612 0000 C=BSS    S=_BSS           G=DGROUP  M=LONGTOA    ACBP=48
 2D22:5612 0000 C=BSS    S=_BSS           G=DGROUP  M=LSEEK      ACBP=48
 2D22:5612 0000 C=BSS    S=_BSS           G=DGROUP  M=READA      ACBP=48
 2D22:5612 0000 C=BSS    S=_BSS           G=DGROUP  M=REMOVE     ACBP=48
 2D22:5612 00A7 C=BSS    S=_BSS           G=DGROUP  M=SEARCHP    ACBP=48
 2D22:56BA 0000 C=BSS    S=_BSS           G=DGROUP  M=SETUPIO    ACBP=48
 2D22:56BA 0000 C=BSS    S=_BSS           G=DGROUP  M=UNLINK     ACBP=48
 2D22:56BA 0000 C=BSS    S=_BSS           G=DGROUP  M=VPRINTER   ACBP=48
 2D22:56BA 0000 C=BSS    S=_BSS           G=DGROUP  M=VRAM       ACBP=48
 2D22:56BA 0000 C=BSS    S=_BSS           G=DGROUP  M=BIOSKEY    ACBP=48
 2D22:56BA 0000 C=BSS    S=_BSS           G=DGROUP  M=BRK        ACBP=48
 2D22:56BA 0000 C=BSS    S=_BSS           G=DGROUP  M=CORELEFT   ACBP=48
 2D22:56BA 0000 C=BSS    S=_BSS           G=DGROUP  M=CRTINIT    ACBP=48
 2D22:56BA 000C C=BSS    S=_BSS           G=DGROUP  M=HARDERR    ACBP=48
 2D22:56C6 0000 C=BSS    S=_BSS           G=DGROUP  M=IOCTL      ACBP=48
 2D22:56C6 0000 C=BSS    S=_BSS           G=DGROUP  M=SETBLOCK   ACBP=48
 2D22:56C6 0000 C=BSS    S=_BSS           G=DGROUP  M=ATOL       ACBP=48
 2D22:56C6 0000 C=BSS    S=_BSS           G=DGROUP  M=BDOS       ACBP=48
 2D22:56C6 0000 C=BSS    S=_BSS           G=DGROUP  M=CHMODA     ACBP=48
 2D22:56C6 0000 C=BSS    S=_BSS           G=DGROUP  M=CLOSEA     ACBP=48
 2D22:56C6 0000 C=BSS    S=_BSS           G=DGROUP  M=FLENGTH    ACBP=48
 2D22:56C6 0000 C=BSS    S=_BSS           G=DGROUP  M=GETENV     ACBP=48
 2D22:56C6 0000 C=BSS    S=_BSS           G=DGROUP  M=MEMCMP     ACBP=48
 2D22:56C6 0000 C=BSS    S=_BSS           G=DGROUP  M=MEMCPY     ACBP=48
 2D22:56C6 0000 C=BSS    S=_BSS           G=DGROUP  M=MEMSET     ACBP=48
 2D22:56C6 0000 C=BSS    S=_BSS           G=DGROUP  M=MOVEDATA   ACBP=48
 2D22:56C6 0000 C=BSS    S=_BSS           G=DGROUP  M=OPEN       ACBP=48
 2D22:56C6 0000 C=BSS    S=_BSS           G=DGROUP  M=OPENA      ACBP=48
 2D22:56C6 0001 C=BSS    S=_BSS           G=DGROUP  M=PUTC       ACBP=48
 2D22:56C8 0000 C=BSS    S=_BSS           G=DGROUP  M=READ       ACBP=48
 2D22:56C8 0000 C=BSS    S=_BSS           G=DGROUP  M=STRCAT     ACBP=48
 2D22:56C8 0000 C=BSS    S=_BSS           G=DGROUP  M=STRCMP     ACBP=48
 2D22:56C8 0000 C=BSS    S=_BSS           G=DGROUP  M=STRCPY     ACBP=48
 2D22:56C8 0000 C=BSS    S=_BSS           G=DGROUP  M=STRLEN     ACBP=48
 2D22:56C8 0000 C=BSS    S=_BSS           G=DGROUP  M=STRNCPY    ACBP=48
 2D22:56C8 0000 C=BSS    S=_BSS           G=DGROUP  M=WRITEA     ACBP=48
 2D22:56C8 0000 C=BSS    S=_BSS           G=DGROUP  M=FMEMCPY    ACBP=48
 2D22:56C8 0000 C=BSS    S=_BSS           G=DGROUP  M=FMEMSET    ACBP=48
 2D22:56C8 8643 C=BSS    S=_COMDEF_       G=DGROUP  M=SNAILAS.C  ACBP=48
 2D22:DD0B 0000 C=BSSEND S=_BSSEND        G=DGROUP  M=c0.ASM     ACBP=28
 3AF3:0000 0080 C=STACK  S=_STACK         G=(none)  M=c0.ASM     ACBP=74

  Address         Publics by Name

 1051:1D14 idle  CALCSTARPOS
 2D22:0000 idle  DATASEG@
 0000:02C4       DGROUP@
 1051:1E44 idle  DRAWLETTER
 0000:062F       F_LDIV@
 0000:063E idle  F_LMOD@
 0000:0636 idle  F_LUDIV@
 0000:0646 idle  F_LUMOD@
 0000:06DD       F_LXLSH@
 0000:05B8       F_LXMUL@
 0000:06FE       F_LXRSH@
 0000:071E       F_LXURSH@
 0000:073F       F_PADA@
 0000:07C7       F_PADD@
 0000:05CF       F_PCMP@
 0000:0783 idle  F_PSBA@
 0000:0827       F_PSBP@
 0000:07F6 idle  F_PSUB@
 0000:05F0       F_SCOPY@
 0000:0852       F_SPUSH@
 1051:1D45 idle  INITSTAR
 0000:062F idle  LDIV@
 0000:063E idle  LMOD@
 0000:0636 idle  LUDIV@
 0000:0646 idle  LUMOD@
 0000:06DD idle  LXLSH@
 0000:05B8 idle  LXMUL@
 0000:06FE idle  LXRSH@
 0000:071E idle  LXURSH@
 0000:062C idle  N_LDIV@
 0000:063B idle  N_LMOD@
 0000:0633 idle  N_LUDIV@
 0000:0643 idle  N_LUMOD@
 0000:06DA       N_LXLSH@
 0000:0992       N_LXMUL@
 0000:06FB idle  N_LXRSH@
 0000:071B idle  N_LXURSH@
 0000:073C idle  N_PADA@
 0000:07C4       N_PADD@
 0000:09A9       N_PCMP@
 0000:0780 idle  N_PSBA@
 0000:0824       N_PSBP@
 0000:07F3 idle  N_PSUB@
 0000:084C idle  N_SPUSH@
 0000:073F idle  PADA@
 0000:07C7 idle  PADD@
 0000:05CF idle  PCMP@
 0000:0783 idle  PSBA@
 0000:0827 idle  PSBP@
 0000:07F6 idle  PSUB@
 1051:1CB4 idle  READPIXEL
 0000:05F0 idle  SCOPY@
 1051:1C70 idle  SIN_MUL
 0000:0852 idle  SPUSH@
 0000:02AD       _abort
 2D22:BEDA       _abortgame
 2D22:DCE5       _abortprogram
 2D22:DBDB       _AdLibPresent
 1051:0106 idle  _AdvanceTerminatorCredit
 2D22:C1FC       _aftersort
 2D22:D458       _allanims
 20CB:012D       _alOut
 2D22:C8EC       _animarray
 1051:03E6 idle  _AnimateTerminator
 2D22:C8E8       _animfreeptr
 2D22:C8E6       _animfreespot
 2D22:C8EA       _animhead
 2D22:5812       _arrowdir
 0000:02C8 idle  _atexit
 0000:2B5F idle  _atoi
 0000:2AEF       _atol
 2D22:C224       _audiohandle
 2D22:C041       _audiosegs
 2D22:C22A       _audiostarts
 0E0A:095B idle  _BackPage
 03E6:7925 idle  _BalloonSmirkyThink
 03E6:89AE idle  _BandageThink
 2D22:D5F0       _baseupdateptr
 2D22:D5E8       _baseupdatestart
 0000:2B6C       _bdos
 2D22:C200       _beforesort
 2D22:4C9A       _bestscore
 0000:13DC       _bioskey
 03E6:3B6C idle  _BirdAttackThink
 03E6:3DCB idle  _BirdContact
 03E6:4115 idle  _BirdEggContact
 03E6:4163 idle  _BirdEggReact
 03E6:3EF2 idle  _BirdEggThink
 03E6:39F1 idle  _BirdFlyThink
 03E6:3D1A idle  _BirdLayEggThink
 03E6:3E6C idle  _BirdReact
 2D22:C31E       _blockstarts
 2D22:C1E2       _bombonerror
 2D22:BC76       _bordercolor
 03E6:2232 idle  _BounderContact
 03E6:2081 idle  _BounderFloatThink
 03E6:2273 idle  _BounderReact
 03E6:7761 idle  _BrainFuclContact
 2D22:334A       _brainfucled
 03E6:7633 idle  _BrainFuclThink
 0000:1454 idle  _brk
 03E6:125A idle  _BucketReact
 2D22:4B5C       _bufferheight
 2D22:998C       _bufferofs
 2D22:B74F       _bufferseg
 2D22:4B5A       _bufferwidth
 1051:125B idle  _BuildScalers
 2D22:BF29       _button0held
 2D22:BF27       _button1held
 0E0A:0980 idle  _CacheLayoutGraphics
 1AF8:08E3 idle  _CAL_CacheSprite
 1AF8:0218 idle  _CAL_CarmackExpand
 1AF8:0973 idle  _CAL_ExpandGrChunk
 1AF8:006F idle  _CAL_GetGrChunkLength
 1AF8:070A idle  _CAL_SetupAudioFile
 1AF8:04EF idle  _CAL_SetupGrFile
 1AF8:068A idle  _CAL_SetupMapFile
 2D22:DCED       _cardstack
 1AF8:07C6       _CA_CacheAudioChunk
 1AF8:0A57       _CA_CacheGrChunk
 1AF8:0B81       _CA_CacheMap
 1AF8:0F1B       _CA_CacheMarks
 1AF8:0E23 idle  _CA_ClearAllMarks
 1AF8:0E05       _CA_ClearMarks
 1AF8:0064 idle  _CA_CloseDebug
 1AF8:0DE2       _CA_DownLevel
 1AF8:00C5       _CA_FarRead
 1AF8:010C       _CA_FarWrite
 1AF8:0E8E idle  _CA_FreeGraphics
 1AF8:0E41 idle  _CA_FreeMaps
 2D22:983E       _ca_levelbit
 2D22:B74C       _ca_levelnum
 1AF8:086B       _CA_LoadAllSounds
 1AF8:01AE idle  _CA_LoadFile
 1AF8:0049 idle  _CA_OpenDebug
 1AF8:0153 idle  _CA_ReadFile
 1AF8:0310 idle  _CA_RLEWCompress
 1AF8:043A idle  _CA_RLEWexpand
 1AF8:0EB9       _CA_SetAllPurge
 1AF8:0EF0       _CA_SetGrPurge
 1AF8:07A7       _CA_Shutdown
 1AF8:078A       _CA_Startup
 1AF8:0DC9       _CA_UpLevel
 03E6:4CBC idle  _CheckpointCapThink
 03E6:4E86       _CheckpointLoad
 03E6:4D6D       _CheckpointSave
 03E6:4C82 idle  _CheckpointThink
 22BF:182C idle  _CheckScore
 2D22:C220       _chunkcomplen
 2D22:C21C       _chunkexplen
 2D22:317A       _CK5_ItemPoints
 2D22:3196 idle  _CK5_ItemShadows
 2D22:3160 idle  _CK5_ItemSounds
 1722:1E48 idle  _CK_ActionThink
 2D22:BF31       _ck_activeX0Tile
 2D22:BF2D       _ck_activeX1Tile
 2D22:BF2F       _ck_activeY0Tile
 2D22:BF2B       _ck_activeY1Tile
 2D22:01C6 idle  _CK_act_AxisPlatform
 2D22:1CE8 idle  _CK_ACT_BalloonSmirky
 2D22:1EAA idle  _CK_ACT_Bandage
 2D22:17EE idle  _CK_ACT_BirdAttack
 2D22:1866 idle  _CK_ACT_BirdEgg
 2D22:182A idle  _CK_ACT_BirdFall
 2D22:1758 idle  _CK_ACT_BirdFly1
 2D22:1776 idle  _CK_ACT_BirdFly2
 2D22:1794 idle  _CK_ACT_BirdFly3
 2D22:17B2 idle  _CK_ACT_BirdFly4
 2D22:17D0 idle  _CK_ACT_BirdFly5
 2D22:180C idle  _CK_ACT_BirdLayEgg
 2D22:1848 idle  _CK_ACT_BirdStunned
 2D22:10AA idle  _CK_ACT_BounderFloat1
 2D22:10E6 idle  _CK_ACT_BounderFloat1c
 2D22:10C8 idle  _CK_ACT_BounderFloat2
 2D22:1104 idle  _CK_ACT_BounderFloat2c
 2D22:1122 idle  _CK_ACT_BounderStunned
 2D22:1C8E idle  _CK_ACT_BrainFucl
 2D22:0678 idle  _CK_ACT_Bucket
 2D22:1974 idle  _CK_ACT_Checkpoint
 2D22:1992 idle  _CK_ACT_CheckpointCap
 2D22:0B0A idle  _CK_ACT_ChemCycle
 2D22:0BA0 idle  _CK_ACT_ChemHidden
 2D22:0AB0 idle  _CK_ACT_ChemLick1
 2D22:0ACE idle  _CK_ACT_ChemLick2
 2D22:0AEC idle  _CK_ACT_ChemLick3
 2D22:0A92 idle  _CK_ACT_ChemLook
 2D22:0A74 idle  _CK_ACT_ChemStand
 2D22:0BBE idle  _CK_ACT_ChemWarpIn1
 2D22:0BDC idle  _CK_ACT_ChemWarpIn2
 2D22:0BFA idle  _CK_ACT_ChemWarpIn3
 2D22:0C18 idle  _CK_ACT_ChemWarpIn4
 2D22:0B28 idle  _CK_ACT_ChemWarpOut1
 2D22:0B46 idle  _CK_ACT_ChemWarpOut2
 2D22:0B64 idle  _CK_ACT_ChemWarpOut3
 2D22:0B82 idle  _CK_ACT_ChemWarpOut4
 2D22:1B22 idle  _CK_ACT_CloneAnimation
 2D22:1B04 idle  _CK_ACT_CloneMachine
 2D22:1B40 idle  _CK_ACT_CloneObj
 2D22:16C2 idle  _CK_ACT_Cloud
 2D22:1B7C idle  _CK_ACT_CoronaBall
 2D22:1B5E idle  _CK_ACT_CoronaPlant
 2D22:0696 idle  _CK_ACT_CouncilMop0
 2D22:06B4 idle  _CK_ACT_CouncilMop1
 2D22:06D2 idle  _CK_ACT_CouncilTurn0
 2D22:06F0 idle  _CK_ACT_CouncilTurn1
 2D22:063C idle  _CK_ACT_CouncilWalk0
 2D22:065A idle  _CK_ACT_CouncilWalk1
 2D22:1C34 idle  _CK_ACT_CrabCeiling
 2D22:1C52 idle  _CK_ACT_CrabFall
 2D22:1BF8 idle  _CK_ACT_CrabFloor
 2D22:1C70 idle  _CK_ACT_CrabTurn
 2D22:1C16 idle  _CK_ACT_CrabWall
 2D22:18DE idle  _CK_ACT_CrocJump
 2D22:191A idle  _CK_ACT_CrocSnap
 2D22:18FC idle  _CK_ACT_CrocTrap
 2D22:18C0 idle  _CK_ACT_CrocWalk
 2D22:336C idle  _CK_ACT_DemoSign
 2D22:1CCA idle  _CK_ACT_Donut
 2D22:1EE6 idle  _CK_ACT_DonutCloud
 2D22:00BE       _CK_ACT_DoorOpen1
 2D22:00DC       _CK_ACT_DoorOpen2
 2D22:00FA       _CK_ACT_DoorOpen3
 2D22:28B4 idle  _CK_ACT_dreamBubble
 2D22:09FC idle  _CK_ACT_DungBeetle1
 2D22:0A1A idle  _CK_ACT_DungBeetle2
 2D22:0A38 idle  _CK_ACT_DungBeetle3
 2D22:0A56 idle  _CK_ACT_DungBeetle4
 2D22:1A46 idle  _CK_ACT_Efree
 2D22:1884 idle  _CK_ACT_EggPiece
 2D22:1DF6 idle  _CK_ACT_Fallblock
 2D22:01E4 idle  _CK_ACT_FallPlat0
 2D22:0202 idle  _CK_ACT_FallPlat1
 2D22:0220 idle  _CK_ACT_FallPlat2
 2D22:1D60 idle  _CK_ACT_Frog
 2D22:1D06 idle  _CK_ACT_Fungus
 2D22:1D24 idle  _CK_ACT_FungusFall
 2D22:160E idle  _CK_ACT_GGhostIdle
 2D22:0118 idle  _CK_act_item
 2D22:3142       _CK_ACT_itemNotify
 2D22:1F04 idle  _CK_ACT_JediBoot
 2D22:2602       _CK_ACT_keenBored1
 2D22:2620       _CK_ACT_keenBored2
 2D22:263E       _CK_ACT_keenBored3
 2D22:265C       _CK_ACT_keenBored4
 2D22:267A       _CK_ACT_keenBored5
 2D22:2698       _CK_ACT_keenBored6
 2D22:1CAC idle  _CK_ACT_KeenBrainFucled
 2D22:3216 idle  _CK_ACT_keenBurn
 2D22:28F0       _CK_ACT_keenDie0
 2D22:290E       _CK_ACT_keenDie1
 2D22:281E idle  _CK_ACT_keenDream
 2D22:283C idle  _CK_ACT_keenDream2
 2D22:31F8 idle  _CK_ACT_keenDrown
 2D22:2FF8       _CK_ACT_keenEnterDoor1
 2D22:3016       _CK_ACT_keenEnterDoor2
 2D22:3034       _CK_ACT_keenEnterDoor3
 2D22:3052       _CK_ACT_keenEnterDoor4
 2D22:3070       _CK_ACT_keenEnterDoor5
 2D22:308E       _CK_ACT_keenEnterDoor6
 2D22:30AC       _CK_ACT_keenEnteredDoor
 2D22:1AA0       _CK_ACT_keenEnterMachine
 2D22:2A58       _CK_ACT_keenFall1
 2D22:2A76       _CK_ACT_keenFall2
 2D22:285A idle  _CK_ACT_keenGetUp
 2D22:2878 idle  _CK_ACT_keenGetUp2
 2D22:2896 idle  _CK_ACT_keenGetUp3
 2D22:27C4 idle  _CK_ACT_keenGoToSleep1
 2D22:27E2 idle  _CK_ACT_keenGoToSleep2
 2D22:2800 idle  _CK_ACT_keenGoToSleep3
 2D22:2BFC       _CK_ACT_keenHang1
 2D22:2C1A       _CK_ACT_keenHang2
 2D22:25E4       _CK_ACT_keenIdle
 2D22:2A1C       _CK_ACT_keenJump1
 2D22:2A3A       _CK_ACT_keenJump2
 2D22:2A94       _CK_ACT_keenJumpShoot1
 2D22:2AB2       _CK_ACT_keenJumpShoot2
 2D22:2AD0       _CK_ACT_keenJumpShoot3
 2D22:2B48       _CK_ACT_keenJumpShootDown1
 2D22:2B66       _CK_ACT_keenJumpShootDown2
 2D22:2B84       _CK_ACT_keenJumpShootDown3
 2D22:2AEE       _CK_ACT_keenJumpShootUp1
 2D22:2B0C       _CK_ACT_keenJumpShootUp2
 2D22:2B2A       _CK_ACT_keenJumpShootUp3
 2D22:1D9C idle  _CK_ACT_KeenLook
 2D22:256C       _CK_ACT_keenLookDown1
 2D22:258A       _CK_ACT_keenLookDown2
 2D22:25A8       _CK_ACT_keenLookDown3
 2D22:25C6       _CK_ACT_keenLookDown4
 2D22:2530       _CK_ACT_keenLookUp1
 2D22:254E       _CK_ACT_keenLookUp2
 2D22:1ABE       _CK_ACT_keenMindcontrol
 2D22:1E8C idle  _CK_ACT_KeenMummy
 2D22:28D2       _CK_ACT_keenNot
 2D22:56C8       _CK_ACT_KeenNull
 2D22:57F4       _CK_ACT_keenOpenBook1
 2D22:57D6       _CK_ACT_keenOpenBook2
 2D22:57B8       _CK_ACT_keenOpenBook3
 2D22:579A       _CK_ACT_keenOpenBook4
 2D22:2F9E       _CK_ACT_keenPlaceGem
 2D22:2BA2       _CK_ACT_keenPogo1
 2D22:2BC0       _CK_ACT_keenPogo2
 2D22:2BDE       _CK_ACT_keenPogo3
 2D22:2D46       _CK_ACT_keenPoleDown1
 2D22:2D64       _CK_ACT_keenPoleDown2
 2D22:2D82       _CK_ACT_keenPoleDown3
 2D22:2DA0       _CK_ACT_keenPoleDown4
 2D22:2DBE idle  _CK_ACT_keenPoleShoot0
 2D22:2DDC       _CK_ACT_keenPoleShoot1
 2D22:2DFA       _CK_ACT_keenPoleShoot2
 2D22:2E72 idle  _CK_ACT_keenPoleShootDown0
 2D22:2E90       _CK_ACT_keenPoleShootDown1
 2D22:2EAE       _CK_ACT_keenPoleShootDown2
 2D22:2E18 idle  _CK_ACT_keenPoleShootUp0
 2D22:2E36       _CK_ACT_keenPoleShootUp1
 2D22:2E54       _CK_ACT_keenPoleShootUp2
 2D22:2CCE       _CK_ACT_keenPoleSit
 2D22:2CEC       _CK_ACT_keenPoleUp1
 2D22:2D0A       _CK_ACT_keenPoleUp2
 2D22:2D28       _CK_ACT_keenPoleUp3
 2D22:2FBC       _CK_ACT_keenPressSwitch1
 2D22:2FDA       _CK_ACT_keenPressSwitch2
 2D22:2C38       _CK_ACT_keenPull1
 2D22:2C56       _CK_ACT_keenPull2
 2D22:2C74       _CK_ACT_keenPull3
 2D22:2C92       _CK_ACT_keenPull4
 2D22:2CB0       _CK_ACT_keenPull5
 2D22:577C       _CK_ACT_keenReadBook1
 2D22:575E       _CK_ACT_keenReadBook2
 2D22:5740       _CK_ACT_keenReadBook3
 2D22:2512       _CK_ACT_keenRidePlatform
 2D22:292C       _CK_ACT_keenRun1
 2D22:294A       _CK_ACT_keenRun2
 2D22:2968       _CK_ACT_keenRun3
 2D22:2986       _CK_ACT_keenRun4
 2D22:29A4       _CK_ACT_keenShoot1
 2D22:29C2       _CK_ACT_keenShoot2
 2D22:29E0       _CK_ACT_keenShootUp1
 2D22:29FE       _CK_ACT_keenShootUp2
 2D22:2ECC       _CK_ACT_keenShot1
 2D22:2EEA       _CK_ACT_keenShot2
 2D22:2F08       _CK_ACT_keenShot3
 2D22:2F26       _CK_ACT_keenShot4
 2D22:2F44       _CK_ACT_keenShotHit1
 2D22:2F62       _CK_ACT_keenShotHit2
 2D22:1DBA       _CK_ACT_KeenShrug
 2D22:30CA idle  _CK_ACT_keenSink
 2D22:2F80       _CK_ACT_keenSlide
 2D22:1F22 idle  _CK_ACT_KeenSmoke
 2D22:24F4       _CK_ACT_keenStanding
 2D22:5722       _CK_ACT_keenStowBook1
 2D22:5704       _CK_ACT_keenStowBook2
 2D22:56E6       _CK_ACT_keenStowBook3
 2D22:30E8       _CK_ACT_keenStunned1
 2D22:3106       _CK_ACT_keenStunned2
 2D22:3124 idle  _CK_ACT_keenStunned3
 2D22:31DA idle  _CK_ACT_keenUseAmmoStation
 2D22:26B6 idle  _CK_ACT_keenYawn1
 2D22:26D4 idle  _CK_ACT_keenYawn2
 2D22:26F2 idle  _CK_ACT_keenYawn3
 2D22:2710 idle  _CK_ACT_keenYawn4
 2D22:272E idle  _CK_ACT_keenYawn5
 2D22:274C idle  _CK_ACT_keenYawn6
 2D22:276A idle  _CK_ACT_keenYawn7
 2D22:2788 idle  _CK_ACT_keenYawn8
 2D22:27A6 idle  _CK_ACT_keenYawn9
 2D22:1500 idle  _CK_ACT_KittenBlow1
 2D22:151E idle  _CK_ACT_KittenBlow2
 2D22:153C idle  _CK_ACT_KittenBlow3
 2D22:13F2 idle  _CK_ACT_KittenIdle1
 2D22:1410 idle  _CK_ACT_KittenMeow1
 2D22:142E idle  _CK_ACT_KittenMeow2
 2D22:144C idle  _CK_ACT_KittenMeow3
 2D22:146A idle  _CK_ACT_KittenRoll1
 2D22:1488 idle  _CK_ACT_KittenRoll2
 2D22:14A6 idle  _CK_ACT_KittenRoll3
 2D22:14C4 idle  _CK_ACT_KittenRoll4
 2D22:14E2 idle  _CK_ACT_KittenRoll5
 2D22:155A idle  _CK_ACT_KittenSmoke1
 2D22:1578 idle  _CK_ACT_KittenSmoke2
 2D22:1596 idle  _CK_ACT_KittenSmoke3
 2D22:15B4 idle  _CK_ACT_KittenSmoke4
 2D22:15D2 idle  _CK_ACT_KittenSmoke5
 2D22:15F0 idle  _CK_ACT_KittenSmoke6
 2D22:19EC idle  _CK_ACT_LeaveaFall
 2D22:19CE idle  _CK_ACT_LeaveaTree
 2D22:1A0A idle  _CK_ACT_LeaveaWalk
 2D22:1EC8 idle  _CK_ACT_LemonShark
 2D22:070E idle  _CK_ACT_Lindsey0
 2D22:072C idle  _CK_ACT_Lindsey1
 2D22:074A idle  _CK_ACT_Lindsey2
 2D22:0768 idle  _CK_ACT_Lindsey3
 2D22:0C36 idle  _CK_ACT_Log
 2D22:2148 idle  _CK_ACT_MapFlag0
 2D22:2166 idle  _CK_ACT_MapFlag1
 2D22:2184 idle  _CK_ACT_MapFlag2
 2D22:21A2 idle  _CK_ACT_MapFlag3
 2D22:212A idle  _CK_ACT_MapFlagRise
 2D22:2022 idle  _CK_ACT_MapKeenStart
 2D22:20D6 idle  _CK_ACT_MapKeenWalk0
 2D22:2040 idle  _CK_ACT_MapKeenWave0
 2D22:205E idle  _CK_ACT_MapKeenWave1
 2D22:207C idle  _CK_ACT_MapKeenWave2
 2D22:209A idle  _CK_ACT_MapKeenWave3
 2D22:20B8 idle  _CK_ACT_MapKeenWave4
 2D22:20F4 idle  _CK_ACT_MapShip
 2D22:171C idle  _CK_ACT_MoletDig
 2D22:16E0 idle  _CK_ACT_MoletDirt
 2D22:173A idle  _CK_ACT_MoletFall
 2D22:16FE idle  _CK_ACT_MoletWalk
 2D22:1E50 idle  _CK_ACT_Mummy
 2D22:1E6E idle  _CK_ACT_MummyLook
 2D22:1E32 idle  _CK_ACT_MummySpawner
 2D22:1B9A idle  _CK_ACT_Nipnap
 2D22:1A64 idle  _CK_ACT_Nisasi
 2D22:1F40 idle  _CK_ACT_Null
 2D22:1E14 idle  _CK_ACT_Obelisk
 2D22:1A82 idle  _CK_ACT_Page
 2D22:1D7E idle  _CK_ACT_PageWalk
 2D22:0588 idle  _CK_ACT_PatPatD0
 2D22:05A6 idle  _CK_ACT_PatPatD1
 2D22:05C4 idle  _CK_ACT_PatPatD2
 2D22:05E2 idle  _CK_ACT_PatPatU0
 2D22:0600 idle  _CK_ACT_PatPatU1
 2D22:061E idle  _CK_ACT_PatPatU2
 2D22:12C6 idle  _CK_ACT_PoleknawelFall
 2D22:12E4 idle  _CK_ACT_PoleknawelLand
 2D22:1302 idle  _CK_ACT_PoleknawelLook
 2D22:126C idle  _CK_ACT_PoleknawelPole1
 2D22:128A idle  _CK_ACT_PoleknawelPole2
 2D22:13B6 idle  _CK_ACT_PoleknawelPool1
 2D22:13D4 idle  _CK_ACT_PoleknawelPool2
 2D22:135C idle  _CK_ACT_PoleknawelPoop
 2D22:137A idle  _CK_ACT_PoleknawelShot1
 2D22:1398 idle  _CK_ACT_PoleknawelShot2
 2D22:12A8 idle  _CK_ACT_PoleknawelThrow
 2D22:1320 idle  _CK_ACT_PoleknawelWalk1
 2D22:133E idle  _CK_ACT_PoleknawelWalk2
 2D22:1DD8 idle  _CK_ACT_Quicksand
 2D22:162C idle  _CK_ACT_Roots
 2D22:0C72 idle  _CK_ACT_SalamanderLick1
 2D22:0C54 idle  _CK_ACT_SalamanderStand
 2D22:0C90 idle  _CK_ACT_SalamanderVanish1
 2D22:0D9E idle  _CK_ACT_SalamanderVanish10
 2D22:0CAE idle  _CK_ACT_SalamanderVanish2
 2D22:0CCC idle  _CK_ACT_SalamanderVanish3
 2D22:0CEA idle  _CK_ACT_SalamanderVanish4
 2D22:0D08 idle  _CK_ACT_SalamanderVanish5
 2D22:0D26 idle  _CK_ACT_SalamanderVanish6
 2D22:0D44 idle  _CK_ACT_SalamanderVanish7
 2D22:0D62 idle  _CK_ACT_SalamanderVanish8
 2D22:0D80 idle  _CK_ACT_SalamanderVanish9
 2D22:334E idle  _CK_ACT_ScoreBox
 2D22:0F9C idle  _CK_ACT_Shrubbery
 2D22:108C idle  _CK_ACT_ShrubberyFall
 2D22:0FBA idle  _CK_ACT_ShrubberyLook1
 2D22:0FD8 idle  _CK_ACT_ShrubberyLook2
 2D22:0FF6 idle  _CK_ACT_ShrubberyLook5
 2D22:106E idle  _CK_ACT_ShrubberySitDown
 2D22:1014 idle  _CK_ACT_ShrubberyStandUp
 2D22:1032 idle  _CK_ACT_ShrubberyWalk1
 2D22:1050 idle  _CK_ACT_ShrubberyWalk2
 2D22:0330 idle  _CK_ACT_SkypestFly0
 2D22:034E idle  _CK_ACT_SkypestFly1
 2D22:038A idle  _CK_ACT_SkypestPreen0
 2D22:03A8 idle  _CK_ACT_SkypestPreen1
 2D22:04B6 idle  _CK_ACT_SkypestPreen10
 2D22:04D4 idle  _CK_ACT_SkypestPreen11
 2D22:04F2 idle  _CK_ACT_SkypestPreen12
 2D22:0510 idle  _CK_ACT_SkypestPreen13
 2D22:052E idle  _CK_ACT_SkypestPreen14
 2D22:054C idle  _CK_ACT_SkypestPreen15
 2D22:056A idle  _CK_ACT_SkypestPreen16
 2D22:03C6 idle  _CK_ACT_SkypestPreen2
 2D22:03E4 idle  _CK_ACT_SkypestPreen3
 2D22:0402 idle  _CK_ACT_SkypestPreen4
 2D22:0420 idle  _CK_ACT_SkypestPreen5
 2D22:043E idle  _CK_ACT_SkypestPreen6
 2D22:045C idle  _CK_ACT_SkypestPreen7
 2D22:047A idle  _CK_ACT_SkypestPreen8
 2D22:0498 idle  _CK_ACT_SkypestPreen9
 2D22:036C idle  _CK_ACT_SkypestSquish0
 2D22:1ADC idle  _CK_ACT_SlideDoor
 2D22:0310 idle  _CK_ACT_SlugFall
 2D22:023E idle  _CK_ACT_SlugMove0
 2D22:025C idle  _CK_ACT_SlugMove1
 2D22:02D4 idle  _CK_ACT_SlugSlime0
 2D22:02F2 idle  _CK_ACT_SlugSlimeEvap0
 2D22:027A idle  _CK_ACT_SlugSliming0
 2D22:0298 idle  _CK_ACT_SlugStunned0
 2D22:02B6 idle  _CK_ACT_SlugStunned1
 2D22:19B0       _CK_ACT_Smoke
 2D22:18A2 idle  _CK_ACT_SneakyTree
 2D22:01A8 idle  _CK_ACT_StandPlatform
 2D22:1956       _CK_ACT_Swallowed
 2D22:115E idle  _CK_ACT_TentacleAttack1
 2D22:117C idle  _CK_ACT_TentacleAttack2
 2D22:119A idle  _CK_ACT_TentacleAttack3
 2D22:11B8 idle  _CK_ACT_TentacleAttack4
 2D22:11D6 idle  _CK_ACT_TentacleAttack5
 2D22:11F4 idle  _CK_ACT_TentacleAttack6
 2D22:1212 idle  _CK_ACT_TentacleAttack7
 2D22:1230 idle  _CK_ACT_TentacleAttack8
 2D22:124E idle  _CK_ACT_TentacleAttack9
 2D22:1938 idle  _CK_ACT_TentacleNest
 2D22:1140 idle  _CK_ACT_TentacleWait
 2D22:16A4 idle  _CK_ACT_TinyYetiJump
 2D22:1686 idle  _CK_ACT_TinyYetiRoll
 2D22:0136       _CK_ACT_VitalinNotify1
 2D22:0154 idle  _CK_ACT_VitalinNotify2
 2D22:0172 idle  _CK_ACT_VitalinNotify3
 2D22:1A28 idle  _CK_ACT_Warble
 2D22:1D42 idle  _CK_ACT_WorldNessie
 2D22:0DBC idle  _CK_ACT_Wormouth
 2D22:0ECA idle  _CK_ACT_WormouthBite1
 2D22:0EE8 idle  _CK_ACT_WormouthBite2
 2D22:0F06 idle  _CK_ACT_WormouthBite3
 2D22:0F24 idle  _CK_ACT_WormouthBite4
 2D22:0F42 idle  _CK_ACT_WormouthBite5
 2D22:0F7E idle  _CK_ACT_WormouthFall
 2D22:0DDA idle  _CK_ACT_WormouthLook1
 2D22:0DF8 idle  _CK_ACT_WormouthLook2
 2D22:0E16 idle  _CK_ACT_WormouthLook3
 2D22:0E34 idle  _CK_ACT_WormouthLook4
 2D22:0E52 idle  _CK_ACT_WormouthLook5
 2D22:0E70 idle  _CK_ACT_WormouthLook6
 2D22:0E8E idle  _CK_ACT_WormouthLook7
 2D22:0EAC idle  _CK_ACT_WormouthLook8
 2D22:0F60 idle  _CK_ACT_WormouthStunned
 2D22:07FE idle  _CK_ACT_XkyLickFlame0
 2D22:081C idle  _CK_ACT_XkyLickFlame1
 2D22:083A idle  _CK_ACT_XkyLickFlame2
 2D22:0858 idle  _CK_ACT_XkyLickFlame3
 2D22:0876 idle  _CK_ACT_XkyLickFlame4
 2D22:0894 idle  _CK_ACT_XkyLickFlame5
 2D22:08B2 idle  _CK_ACT_XkyLickFlame6
 2D22:08D0 idle  _CK_ACT_XkyLickFlame7
 2D22:0786 idle  _CK_ACT_XkyLickHop0
 2D22:07A4 idle  _CK_ACT_XkyLickHop1
 2D22:07C2 idle  _CK_ACT_XkyLickHop2
 2D22:07E0 idle  _CK_ACT_XkyLickHop3
 2D22:09A2 idle  _CK_ACT_XkyLickSearch0
 2D22:09C0 idle  _CK_ACT_XkyLickSearch1
 2D22:09DE idle  _CK_ACT_XkyLickShroomed
 2D22:092A idle  _CK_ACT_XkyLickShuffle0
 2D22:0948 idle  _CK_ACT_XkyLickShuffle1
 2D22:0966 idle  _CK_ACT_XkyLickShuffle2
 2D22:0984 idle  _CK_ACT_XkyLickShuffle3
 2D22:08EE idle  _CK_ACT_XkyLickStunned0
 2D22:090C idle  _CK_ACT_XkyLickStunned1
 2D22:1668 idle  _CK_ACT_YetiCloud
 2D22:164A idle  _CK_ACT_YetiStand
 03E6:05FC idle  _CK_AxisPlatform
 03E6:0112       _CK_BasicDrawFunc1
 03E6:013A idle  _CK_BasicDrawFunc2
 03E6:01AE idle  _CK_BasicDrawFunc3
 03E6:0278 idle  _CK_BasicDrawFunc4
 0EEB:0958       _CK_BeginCacheBox
 0CBC:0EC6       _CK_BonusLevelDialog
 1255:3290 idle  _CK_BurnKeen
 15CA:0009       _CK_CalcTileClipRects
 1722:226A       _CK_CentreCamera
 1722:1726 idle  _CK_CheckKeys
 03E6:195A idle  _CK_ChemContact
 03E6:17B3 idle  _CK_ChemCountdown
 03E6:1844 idle  _CK_ChemCycleThink
 03E6:1889 idle  _CK_ChemHiddenThink
 03E6:1913 idle  _CK_ChemRide
 03E6:1805 idle  _CK_ChemStandThink
 15CA:0D7D       _CK_ClipToSprite
 0EEB:0DA8 idle  _CK_ContinueMenu
 03E6:6386 idle  _CK_ControlPage
 03E6:11CB idle  _CK_CouncilContact
 03E6:119E idle  _CK_CouncilMop
 03E6:1224 idle  _CK_CouncilReact
 03E6:1182 idle  _CK_CouncilWalk
 2D22:BC42       _ck_currentTerminatorCredit
 2D22:BC25       _ck_currentTermPicHalfWidth
 2D22:BC27       _ck_currentTermPicHeight
 2D22:BC2B       _ck_currentTermPicNextLineDist
 2D22:BC3C       _ck_currentTermPicSeg
 2D22:BC29       _ck_currentTermPicSize
 2D22:BC44       _ck_currentTermPicStartTime
 2D22:BC46       _ck_currentTermPicTimeRemaining
 2D22:BC23       _ck_currentTermPicWidth
 15CA:009F idle  _CK_CustomClipRects
 03E6:00DC idle  _CK_DeadlyCol
 03E6:00FE idle  _CK_DeadlyCol2
 1722:14A2 idle  _CK_DebugKeys
 0EEB:08E9       _CK_DefaultPalette
 2D22:BEEC       _ck_deltaRects
 2D22:BF21       _ck_demoParm
 1722:006B idle  _CK_DemoSign
 0CBC:0A26 idle  _CK_DialogEnter
 0CBC:0A36 idle  _CK_DialogExit
 0CBC:09DD idle  _CK_DialogThumbsUp
 1051:1C57       _CK_DoHighScores
 03E6:0376 idle  _CK_DoorOpen
 03E6:03DD       _CK_DoorsActive
 1722:0BA6 idle  _CK_DrawDetectorWindow
 1051:1949       _CK_DrawHighscores
 1722:0677 idle  _CK_DrawLongRight
 1051:1714       _CK_DrawStarWars
 1722:07EC idle  _CK_DrawStatusWindow
 1722:0713 idle  _CK_DrawStatusWindowBackground
 1051:0F3B       _CK_DrawTerminator
 1255:1C69 idle  _CK_DreamReact
 1255:1AC5 idle  _CK_DreamThink
 03E6:5DEE       _CK_DropNisasi
 1255:30CB idle  _CK_DrownKeen
 03E6:562A       _CK_EfreeGrabKeen
 0EEB:08B5 idle  _CK_FadeIn
 0EEB:08D6       _CK_FadeOut
 03E6:0054       _CK_Fall
 03E6:007D idle  _CK_Fall2
 03E6:094B idle  _CK_FallPlatFall
 03E6:09B5 idle  _CK_FallPlatRise
 03E6:0919 idle  _CK_FallPlatSit
 03E6:0229 idle  _CK_FallReact
 03E6:6343       _CK_FindPageObj
 0EEB:0AAA       _CK_FinishCacheBox
 1722:0103       _CK_ForceScoreboxUpdate
 2D22:9536       _ck_freeObject
 0EEB:129C       _CK_GameLoop
 0EEB:00D2 idle  _CK_GameOver
 2D22:BF1F       _ck_gamePadEnabled
 2D22:95AC       _ck_gameState
 1722:1D91       _CK_GetNewObj
 1255:04A0 idle  _CK_GetVitalin
 03E6:00A6 idle  _CK_Glide
 1051:002F       _CK_HandleDemoKeys
 1722:1AFA idle  _CK_HandleInput
 1255:14BE idle  _CK_HandleInputOnGround
 2D22:21C0 idle  _ck_helpScreenChunks
 2D22:98C5       _ck_helpSelection
 1255:029D idle  _CK_IncreaseScore
 2D22:21DC       _ck_inHighScores
 2D22:9538       _ck_inputFrame
 2D22:BC4A       _ck_introCommanderWidth
 2D22:BC48       _ck_introScreenWidth
 1722:1463 idle  _CK_ItemCheat
 2D22:0190 idle  _CK_ItemSpriteChunks
 0CBC:0A46       _CK_JanitorDialog
 0CBC:0CCE       _CK_JanitorNisasiDialog
 0CBC:0C6E       _CK_JanitorSleepMonolog
 0CBC:0CB3       _CK_JanitorStunnedMonolog
 1722:1899       _CK_Jukebox
 1255:334B idle  _CK_KeenBurnReact
 1255:32FE idle  _CK_KeenBurnThink
 1255:0573       _CK_KeenCheckSpecialTileInfo
 1255:000E       _CK_KeenColFunc
 1255:2655 idle  _CK_KeenDeathThink
 1255:1838       _CK_KeenDrawFunc
 1255:1A8E idle  _CK_KeenDreamThink
 1255:3207 idle  _CK_KeenDrownThink
 1255:10EE idle  _CK_KeenEnterDoor
 1255:1086 idle  _CK_KeenEnterDoor0
 1255:1093 idle  _CK_KeenEnterDoor1
 1255:2F46 idle  _CK_KeenFall
 0DAE:05A3 idle  _CK_KeenFlagReact
 0DAE:0556 idle  _CK_KeenFlagRise
 1255:03CB idle  _CK_KeenGetTileItem
 1255:04DD idle  _CK_KeenGetTileVitalin
 1255:25A3 idle  _CK_KeenHangThink
 1255:309E       _CK_KeenIsDead
 1255:2719 idle  _CK_KeenIsOverPole
 1255:1E57 idle  _CK_KeenJumpDrawFunc
 1255:1CD8 idle  _CK_KeenJumpThink
 1255:16FA idle  _CK_KeenLookDownThink
 1255:16B4 idle  _CK_KeenLookUpThink
 2D22:94E8       _ck_keenObj
 1255:1139 idle  _CK_KeenPlaceGem
 1255:21A0 idle  _CK_KeenPogoBounceThink
 1255:23B3 idle  _CK_KeenPogoDrawFunc
 1255:21D1 idle  _CK_KeenPogoThink
 1255:2A4D idle  _CK_KeenPoleDownDrawFunc
 1255:29B8 idle  _CK_KeenPoleDownThink
 1255:2768 idle  _CK_KeenPoleHandleInput
 2D22:31C2 idle  _ck_KeenPoleOffs
 1255:294F idle  _CK_KeenPoleShootThink
 1255:284A idle  _CK_KeenPoleSitThink
 1255:28DB idle  _CK_KeenPoleUpThink
 1255:0D09 idle  _CK_KeenPressSwitchThink
 1255:0D90 idle  _CK_KeenPressUp
 1255:25F9 idle  _CK_KeenPullThink1
 1255:2617 idle  _CK_KeenPullThink2
 1255:2630 idle  _CK_KeenPullThink3
 1255:263B idle  _CK_KeenPullThink4
 1255:1CAC idle  _CK_KeenReadThink
 1255:11EE       _CK_KeenRidePlatform
 1255:18D6 idle  _CK_KeenRunDrawFunc
 1255:1358       _CK_KeenRunningThink
 2D22:31B2       _ck_KeenRunXVels
 1255:3374 idle  _CK_KeenSink
 1255:1026 idle  _CK_KeenSlide
 1255:2DA2 idle  _CK_KeenSpawnShot
 1255:2521 idle  _CK_KeenSpecialColFunc
 1255:257B idle  _CK_KeenSpecialDrawFunc
 1255:15E1       _CK_KeenStandingThink
 1255:1A5E idle  _CK_KeenStartDream
 2D22:9548       _ck_keenState
 1255:302F idle  _CK_KeenStunnedReact
 1255:301D idle  _CK_KeenStunnedRecover
 1255:10A0       _CK_KeenTeleport
 1255:230F idle  _CK_KeenToggleTrapDoor
 1255:129D idle  _CK_KeenTryClimbPole
 1255:0D20 idle  _CK_KeenUseAmmoStation
 1255:2681       _CK_KillKeen
 1255:268A       _CK_KillKeenEx
 2D22:998E       _ck_lastLevelFinished
 2D22:98A9       _ck_lastObject
 0EEB:08FC       _CK_LevelPalette
 2D22:963A       _ck_levelState
 0CBC:0D1F       _CK_LindseyDialog
 03E6:12E8 idle  _CK_LindseyFloat
 03E6:133A idle  _CK_LindseyReact
 03E6:135C       _CK_LindseyVanish
 0EEB:10EA       _CK_LoadLevel
 03E6:1AAF idle  _CK_LogReact
 03E6:19F2 idle  _CK_LogThink
 2D22:1FC0 idle  _ck_lumpEnds
 2D22:9847       _ck_lumpsNeeded
 2D22:1F5E idle  _ck_lumpStarts
 1051:000D       _CK_MainMenu
 1722:22CA idle  _CK_MapCamera
 0DAE:04B1       _CK_MapFlagSpawn
 0DAE:037F idle  _CK_MapKeenStill
 0DAE:03BC idle  _CK_MapKeenWalk
 0EEB:0FAB idle  _CK_MapLevelMarkAsDone
 0DAE:0460       _CK_MapMiscFlagsCheck
 0DAE:0138 idle  _CK_MapShipThink
 2D22:9564       _ck_mapState
 1590:0003       _CK_MeasureMultiline
 0CBC:0D7F       _CK_MiscDialog
 0EEB:0093       _CK_NewGame
 2D22:9562       _ck_nextX
 2D22:9560       _ck_nextY
 03E6:56C1 idle  _CK_NisasiLetGo
 1722:237C idle  _CK_NormalCamera
 15CA:060D       _CK_NotStuckInWall
 2D22:9992       _ck_numObjects
 2D22:9994       _ck_objArray
 03E6:00D2       _CK_ObjBadState
 03E6:5E2F       _CK_ObjDropNisasi
 15CA:10D0       _CK_ObjectVisible
 2D22:BF00       _ck_oldRects
 1255:0A02 idle  _CK_OpenDoubleDoor
 1255:0949 idle  _CK_OpenGemDoor
 1051:1AB4 idle  _CK_OverlayHighScores
 1255:0AE2 idle  _CK_ParseToggleStack
 03E6:1047 idle  _CK_PatPatThink
 15CA:136D       _CK_PhysAccelHorz
 15CA:14C8       _CK_PhysAccelVert
 15CA:07AB idle  _CK_PhysClipHorz
 15CA:066F idle  _CK_PhysClipVert
 15CA:1277       _CK_PhysDampHorz
 15CA:130C       _CK_PhysDampHorz2
 15CA:1433       _CK_PhysDampVert
 15CA:0AB9       _CK_PhysFullClipToWalls
 15CA:1113       _CK_PhysGravityEasyKeen
 15CA:116D       _CK_PhysGravityHigh
 15CA:120F       _CK_PhysGravityLow
 15CA:11BE       _CK_PhysGravityMid
 15CA:0209 idle  _CK_PhysKeenClipDown
 15CA:0418 idle  _CK_PhysKeenClipUp
 15CA:0C8D       _CK_PhysPushX
 15CA:0D13       _CK_PhysPushY
 15CA:0898       _CK_PhysUpdateNormalObj
 15CA:0C1F       _CK_PhysUpdateSimpleObj
 15CA:01AD       _CK_PhysUpdateX
 15CA:01E1       _CK_PhysUpdateY
 03E6:07A3 idle  _CK_PlatformDraw
 1051:1869       _CK_PlayDemo
 1722:272E       _CK_PlayLoop
 2D22:BF1D       _ck_pogoTimer
 03E6:0507 idle  _CK_PointItem
 1722:1DF5       _CK_RemoveObj
 1722:1CDE idle  _CK_RemoveSprite
 15CA:004E       _CK_ResetClipRects
 0EEB:06AF       _CK_ResetGame
 1722:1F76 idle  _CK_RunAction
 03E6:1B47 idle  _CK_SalamanderThink
 0DAE:02E5 idle  _CK_ScanForLevelEntry
 0CBC:002B       _CK_ScanInfoLayer
 2D22:9990       _ck_scoreBoxObj
 2D22:334C       _ck_scrollDisabled
 1722:11A9 idle  _CK_ScrollStatusWindow
 03E6:040B idle  _CK_SecurityDoorOpen
 15CA:0FB6       _CK_SetAction
 15CA:107B       _CK_SetAction2
 1722:21FD idle  _CK_SetActivityLimits
 15CA:0171 idle  _CK_SetDeltaClipRects
 0EEB:090F       _CK_SetLoadingTransition
 15CA:012B idle  _CK_SetOldClipRects
 0EEB:06D0       _CK_SetPaletteVGA
 1722:1D3C       _CK_SetupObjArray
 1255:2C6D idle  _CK_ShotDrawFunc
 1255:2B63       _CK_ShotHit
 1255:2B85 idle  _CK_ShotThink
 1722:1331 idle  _CK_ShowStatusWindow
 1051:180C idle  _CK_ShowTitleScreen
 03E6:0E22 idle  _CK_SkypestAirCol
 03E6:0EEF idle  _CK_SkypestDraw
 03E6:0D97 idle  _CK_SkypestFly
 03E6:0E79 idle  _CK_SkypestGroundCol
 03E6:0D0C idle  _CK_SkypestGroundDraw
 03E6:0EB5 idle  _CK_SkypestTakeoff
 03E6:0ACB idle  _CK_SlugCol
 03E6:0A3C idle  _CK_SlugMove
 03E6:0A8C idle  _CK_SlugSlime
 03E6:0B67 idle  _CK_SlugSlimeCol
 03E6:0B8B idle  _CK_SlugWalkReact
 03E6:0C4C idle  _CK_SmirkyCheckTiles
 03E6:0578       _CK_SpawnAxisPlatform
 03E6:78EC       _CK_SpawnBalloonSmirky
 03E6:8D1F       _CK_SpawnBigShroom
 03E6:3965       _CK_SpawnBird
 03E6:202E       _CK_SpawnBounder
 03E6:75EB       _CK_SpawnBrainFucl
 03E6:4C42       _CK_SpawnCheckpoint
 03E6:1762       _CK_SpawnChemolain
 03E6:65A1       _CK_SpawnCloneMachine
 03E6:34C8       _CK_SpawnCloud
 03E6:2BF8       _CK_SpawnCollectible
 03E6:6B37       _CK_SpawnCoronaPlant
 03E6:10DF       _CK_SpawnCouncilMember
 03E6:5E54       _CK_SpawnCouncilPage
 03E6:6E35       _CK_SpawnCrab
 03E6:44EF       _CK_SpawnCroc
 03E6:77C7       _CK_SpawnDonut
 03E6:8A4B       _CK_SpawnDonutCloud
 03E6:170D       _CK_SpawnDungBeetle
 03E6:543D       _CK_SpawnEfree
 03E6:80CD       _CK_SpawnFallBlock
 03E6:08CA       _CK_SpawnFallPlat
 03E6:7D07       _CK_SpawnFrog
 03E6:7965       _CK_SpawnFungusAmongus
 03E6:28C0       _CK_SpawnGellyGhost
 03E6:3518       _CK_SpawnInvisibleCloud
 03E6:048D       _CK_SpawnItem
 1255:037D idle  _CK_SpawnItemNotify
 03E6:8B1B       _CK_SpawnJediBoot
 1255:0330       _CK_SpawnKeen
 03E6:26F6       _CK_SpawnKitten
 03E6:4F5E       _CK_SpawnLeaveaTrip
 03E6:89E1       _CK_SpawnLemonShark
 03E6:1283       _CK_SpawnLindsey
 03E6:19A4       _CK_SpawnLogPlatform
 0DAE:000E       _CK_SpawnMapKeen
 03E6:3620       _CK_SpawnMolet
 03E6:35B4 idle  _CK_SpawnMoletDirt
 03E6:831D       _CK_SpawnMummySpawner
 03E6:6CE9       _CK_SpawnNipnap
 03E6:5666       _CK_SpawnNisasi
 03E6:8223       _CK_SpawnObelisk
 03E6:0FD4       _CK_SpawnPatPat
 03E6:23CE       _CK_SpawnPoleknawel
 03E6:805B       _CK_SpawnQuicksand
 0DAE:0508       _CK_SpawnRisingFlag
 03E6:2D45       _CK_SpawnRoots
 03E6:1B05       _CK_SpawnSalamander
 1255:2ABF idle  _CK_SpawnShot
 03E6:1DA0       _CK_SpawnShrubbery
 03E6:0D35       _CK_SpawnSkypest
 03E6:64AC       _CK_SpawnSlideDoor
 03E6:09E7       _CK_SpawnSlug
 03E6:8CA6       _CK_SpawnSlugCans
 03E6:41BD       _CK_SpawnSneakyTree
 03E6:0527 idle  _CK_SpawnStandPlatform
 03E6:53EB       _CK_SpawnStaticSprite
 03E6:2302       _CK_SpawnTentacle
 03E6:4A44       _CK_SpawnTentacleNest
 03E6:51C8       _CK_SpawnWarble
 03E6:7BC2       _CK_SpawnWorldNessie
 03E6:1BB6       _CK_SpawnWormouth
 03E6:1384       _CK_SpawnXkyLick
 03E6:2E3A       _CK_SpawnYeti
 2D22:BA75       _ck_starWarsMasterText
 2D22:2231 idle  _ck_starWarsPalette
 2D22:BA79       _ck_starWarsTable
 2D22:BA7B       _ck_starWarsTotalHeight
 2D22:BF16       _ck_statusDown
 2D22:BF18       _ck_statusWindowYPx
 03E6:0321 idle  _CK_StunCreature
 1255:2F61       _CK_StunKeen
 1051:1AE6       _CK_SubmitHighScore
 2D22:BA71       _ck_SWCurrentDrawFunc
 2D22:B751       _ck_SWDrawFuncs
 2D22:BA77       _ck_SWDrawFuncSeg
 2D22:BA7D       _ck_SWScreenRowToMasterRowTrans
 2D22:BC40       _ck_termCreditStage
 2D22:BC19       _ck_termPicHeights
 2D22:BC0F       _ck_termPicWidths
 03E6:6AEB       _CK_ToggleCloneMachine
 1255:0CAB       _CK_ToggleSwitch
 0EEB:0C0D idle  _CK_TryAgainMenu
 0EEB:0A5D       _CK_UpdateCacheBox
 1722:014F idle  _CK_UpdateScoreBox
 1722:2646 idle  _CK_WrapScroll
 03E6:1601 idle  _CK_XkyLickAttackCol
 03E6:13DE idle  _CK_XkyLickBounce
 03E6:15CE idle  _CK_XkyLickCol
 03E6:1672 idle  _CK_XkyLickDraw
 03E6:1694 idle  _CK_XkyLickReact
 03E6:15AA idle  _CK_XkyLickShuffle
 22BF:18C0 idle  _ClearBoard
 1722:04AC       _ClipSprite
 03E6:697C idle  _CloneAnimationThink
 03E6:6900 idle  _CloneMachineContact
 03E6:671F idle  _CloneMachineThink
 03E6:6625 idle  _CloneObjAnimate
 03E6:6AB1 idle  _CloneObjReact
 03E6:6A15 idle  _CloneObjThink
 0000:2B97       _close
 03E6:3570 idle  _CloudThink
 0000:1470       _clrscr
 2D22:342E       _colors
 2D22:DB96       _compatability
 2D22:4BC8       _config
 2659:007E idle  _configgroup
 2659:0000 idle  _configi
 2D22:DB9A       _Controls
 0EEB:049B idle  _CopyCheckpoint
 0000:1499       _coreleft
 03E6:6CB7 idle  _CoronaBallReact
 03E6:6C7A idle  _CoronaBallThink
 03E6:6BA6 idle  _CoronaPlantThink
 03E6:39A2 idle  _CountBirds
 03E6:39CF idle  _CountEggs
 03E6:7497 idle  _CrabCeilingReact
 03E6:723A idle  _CrabCeilingThink
 03E6:75A0 idle  _CrabContact
 03E6:72B7 idle  _CrabDraw
 03E6:72E3 idle  _CrabDrawFlipped
 03E6:7575 idle  _CrabFallReact
 03E6:7310 idle  _CrabFloorReact
 03E6:6F8D idle  _CrabFloorThink
 03E6:6EF7 idle  _CrabStartTurn
 03E6:6EC2 idle  _CrabTurnReact
 03E6:700C idle  _CrabTurnThink
 03E6:73EB idle  _CrabWallReact
 03E6:7056 idle  _CrabWallThink
 03E6:454A idle  _CrocCheckTiles
 03E6:489E idle  _CrocContact
 03E6:4972 idle  _CrocJumpReact
 03E6:4729 idle  _CrocJumpThink
 03E6:49D2 idle  _CrocSnapReact
 03E6:4882 idle  _CrocSnapThink
 03E6:4757 idle  _CrocTrapThink
 03E6:48E7 idle  _CrocWalkReact
 03E6:45D9 idle  _CrocWalkThink
 2D22:DD09       _cstackptr
 2D22:C230       _debughandle
 259D:0000 idle  _defaultpalette
 2D22:BC72       _DemoBuffer
 1590:02FF idle  _DemoLoop
 2D22:4B96       _DemoMode
 2D22:DB98       _DemoOffset
 2D22:BC70       _DemoSize
 2D22:5019       _directvideo
 2D22:998A       _displayofs
 1722:0B58 idle  _distance
 03E6:8AD5 idle  _DonutCloudThink
 03E6:783D idle  _DonutThink
 1051:004B idle  _DoubleSizeTerminatorPics
 2D22:BEE8       _drawcachebox
 1051:1EBB idle  _DrawFoobs
 22BF:183E idle  _DrawScore
 1722:041F idle  _DrawTile8
 2D22:C1A8       _DUMBbase
 2D22:C1A3       _DUMBstarted
 03E6:548E idle  _EfreeThink
 03E6:418D idle  _EggPieceReact
 2D22:33C8 idle  _emmname
 2D22:C1D8       _EMShandle
 2D22:C1DC       _EMSpageframe
 2D22:C1DA       _EMSpagesmapped
 0E0A:0DB0       _EndText
 2D22:506A       _environ
 2D22:C5C6       _eraselist
 2D22:C5C2       _eraselistptr
 2D22:0094       _errno
 0000:19FF       _execlp
 0000:057D       _exit
 2D22:BED8       _extravbls
 0EEB:0928 idle  _FadeAndUnhook
 2D22:B744       _fadecount
 0EEB:084E idle  _FadeIn
 0EEB:07DE idle  _FadeOut
 03E6:8191 idle  _FallBlockContact
 03E6:81D3 idle  _FallBlockReact
 03E6:810D idle  _FallBlockThink
 0000:1F7D       _farcoreleft
 0000:1B5C       _farfree
 2D22:C1F6       _farheap
 0000:1C66       _farmalloc
 0000:1DC3 idle  _farrealloc
 0000:2BDD       _fflush
 0000:2C5E       _filelength
 2D22:BEE0       _finishcachebox
 1051:0EBC idle  _FinishPage
 1051:0C64       _FizzleDown
 0000:2C9F       _flushall
 2D22:4513       _fontcolor
 2D22:98C1       _fontnumber
 0000:2CD9       _fprintf
 0000:31D5       _fputc
 0000:330B idle  _fputchar
 0000:236D       _free
 2D22:C1DE       _freeEMSpages
 03E6:7D6A idle  _FrogReact
 03E6:7D36 idle  _FrogThink
 0000:2D4C       _fseek
 0000:2DB4 idle  _ftell
 03E6:7ABC idle  _FungusContact
 03E6:7B9B idle  _FungusFallReact
 03E6:7B3B idle  _FungusReact
 03E6:79C0 idle  _FungusThink
 2D22:DBDD       _Games
 03E6:2B11 idle  _GellyGhostContact
 03E6:2BA1 idle  _GellyGhostReact
 03E6:2924 idle  _GellyGhostThink
 22BF:172F idle  _GetBoard
 22BF:18F2 idle  _GetCoords
 0000:2E7B       _getenv
 0EEB:06F5 idle  _GetLevelPalette
 0000:2016       _gettext
 0000:060C       _getvect
 0000:1FCD       _gotoxy
 1AF8:0000 idle  _GRFILEPOS
 2D22:C228       _grhandle
 2D22:C31C       _grmode
 276C:0000       _grneeded
 2D22:581A       _grsegs
 2D22:C22C       _grstarts
 0E0A:02A0 idle  _HandleCommand
 0E0A:0185 idle  _HandleCondition
 0E0A:06D8 idle  _HandleCtrls
 0EEB:0006 idle  _HandleLevelDone
 0E0A:0714 idle  _HandleWord
 0000:20BE       _harderr
 0000:20D0 idle  _hardresume
 0000:20DE idle  _hardretn
 0E0A:0CCF       _HelpScreens
 2D22:BC6C       _HighScoresDirty
 2D22:C5C0       _hscrollblocks
 2D22:C5A2       _hscrolledge
 2D22:BF35       _ingame
 1590:014C idle  _InitGame
 22BF:195E idle  _InitSnake
 1051:1D82 idle  _InitStarfield
 2D22:BC68       _introbuffer
 2D22:BC66       _introbuffer2
 2671:0000       _introscn
 1FCE:0F03       _IN_Ack
 1FCE:0E9D idle  _IN_AckBack
 1FCE:0715       _IN_ClearKeysDown
 1FCE:069C       _IN_Default
 1FCE:0E3C idle  _IN_FreeDemoBuffer
 1FCE:01F9       _IN_GetJoyAbs
 1FCE:042B       _IN_GetJoyButtonsDB
 1FCE:0E4D       _IN_GetScanName
 1FCE:0F4C       _IN_IsUserInput
 1FCE:0AB1       _IN_ReadControl
 1FCE:0760       _IN_ReadCursor
 1FCE:07FE       _IN_ReadMenuCursor
 1FCE:0DF1 idle  _IN_SetControlType
 1FCE:0703 idle  _IN_SetKeyHook
 1FCE:054D       _IN_SetupJoy
 1FCE:06DB       _IN_Shutdown
 1FCE:0E02       _IN_StartDemoPlayback
 1FCE:062E       _IN_Startup
 1FCE:0E22       _IN_StopDemo
 1FCE:0F8E       _IN_UserInput
 1FCE:0E84       _IN_WaitForASCII
 1FCE:0E6A idle  _IN_WaitForKey
 0000:2212       _ioctl
 0000:08BE       _isatty
 0000:2EDA       _itoa
 03E6:8B72 idle  _JediBootContact
 03E6:8B4E idle  _JediBootThink
 1051:0741 idle  _JoinTerminatorPics
 2650:005C idle  _joy1group
 2650:0070 idle  _joy2group
 2D22:DBA2       _JoyDefs
 2D22:DBD3       _JoysPresent
 2D22:4B7E       _KbdDefs
 03E6:63AB idle  _KeenEnterMachineThink
 03E6:802C idle  _KeenLook
 03E6:8931 idle  _KeenMummyContact
 03E6:8782 idle  _KeenMummyThink
 03E6:8BE8 idle  _KeenSmokeThink
 263E:005A idle  _keybgroup
 263E:0000 idle  _keybi
 2D22:BF39       _Keyboard
 2645:0090 idle  _keyfbgroup
 2645:0000 idle  _keyfbi
 2632:00A2 idle  _keygroup
 2632:0000 idle  _keyi
 2650:0048 idle  _keysgroup
 2650:0000 idle  _keysi
 22BF:19B4 idle  _KillSnake
 03E6:286C idle  _KittenContact
 03E6:285F idle  _KittenExplodeThink
 03E6:274B idle  _KittenIdleThink
 03E6:27E1 idle  _KittenRollThink
 03E6:26A8 idle  _KnawlReact
 2D22:DBD2       _LastASCII
 2D22:9987       _LastScan
 2D22:9836       _lasttimecount
 2D22:450C       _latchpel
 2D22:98C7       _layoutdone
 03E6:509A idle  _LeaveaFallReact
 03E6:5024 idle  _LeaveaFallThink
 03E6:4F96 idle  _LeaveaTreeThink
 03E6:5133 idle  _LeaveaWalkContact
 03E6:518C idle  _LeaveaWalkReact
 03E6:50E4 idle  _LeaveaWalkThink
 2D22:98FB       _leftmargin
 2D22:34A5 idle  _leftmask
 03E6:8A15 idle  _LemonSharkThink
 25BD:0000 idle  _level10palette
 25C1:0000 idle  _level11palette
 25C5:0000 idle  _level13palette
 25C9:0000 idle  _level14palette
 25CD:0000 idle  _level15palette
 25D1:0000 idle  _level16palette
 25D5:0000 idle  _level18palette
 25D9:0000 idle  _level19palette
 25DD:0000 idle  _level20palette
 25E1:0000 idle  _level22palette
 25E5:0000 idle  _level24palette
 25E9:0000 idle  _level25palette
 25A5:0000 idle  _level4palette
 25A9:0000 idle  _level5palette
 25AD:0000 idle  _level6palette
 25B1:0000 idle  _level7palette
 25B5:0000 idle  _level8palette
 25B9:0000 idle  _level9palette
 2D22:BED0       _linewidth
 0EEB:035E       _LoadCheckpoint
 2D22:BC6E       _loadedgame
 261B:007E idle  _loadgamegroup
 0EEB:0230 idle  _LoadGameStuff
 261B:0000 idle  _loadsavegamei
 0EEB:05B8       _LoadTheGame
 0000:0969       _lseek
 0000:2F1C       _ltoa
 1590:0392       _main
 0000:243C       _malloc
 2D22:963C       _mapbwidthtable
 2D22:DB8C       _mapbytesextra
 2D22:DB90       _mapbyteswide
 2D22:C226       _maphandle
 2D22:C234       _mapheaderseg
 2D22:98BF       _mapheight
 2D22:C2FC       _mapon
 2D22:983F       _mapsegs
 2D22:9830       _mapwidth
 2D22:DB8A       _mapwordsextra
 2D22:DB8E       _mapwordswide
 2D22:BC74       _masterofs
 0000:2F41       _memcmp
 0000:2F6A       _memcpy
 1722:00BA idle  _MemDrawChar
 0000:2FAF       _memset
 03E6:6412 idle  _MindcontrolThink
 2D22:4B74       _mintics
 2953:0000       _mmblocks
 2D22:B74D       _mmerror
 2D22:C1EC       _mmfree
 2D22:C1F0       _mmhead
 2D22:C206       _mminfo
 19DD:00DB idle  _MML_CheckForEMS
 19DD:023A idle  _MML_CheckForXMS
 19DD:046E idle  _MML_ClearBlock
 19DD:010D idle  _MML_SetupEMS
 19DD:000D idle  _MML_SetupUMB
 19DD:0251 idle  _MML_SetupXMS
 19DD:01B0 idle  _MML_ShutdownEMS
 19DD:00A4 idle  _MML_ShutdownUMB
 19DD:02CC idle  _MML_ShutdownXMS
 19DD:02F3       _MML_UseSpace
 2D22:C1E4       _mmnew
 2D22:C1E8       _mmrover
 2D22:C204       _mmsorting
 2D22:C1FA       _mmstarted
 19DD:11A5       _MM_BombOnError
 19DD:09BD       _MM_FreePtr
 19DD:0755       _MM_GetPtr
 19DD:0A7D       _MM_GetSize
 19DD:01CD idle  _MM_MapEMS
 19DD:0B76       _MM_SetLock
 19DD:0AF6       _MM_SetPurge
 19DD:0727       _MM_Shutdown
 19DD:0DDA idle  _MM_SortMem
 19DD:04BA       _MM_Startup
 19DD:1131       _MM_TotalFree
 19DD:10D4 idle  _MM_UnusedMemory
 03E6:3687 idle  _MoletAnimate
 03E6:3844 idle  _MoletContact
 03E6:36CB idle  _MoletDig
 03E6:35FA idle  _MoletDirtThink
 03E6:382E idle  _MoletFall
 03E6:393E idle  _MoletFallReact
 03E6:3897 idle  _MoletWalkReact
 2D22:DBD7       _MousePresent
 0000:2FCA       _movedata
 22BF:19EA idle  _MoveSnake
 0000:22D0       _movetext
 03E6:83DC idle  _MummyCheckForKeen
 03E6:8639 idle  _MummyContact
 03E6:86EC idle  _MummyReact
 03E6:834F idle  _MummySpawnerThink
 03E6:8440 idle  _MummyThink
 2610:0036 idle  _musicgroup
 2610:0000 idle  _musici
 2D22:98B5       _MusicMode
 2D22:C1F4       _nearheap
 2615:0048 idle  _newgamegroup
 2615:0000 idle  _newgamei
 0E0A:0682 idle  _NewLine
 03E6:6DE2 idle  _NipnapContact
 03E6:6D26 idle  _NipnapThink
 03E6:58F4 idle  _NisasiContact
 03E6:5A82 idle  _NisasiReact
 03E6:56FB idle  _NisasiThink
 2D22:B746       _NoWait
 2D22:D456       _numanimchains
 2D22:C1BC       _numDUMBs
 2D22:991F       _numpages
 2D22:C1D2       _numUMBs
 03E6:82AE idle  _ObeliskContact
 03E6:82F4 idle  _ObeliskReact
 03E6:825B idle  _ObeliskThink
 2D22:C1A5       _oldlink
 2D22:BF1B       _oldshooting
 2D22:C21A       _oldsoundmode
 2D22:C1A6       _oldstrat
 0000:3017       _open
 2626:00A2 idle  _optionsgroup
 2626:0000 idle  _optionsi
 2D22:D91E       _originmap
 2D22:9834       _originxglobal
 2D22:98BB       _originxmax
 2D22:98BD       _originxmin
 2D22:DB94       _originxscreen
 2D22:C03B       _originxtile
 2D22:BF25       _originxtilemax
 2D22:9832       _originyglobal
 2D22:98B7       _originymax
 2D22:98B9       _originymin
 2D22:DB92       _originyscreen
 2D22:C039       _originytile
 2D22:BF23       _originytilemax
 2D22:D44C       _otherpage
 03E6:7F1B idle  _PageContact
 0E0A:07C1 idle  _PageLayout
 2D22:9921       _pagenum
 03E6:62D2 idle  _PageReact
 03E6:5EA3 idle  _PageThink
 03E6:7D99 idle  _PageWalk
 03E6:7F9A idle  _PageWalkReact
 2D22:BED4       _panadjust
 2D22:C03F       _pansx
 2D22:C03D       _pansy
 2D22:B748       _panx
 2D22:BED6       _pany
 0E0A:0065 idle  _ParseHexNumber
 0E0A:001E idle  _ParseNumber
 0E0A:00F3 idle  _ParsePicCommand
 0E0A:010D idle  _ParseTimedCommand
 2D22:BF37       _Paused
 2D22:4512 idle  _pdrawmode
 2D22:98C9       _picdelay
 2D22:C22E       _picmtable
 2D22:98CB       _picnum
 2D22:9988       _pictable
 2D22:98CF       _picx
 2D22:98CD       _picy
 22BF:1E88 idle  _PlayMinigame
 22BF:1C7B idle  _PlaySnake
 03E6:25F4 idle  _PoleknawelContact
 03E6:2674 idle  _PoleknawelFallReact
 03E6:2456 idle  _PoleknawelLand
 03E6:251E idle  _PoleknawelSlide
 03E6:257D idle  _PoleknawelThrow
 03E6:2465 idle  _PoleknawelWalk
 03E6:264D idle  _PoleknawelWalkReact
 2659:0092 idle  _ponggroup
 1051:14CC idle  _PrintStarWars
 2D22:BC6A       _PrintX
 2D22:98B3       _PrintY
 2D22:CF2E       _prioritystart
 2D22:C232       _profilehandle
 03E6:2E84 idle  _PushKeenX
 0000:34C5       _puts
 0000:206A       _puttext
 2D22:450E       _px
 2D22:4510       _py
 03E6:80C0 idle  _QuicksandThink
 1590:0091       _Quit
 0000:09DB       _rand
 0000:35DE       _read
 0000:2595 idle  _realloc
 2D22:D452       _refreshvector
 0000:0A2E       _remove
 1255:19E6       _RemoveDreamBubbles
 03E6:4F45 idle  _RemoveLeaf
 2D22:4BB2       _RepeatMusic
 2D22:4C70       _restartgame
 1DB7:096C idle  _RFL_AnimateTiles
 1DB7:0F8A idle  _RFL_BoundNewOrigin
 1DB7:0B51 idle  _RFL_BoundScroll
 1DB7:0A7C idle  _RFL_CalcOriginStuff
 1DB7:0753 idle  _RFL_CheckForAnimTile
 1DB7:0AFD       _RFL_ClearScrollBlocks
 1DB7:1818 idle  _RFL_EraseBlocks
 1DB7:0720       _RFL_InitAnimList
 1DB7:0A40       _RFL_InitSpriteList
 1F80:0344       _RFL_MaskForegroundTiles
 1DB7:0C36 idle  _RFL_NewRow
 1F80:000C       _RFL_NewTile
 1DB7:0916 idle  _RFL_RemoveAnimsInBlock
 1DB7:0885 idle  _RFL_RemoveAnimsOnX
 1DB7:08CD idle  _RFL_RemoveAnimsOnY
 1DB7:1974 idle  _RFL_UpdateSprites
 1F80:01EA       _RFL_UpdateTiles
 1DB7:1148 idle  _RF_CalcTics
 1DB7:106E       _RF_ClearBlock
 1DB7:120A       _RF_FindFreeBuffer
 1DB7:0100       _RF_FixOfs
 1DB7:0D0F       _RF_ForceRefresh
 1DB7:06B8       _RF_LoadState
 1DB7:0D2A idle  _RF_MapToMap
 1DB7:02B8       _RF_MarkTileGraphics
 1DB7:0EB1       _RF_MemToMap
 1DB7:0184       _RF_NewMap
 1DB7:124A       _RF_NewPosition
 1DB7:14EB       _RF_PlaceSpriteAfter
 1DB7:155C       _RF_PlaceSpriteClipped
 1DB7:10D8 idle  _RF_RedrawBlock
 1DB7:1BA0       _RF_Refresh
 1DB7:1799       _RF_RemoveSprite
 1DB7:0650       _RF_SaveState
 1DB7:12EC       _RF_Scroll
 1DB7:0C24       _RF_SetRefreshHook
 1DB7:0B06       _RF_SetScrollBlock
 1DB7:00FF       _RF_Shutdown
 1DB7:1C80 idle  _RF_SpritesAvailable
 1DB7:1C58 idle  _RF_SpritesUsed
 1DB7:0004       _RF_Startup
 2D22:98D7       _rightmargin
 2D22:34AD idle  _rightmask
 0E0A:000F idle  _RipToEOL
 2664:00B4 idle  _rootgroup
 2664:0000 idle  _rooti
 03E6:2DD9 idle  _RootsContact
 03E6:2D88 idle  _RootsThink
 2D22:98D1       _rowon
 1051:1F39       _RunFoobsInSpace
 03B8:0114       _RunSnailas
 0EEB:0463       _SaveCheckpoint
 261B:0092 idle  _savegamegroup
 0EEB:015A idle  _SaveGameStuff
 0EEB:055A       _SaveTheGame
 0EEB:0143       _SavingAllowed
 0EEB:0126       _SavingWillCost
 0000:1460 idle  _sbrk
 2D22:2242       _Scores
 2D22:98C3       _screenfaded
 2D22:D44E       _screenpage
 2D22:BED2       _screenseg
 2D22:4B62 idle  _screenspot
 2D22:4B76       _screenstart
 1051:024E idle  _ScrollTerminatorCredits
 20CB:0BF8       _SD_CurrentMusic
 20CB:08CF       _SD_Default
 20CB:0BB9 idle  _SD_FadeOutMusic
 20CB:0ADE       _SD_MusicOff
 20CB:0AB0       _SD_MusicOn
 20CB:0BC6       _SD_MusicPlaying
 20CB:0987       _SD_PlaySound
 20CB:0A92       _SD_PlayTwoSounds
 20CB:0743       _SD_SetMusicMode
 20CB:0BD9       _SD_SetMusicRate
 20CB:06DC       _SD_SetSoundMode
 20CB:0975 idle  _SD_SetUserHook
 20CB:093E       _SD_Shutdown
 20CB:0A27       _SD_SoundPlaying
 20CB:0B23       _SD_StartMusic
 20CB:0788       _SD_Startup
 20CB:0A61       _SD_StopSound
 20CB:0A89       _SD_WaitSoundDone
 0000:2A4A       _setblock
 22BF:1763 idle  _SetBoard
 22BF:192E idle  _SetCoords
 0000:2F89 idle  _setmem
 0000:35E1       _setvbuf
 0000:061B       _setvect
 2D22:BC56       _shiftedCmdrBMPsegs
 2D22:44BC       _shifttabletable
 0E0A:0AC1 idle  _ShowHelp
 2D22:BF33       _showscorebox
 03E6:1F62 idle  _ShrubberyContact
 03E6:1FFD idle  _ShrubberyFallReact
 03E6:1E96 idle  _ShrubberyLookThink
 03E6:1DE5 idle  _ShrubberyThink
 03E6:1EDB idle  _ShrubberyWalkThink
 1590:0068       _ShutdownId
 2D22:2462 idle  _sin_table
 03E6:651F idle  _SlideDoorThink
 255A:006C idle  _SML_GetString
 03E6:4D31 idle  _SmokeThink
 255A:01A5       _SM_CheckParm
 255A:0126       _SM_ConcatString
 255A:010E       _SM_CopyString
 255A:0164       _SM_CPrint
 255A:026D       _SM_DrawString
 255A:0102       _SM_GetString
 255A:018A       _SM_MeasureMultiline
 255A:02BE       _SM_MeasureString
 255A:022B       _SM_ParmPresent
 255A:0151       _SM_Print
 255A:0177       _SM_PrintCentered
 255A:02D9       _SM_PutLines
 255A:013E       _SM_Quit
 255A:0282       _SM_QuitCannotOpen
 255A:0054       _SM_Shutdown
 255A:000F       _SM_Startup
 2D22:DCE7       _snake
 03E6:44A4 idle  _SneakyTreeReact
 03E6:4202 idle  _SneakyTreeThink
 260A:0048 idle  _soundgroup
 260A:0000 idle  _soundi
 2D22:5818       _SoundMode
 2D22:DBD9       _SoundTable
 22BF:1BE4 idle  _SpawnApple
 1255:1A07       _SpawnDreamBubble
 1722:000E       _SpawnScore
 03E6:4CDF       _SpawnSmoke
 2D22:CF38       _spritearray
 2D22:CF2C       _spritefreeptr
 2D22:983C       _spritetable
 0000:09CA idle  _srand
 1722:2182       _StartMusic
 1051:11FD idle  _starwars2
 1051:15EE idle  _StarWarsLoop
 2D22:BF14       _statusWindowOfs
 1722:21CE       _StopMusic
 2D22:9937       _str
 2D22:9923       _str2
[...]
 2D22:0D26 idle  _CK_ACT_SalamanderVanish6
 2D22:0D44 idle  _CK_ACT_SalamanderVanish7
 2D22:0D62 idle  _CK_ACT_SalamanderVanish8
 2D22:0D80 idle  _CK_ACT_SalamanderVanish9
 2D22:0D9E idle  _CK_ACT_SalamanderVanish10
 2D22:0DBC idle  _CK_ACT_Wormouth
 2D22:0DDA idle  _CK_ACT_WormouthLook1
 2D22:0DF8 idle  _CK_ACT_WormouthLook2
 2D22:0E16 idle  _CK_ACT_WormouthLook3
 2D22:0E34 idle  _CK_ACT_WormouthLook4
 2D22:0E52 idle  _CK_ACT_WormouthLook5
 2D22:0E70 idle  _CK_ACT_WormouthLook6
 2D22:0E8E idle  _CK_ACT_WormouthLook7
 2D22:0EAC idle  _CK_ACT_WormouthLook8
 2D22:0ECA idle  _CK_ACT_WormouthBite1
 2D22:0EE8 idle  _CK_ACT_WormouthBite2
 2D22:0F06 idle  _CK_ACT_WormouthBite3
 2D22:0F24 idle  _CK_ACT_WormouthBite4
 2D22:0F42 idle  _CK_ACT_WormouthBite5
 2D22:0F60 idle  _CK_ACT_WormouthStunned
 2D22:0F7E idle  _CK_ACT_WormouthFall
 2D22:0F9C idle  _CK_ACT_Shrubbery
 2D22:0FBA idle  _CK_ACT_ShrubberyLook1
 2D22:0FD8 idle  _CK_ACT_ShrubberyLook2
 2D22:0FF6 idle  _CK_ACT_ShrubberyLook5
 2D22:1014 idle  _CK_ACT_ShrubberyStandUp
 2D22:1032 idle  _CK_ACT_ShrubberyWalk1
 2D22:1050 idle  _CK_ACT_ShrubberyWalk2
 2D22:106E idle  _CK_ACT_ShrubberySitDown
 2D22:108C idle  _CK_ACT_ShrubberyFall
 2D22:10AA idle  _CK_ACT_BounderFloat1
 2D22:10C8 idle  _CK_ACT_BounderFloat2
 2D22:10E6 idle  _CK_ACT_BounderFloat1c
 2D22:1104 idle  _CK_ACT_BounderFloat2c
 2D22:1122 idle  _CK_ACT_BounderStunned
 2D22:1140 idle  _CK_ACT_TentacleWait
 2D22:115E idle  _CK_ACT_TentacleAttack1
 2D22:117C idle  _CK_ACT_TentacleAttack2
 2D22:119A idle  _CK_ACT_TentacleAttack3
 2D22:11B8 idle  _CK_ACT_TentacleAttack4
 2D22:11D6 idle  _CK_ACT_TentacleAttack5
 2D22:11F4 idle  _CK_ACT_TentacleAttack6
 2D22:1212 idle  _CK_ACT_TentacleAttack7
 2D22:1230 idle  _CK_ACT_TentacleAttack8
 2D22:124E idle  _CK_ACT_TentacleAttack9
 2D22:126C idle  _CK_ACT_PoleknawelPole1
 2D22:128A idle  _CK_ACT_PoleknawelPole2
 2D22:12A8 idle  _CK_ACT_PoleknawelThrow
 2D22:12C6 idle  _CK_ACT_PoleknawelFall
 2D22:12E4 idle  _CK_ACT_PoleknawelLand
 2D22:1302 idle  _CK_ACT_PoleknawelLook
 2D22:1320 idle  _CK_ACT_PoleknawelWalk1
 2D22:133E idle  _CK_ACT_PoleknawelWalk2
 2D22:135C idle  _CK_ACT_PoleknawelPoop
 2D22:137A idle  _CK_ACT_PoleknawelShot1
 2D22:1398 idle  _CK_ACT_PoleknawelShot2
 2D22:13B6 idle  _CK_ACT_PoleknawelPool1
 2D22:13D4 idle  _CK_ACT_PoleknawelPool2
 2D22:13F2 idle  _CK_ACT_KittenIdle1
 2D22:1410 idle  _CK_ACT_KittenMeow1
 2D22:142E idle  _CK_ACT_KittenMeow2
 2D22:144C idle  _CK_ACT_KittenMeow3
 2D22:146A idle  _CK_ACT_KittenRoll1
 2D22:1488 idle  _CK_ACT_KittenRoll2
 2D22:14A6 idle  _CK_ACT_KittenRoll3
 2D22:14C4 idle  _CK_ACT_KittenRoll4
 2D22:14E2 idle  _CK_ACT_KittenRoll5
 2D22:1500 idle  _CK_ACT_KittenBlow1
 2D22:151E idle  _CK_ACT_KittenBlow2
 2D22:153C idle  _CK_ACT_KittenBlow3
 2D22:155A idle  _CK_ACT_KittenSmoke1
 2D22:1578 idle  _CK_ACT_KittenSmoke2
 2D22:1596 idle  _CK_ACT_KittenSmoke3
 2D22:15B4 idle  _CK_ACT_KittenSmoke4
 2D22:15D2 idle  _CK_ACT_KittenSmoke5
 2D22:15F0 idle  _CK_ACT_KittenSmoke6
 2D22:160E idle  _CK_ACT_GGhostIdle
 2D22:162C idle  _CK_ACT_Roots
 2D22:164A idle  _CK_ACT_YetiStand
 2D22:1668 idle  _CK_ACT_YetiCloud
 2D22:1686 idle  _CK_ACT_TinyYetiRoll
 2D22:16A4 idle  _CK_ACT_TinyYetiJump
 2D22:16C2 idle  _CK_ACT_Cloud
 2D22:16E0 idle  _CK_ACT_MoletDirt
 2D22:16FE idle  _CK_ACT_MoletWalk
 2D22:171C idle  _CK_ACT_MoletDig
 2D22:173A idle  _CK_ACT_MoletFall
 2D22:1758 idle  _CK_ACT_BirdFly1
 2D22:1776 idle  _CK_ACT_BirdFly2
 2D22:1794 idle  _CK_ACT_BirdFly3
 2D22:17B2 idle  _CK_ACT_BirdFly4
 2D22:17D0 idle  _CK_ACT_BirdFly5
 2D22:17EE idle  _CK_ACT_BirdAttack
 2D22:180C idle  _CK_ACT_BirdLayEgg
 2D22:182A idle  _CK_ACT_BirdFall
 2D22:1848 idle  _CK_ACT_BirdStunned
 2D22:1866 idle  _CK_ACT_BirdEgg
 2D22:1884 idle  _CK_ACT_EggPiece
 2D22:18A2 idle  _CK_ACT_SneakyTree
 2D22:18C0 idle  _CK_ACT_CrocWalk
 2D22:18DE idle  _CK_ACT_CrocJump
 2D22:18FC idle  _CK_ACT_CrocTrap
 2D22:191A idle  _CK_ACT_CrocSnap
 2D22:1938 idle  _CK_ACT_TentacleNest
 2D22:1956       _CK_ACT_Swallowed
 2D22:1974 idle  _CK_ACT_Checkpoint
 2D22:1992 idle  _CK_ACT_CheckpointCap
 2D22:19B0       _CK_ACT_Smoke
 2D22:19CE idle  _CK_ACT_LeaveaTree
 2D22:19EC idle  _CK_ACT_LeaveaFall
 2D22:1A0A idle  _CK_ACT_LeaveaWalk
 2D22:1A28 idle  _CK_ACT_Warble
 2D22:1A46 idle  _CK_ACT_Efree
 2D22:1A64 idle  _CK_ACT_Nisasi
 2D22:1A82 idle  _CK_ACT_Page
 2D22:1AA0       _CK_ACT_keenEnterMachine
 2D22:1ABE       _CK_ACT_keenMindcontrol
 2D22:1ADC idle  _CK_ACT_SlideDoor
 2D22:1B04 idle  _CK_ACT_CloneMachine
 2D22:1B22 idle  _CK_ACT_CloneAnimation
 2D22:1B40 idle  _CK_ACT_CloneObj
 2D22:1B5E idle  _CK_ACT_CoronaPlant
 2D22:1B7C idle  _CK_ACT_CoronaBall
 2D22:1B9A idle  _CK_ACT_Nipnap
 2D22:1BF8 idle  _CK_ACT_CrabFloor
 2D22:1C16 idle  _CK_ACT_CrabWall
 2D22:1C34 idle  _CK_ACT_CrabCeiling
 2D22:1C52 idle  _CK_ACT_CrabFall
 2D22:1C70 idle  _CK_ACT_CrabTurn
 2D22:1C8E idle  _CK_ACT_BrainFucl
 2D22:1CAC idle  _CK_ACT_KeenBrainFucled
 2D22:1CCA idle  _CK_ACT_Donut
 2D22:1CE8 idle  _CK_ACT_BalloonSmirky
 2D22:1D06 idle  _CK_ACT_Fungus
 2D22:1D24 idle  _CK_ACT_FungusFall
 2D22:1D42 idle  _CK_ACT_WorldNessie
 2D22:1D60 idle  _CK_ACT_Frog
 2D22:1D7E idle  _CK_ACT_PageWalk
 2D22:1D9C idle  _CK_ACT_KeenLook
 2D22:1DBA       _CK_ACT_KeenShrug
 2D22:1DD8 idle  _CK_ACT_Quicksand
 2D22:1DF6 idle  _CK_ACT_Fallblock
 2D22:1E14 idle  _CK_ACT_Obelisk
 2D22:1E32 idle  _CK_ACT_MummySpawner
 2D22:1E50 idle  _CK_ACT_Mummy
 2D22:1E6E idle  _CK_ACT_MummyLook
 2D22:1E8C idle  _CK_ACT_KeenMummy
 2D22:1EAA idle  _CK_ACT_Bandage
 2D22:1EC8 idle  _CK_ACT_LemonShark
 2D22:1EE6 idle  _CK_ACT_DonutCloud
 2D22:1F04 idle  _CK_ACT_JediBoot
 2D22:1F22 idle  _CK_ACT_KeenSmoke
 2D22:1F40 idle  _CK_ACT_Null
 2D22:1F5E idle  _ck_lumpStarts
 2D22:1FC0 idle  _ck_lumpEnds
 2D22:2022 idle  _CK_ACT_MapKeenStart
 2D22:2040 idle  _CK_ACT_MapKeenWave0
 2D22:205E idle  _CK_ACT_MapKeenWave1
 2D22:207C idle  _CK_ACT_MapKeenWave2
 2D22:209A idle  _CK_ACT_MapKeenWave3
 2D22:20B8 idle  _CK_ACT_MapKeenWave4
 2D22:20D6 idle  _CK_ACT_MapKeenWalk0
 2D22:20F4 idle  _CK_ACT_MapShip
 2D22:212A idle  _CK_ACT_MapFlagRise
 2D22:2148 idle  _CK_ACT_MapFlag0
 2D22:2166 idle  _CK_ACT_MapFlag1
 2D22:2184 idle  _CK_ACT_MapFlag2
 2D22:21A2 idle  _CK_ACT_MapFlag3
 2D22:21C0 idle  _ck_helpScreenChunks
 2D22:21DC       _ck_inHighScores
 2D22:21DE idle  _terminator_blackmasks
 2D22:21E6 idle  _terminator_lightmasks
 2D22:21EE idle  _terminator_palette1
 2D22:21FF idle  _terminator_palette2
 2D22:2210 idle  _terminator_pics
 2D22:2231 idle  _ck_starWarsPalette
 2D22:2242       _Scores
 2D22:2462 idle  _sin_table
 2D22:24F4       _CK_ACT_keenStanding
 2D22:2512       _CK_ACT_keenRidePlatform
 2D22:2530       _CK_ACT_keenLookUp1
 2D22:254E       _CK_ACT_keenLookUp2
 2D22:256C       _CK_ACT_keenLookDown1
 2D22:258A       _CK_ACT_keenLookDown2
 2D22:25A8       _CK_ACT_keenLookDown3
 2D22:25C6       _CK_ACT_keenLookDown4
 2D22:25E4       _CK_ACT_keenIdle
 2D22:2602       _CK_ACT_keenBored1
 2D22:2620       _CK_ACT_keenBored2
 2D22:263E       _CK_ACT_keenBored3
 2D22:265C       _CK_ACT_keenBored4
 2D22:267A       _CK_ACT_keenBored5
 2D22:2698       _CK_ACT_keenBored6
 2D22:26B6 idle  _CK_ACT_keenYawn1
 2D22:26D4 idle  _CK_ACT_keenYawn2
 2D22:26F2 idle  _CK_ACT_keenYawn3
 2D22:2710 idle  _CK_ACT_keenYawn4
 2D22:272E idle  _CK_ACT_keenYawn5
 2D22:274C idle  _CK_ACT_keenYawn6
 2D22:276A idle  _CK_ACT_keenYawn7
 2D22:2788 idle  _CK_ACT_keenYawn8
 2D22:27A6 idle  _CK_ACT_keenYawn9
 2D22:27C4 idle  _CK_ACT_keenGoToSleep1
 2D22:27E2 idle  _CK_ACT_keenGoToSleep2
 2D22:2800 idle  _CK_ACT_keenGoToSleep3
 2D22:281E idle  _CK_ACT_keenDream
 2D22:283C idle  _CK_ACT_keenDream2
 2D22:285A idle  _CK_ACT_keenGetUp
 2D22:2878 idle  _CK_ACT_keenGetUp2
 2D22:2896 idle  _CK_ACT_keenGetUp3
 2D22:28B4 idle  _CK_ACT_dreamBubble
 2D22:28D2       _CK_ACT_keenNot
 2D22:28F0       _CK_ACT_keenDie0
 2D22:290E       _CK_ACT_keenDie1
 2D22:292C       _CK_ACT_keenRun1
 2D22:294A       _CK_ACT_keenRun2
 2D22:2968       _CK_ACT_keenRun3
 2D22:2986       _CK_ACT_keenRun4
 2D22:29A4       _CK_ACT_keenShoot1
 2D22:29C2       _CK_ACT_keenShoot2
 2D22:29E0       _CK_ACT_keenShootUp1
 2D22:29FE       _CK_ACT_keenShootUp2
 2D22:2A1C       _CK_ACT_keenJump1
 2D22:2A3A       _CK_ACT_keenJump2
 2D22:2A58       _CK_ACT_keenFall1
 2D22:2A76       _CK_ACT_keenFall2
 2D22:2A94       _CK_ACT_keenJumpShoot1
 2D22:2AB2       _CK_ACT_keenJumpShoot2
 2D22:2AD0       _CK_ACT_keenJumpShoot3
 2D22:2AEE       _CK_ACT_keenJumpShootUp1
 2D22:2B0C       _CK_ACT_keenJumpShootUp2
 2D22:2B2A       _CK_ACT_keenJumpShootUp3
 2D22:2B48       _CK_ACT_keenJumpShootDown1
 2D22:2B66       _CK_ACT_keenJumpShootDown2
 2D22:2B84       _CK_ACT_keenJumpShootDown3
 2D22:2BA2       _CK_ACT_keenPogo1
 2D22:2BC0       _CK_ACT_keenPogo2
 2D22:2BDE       _CK_ACT_keenPogo3
 2D22:2BFC       _CK_ACT_keenHang1
 2D22:2C1A       _CK_ACT_keenHang2
 2D22:2C38       _CK_ACT_keenPull1
 2D22:2C56       _CK_ACT_keenPull2
 2D22:2C74       _CK_ACT_keenPull3
 2D22:2C92       _CK_ACT_keenPull4
 2D22:2CB0       _CK_ACT_keenPull5
 2D22:2CCE       _CK_ACT_keenPoleSit
 2D22:2CEC       _CK_ACT_keenPoleUp1
 2D22:2D0A       _CK_ACT_keenPoleUp2
 2D22:2D28       _CK_ACT_keenPoleUp3
 2D22:2D46       _CK_ACT_keenPoleDown1
 2D22:2D64       _CK_ACT_keenPoleDown2
 2D22:2D82       _CK_ACT_keenPoleDown3
 2D22:2DA0       _CK_ACT_keenPoleDown4
 2D22:2DBE idle  _CK_ACT_keenPoleShoot0
 2D22:2DDC       _CK_ACT_keenPoleShoot1
 2D22:2DFA       _CK_ACT_keenPoleShoot2
 2D22:2E18 idle  _CK_ACT_keenPoleShootUp0
 2D22:2E36       _CK_ACT_keenPoleShootUp1
 2D22:2E54       _CK_ACT_keenPoleShootUp2
 2D22:2E72 idle  _CK_ACT_keenPoleShootDown0
 2D22:2E90       _CK_ACT_keenPoleShootDown1
 2D22:2EAE       _CK_ACT_keenPoleShootDown2
 2D22:2ECC       _CK_ACT_keenShot1
 2D22:2EEA       _CK_ACT_keenShot2
 2D22:2F08       _CK_ACT_keenShot3
 2D22:2F26       _CK_ACT_keenShot4
 2D22:2F44       _CK_ACT_keenShotHit1
 2D22:2F62       _CK_ACT_keenShotHit2
 2D22:2F80       _CK_ACT_keenSlide
 2D22:2F9E       _CK_ACT_keenPlaceGem
 2D22:2FBC       _CK_ACT_keenPressSwitch1
 2D22:2FDA       _CK_ACT_keenPressSwitch2
 2D22:2FF8       _CK_ACT_keenEnterDoor1
 2D22:3016       _CK_ACT_keenEnterDoor2
 2D22:3034       _CK_ACT_keenEnterDoor3
 2D22:3052       _CK_ACT_keenEnterDoor4
 2D22:3070       _CK_ACT_keenEnterDoor5
 2D22:308E       _CK_ACT_keenEnterDoor6
 2D22:30AC       _CK_ACT_keenEnteredDoor
 2D22:30CA idle  _CK_ACT_keenSink
 2D22:30E8       _CK_ACT_keenStunned1
 2D22:3106       _CK_ACT_keenStunned2
 2D22:3124 idle  _CK_ACT_keenStunned3
 2D22:3142       _CK_ACT_itemNotify
 2D22:3160 idle  _CK5_ItemSounds
 2D22:317A       _CK5_ItemPoints
 2D22:3196 idle  _CK5_ItemShadows
 2D22:31B2       _ck_KeenRunXVels
 2D22:31C2 idle  _ck_KeenPoleOffs
 2D22:31DA idle  _CK_ACT_keenUseAmmoStation
 2D22:31F8 idle  _CK_ACT_keenDrown
 2D22:3216 idle  _CK_ACT_keenBurn
 2D22:334A       _brainfucled
 2D22:334C       _ck_scrollDisabled
 2D22:334E idle  _CK_ACT_ScoreBox
 2D22:336C idle  _CK_ACT_DemoSign
 2D22:33C8 idle  _emmname
 2D22:342E       _colors
 2D22:34A5 idle  _leftmask
 2D22:34AD idle  _rightmask
 2D22:44BC       _shifttabletable
 2D22:450C       _latchpel
 2D22:450E       _px
 2D22:4510       _py
 2D22:4512 idle  _pdrawmode
 2D22:4513       _fontcolor
 2D22:4B5A       _bufferwidth
 2D22:4B5C       _bufferheight
 2D22:4B62 idle  _screenspot
 2D22:4B74       _mintics
 2D22:4B76       _screenstart
 2D22:4B7E       _KbdDefs
 2D22:4B96       _DemoMode
 2D22:4BB2       _RepeatMusic
 2D22:4BC8       _config
 2D22:4BD2       _USL_MeasureString
 2D22:4BD6       _USL_DrawString
 2D22:4C70       _restartgame
 2D22:4C9A       _bestscore
 2D22:4CB0       __atexitcnt
 2D22:4CB2       __ctype
 2D22:4DB4       __exitbuf
 2D22:4DB8 idle  __exitfopen
 2D22:4DBC idle  __exitopen
 2D22:4DC0       __streams
 2D22:4F00       __nfile
 2D22:4F02       __openfd
 2D22:4F2A       __fmode
 2D22:4F2C       __notUmask
 2D22:4F2E       __heaplen
 2D22:4F30       __doserrno
 2D22:4F32 idle  __dosErrorToSV
 2D22:4FA0       __stklen
 2D22:500A       __video
 2D22:5019       _directvideo
 2D22:5056 idle  __first
 2D22:5058 idle  __last
 2D22:505A idle  __rover
 2D22:505C       __argc
 2D22:505E       __argv
 2D22:506A       _environ
 2D22:5072       __RealCvtVector
 2D22:5074 idle  __ScanTodVector
 2D22:5592       __atexittbl
 2D22:56C8       _CK_ACT_KeenNull
 2D22:56E6       _CK_ACT_keenStowBook3
 2D22:5704       _CK_ACT_keenStowBook2
 2D22:5722       _CK_ACT_keenStowBook1
 2D22:5740       _CK_ACT_keenReadBook3
 2D22:575E       _CK_ACT_keenReadBook2
 2D22:577C       _CK_ACT_keenReadBook1
 2D22:579A       _CK_ACT_keenOpenBook4
 2D22:57B8       _CK_ACT_keenOpenBook3
 2D22:57D6       _CK_ACT_keenOpenBook2
 2D22:57F4       _CK_ACT_keenOpenBook1
 2D22:5812       _arrowdir
 2D22:5814       _TimeCount
 2D22:5818       _SoundMode
 2D22:581A       _grsegs
 2D22:94E8       _ck_keenObj
 2D22:94EA       _tempObj
 2D22:9536       _ck_freeObject
 2D22:9538       _ck_inputFrame
 2D22:9548       _ck_keenState
 2D22:9560       _ck_nextY
 2D22:9562       _ck_nextX
 2D22:9564       _ck_mapState
 2D22:95AC       _ck_gameState
 2D22:963A       _ck_levelState
 2D22:963C       _mapbwidthtable
 2D22:9830       _mapwidth
 2D22:9832       _originyglobal
 2D22:9834       _originxglobal
 2D22:9836       _lasttimecount
 2D22:983A       _tics
 2D22:983C       _spritetable
 2D22:983E       _ca_levelbit
 2D22:983F       _mapsegs
 2D22:9845       _tinf
 2D22:9847       _ck_lumpsNeeded
 2D22:98A9       _ck_lastObject
 2D22:98AB       _WindowH
 2D22:98AD       _WindowW
 2D22:98AF       _WindowY
 2D22:98B1       _WindowX
 2D22:98B3       _PrintY
 2D22:98B5       _MusicMode
 2D22:98B7       _originymax
 2D22:98B9       _originymin
 2D22:98BB       _originxmax
 2D22:98BD       _originxmin
 2D22:98BF       _mapheight
 2D22:98C1       _fontnumber
 2D22:98C3       _screenfaded
 2D22:98C5       _ck_helpSelection
 2D22:98C7       _layoutdone
 2D22:98C9       _picdelay
 2D22:98CB       _picnum
 2D22:98CD       _picy
 2D22:98CF       _picx
 2D22:98D1       _rowon
 2D22:98D3       _text
 2D22:98D7       _rightmargin
 2D22:98FB       _leftmargin
 2D22:991F       _numpages
 2D22:9921       _pagenum
 2D22:9923       _str2
 2D22:9937       _str
 2D22:9987       _LastScan
 2D22:9988       _pictable
 2D22:998A       _displayofs
 2D22:998C       _bufferofs
 2D22:998E       _ck_lastLevelFinished
 2D22:9990       _ck_scoreBoxObj
 2D22:9992       _ck_numObjects
 2D22:9994       _ck_objArray
 2D22:B744       _fadecount
 2D22:B746       _NoWait
 2D22:B748       _panx
 2D22:B74A       _videocard
 2D22:B74C       _ca_levelnum
 2D22:B74D       _mmerror
 2D22:B74F       _bufferseg
 2D22:B751       _ck_SWDrawFuncs
 2D22:BA71       _ck_SWCurrentDrawFunc
 2D22:BA75       _ck_starWarsMasterText
 2D22:BA77       _ck_SWDrawFuncSeg
 2D22:BA79       _ck_starWarsTable
 2D22:BA7B       _ck_starWarsTotalHeight
 2D22:BA7D       _ck_SWScreenRowToMasterRowTrans
 2D22:BC0D       _word_499FF
 2D22:BC0F       _ck_termPicWidths
 2D22:BC19       _ck_termPicHeights
 2D22:BC23       _ck_currentTermPicWidth
 2D22:BC25       _ck_currentTermPicHalfWidth
 2D22:BC27       _ck_currentTermPicHeight
 2D22:BC29       _ck_currentTermPicSize
 2D22:BC2B       _ck_currentTermPicNextLineDist
 2D22:BC2D       _terminatorPlaneOn
 2D22:BC2E       _terminatorOfs
 2D22:BC30       _word_499C7
 2D22:BC32       _word_46CB0
 2D22:BC34       _terminatorPageOn
 2D22:BC36       _word_46CA2
 2D22:BC3A       _word_499CB
 2D22:BC3C       _ck_currentTermPicSeg
 2D22:BC3E       _word_499D1
 2D22:BC40       _ck_termCreditStage
 2D22:BC42       _ck_currentTerminatorCredit
 2D22:BC44       _ck_currentTermPicStartTime
 2D22:BC46       _ck_currentTermPicTimeRemaining
 2D22:BC48       _ck_introScreenWidth
 2D22:BC4A       _ck_introCommanderWidth
 2D22:BC4C       _terminator_pic_memptrs
 2D22:BC56       _shiftedCmdrBMPsegs
 2D22:BC66       _introbuffer2
 2D22:BC68       _introbuffer
 2D22:BC6A       _PrintX
 2D22:BC6C       _HighScoresDirty
 2D22:BC6E       _loadedgame
 2D22:BC70       _DemoSize
 2D22:BC72       _DemoBuffer
 2D22:BC74       _masterofs
 2D22:BC76       _bordercolor
 2D22:BC78       _ylookup
 2D22:BED0       _linewidth
 2D22:BED2       _screenseg
 2D22:BED4       _panadjust
 2D22:BED6       _pany
 2D22:BED8       _extravbls
 2D22:BEDA       _abortgame
 2D22:BEDC       _tedlevelnum
 2D22:BEDE       _tedlevel
 2D22:BEE0       _finishcachebox
 2D22:BEE4       _updatecachebox
 2D22:BEE8       _drawcachebox
 2D22:BEEC       _ck_deltaRects
 2D22:BF00       _ck_oldRects
 2D22:BF14       _statusWindowOfs
 2D22:BF16       _ck_statusDown
 2D22:BF18       _ck_statusWindowYPx
 2D22:BF1A       _wallcheat
 2D22:BF1B       _oldshooting
 2D22:BF1D       _ck_pogoTimer
 2D22:BF1F       _ck_gamePadEnabled
 2D22:BF21       _ck_demoParm
 2D22:BF23       _originytilemax
 2D22:BF25       _originxtilemax
 2D22:BF27       _button1held
 2D22:BF29       _button0held
 2D22:BF2B       _ck_activeY1Tile
 2D22:BF2D       _ck_activeX1Tile
 2D22:BF2F       _ck_activeY0Tile
 2D22:BF31       _ck_activeX0Tile
 2D22:BF33       _showscorebox
 2D22:BF35       _ingame
 2D22:BF37       _Paused
 2D22:BF39       _Keyboard
 2D22:C039       _originytile
 2D22:C03B       _originxtile
 2D22:C03D       _pansy
 2D22:C03F       _pansx
 2D22:C041       _audiosegs
 2D22:C1A3       _DUMBstarted
 2D22:C1A5       _oldlink
 2D22:C1A6       _oldstrat
 2D22:C1A8       _DUMBbase
 2D22:C1BC       _numDUMBs
 2D22:C1BE       _UMBbase
 2D22:C1D2       _numUMBs
 2D22:C1D4       _XMSaddr
 2D22:C1D8       _EMShandle
 2D22:C1DA       _EMSpagesmapped
 2D22:C1DC       _EMSpageframe
 2D22:C1DE       _freeEMSpages
 2D22:C1E0       _totalEMSpages
 2D22:C1E2       _bombonerror
 2D22:C1E4       _mmnew
 2D22:C1E8       _mmrover
 2D22:C1EC       _mmfree
 2D22:C1F0       _mmhead
 2D22:C1F4       _nearheap
 2D22:C1F6       _farheap
 2D22:C1FA       _mmstarted
 2D22:C1FC       _aftersort
 2D22:C200       _beforesort
 2D22:C204       _mmsorting
 2D22:C206       _mminfo
 2D22:C21A       _oldsoundmode
 2D22:C21C       _chunkexplen
 2D22:C220       _chunkcomplen
 2D22:C224       _audiohandle
 2D22:C226       _maphandle
 2D22:C228       _grhandle
 2D22:C22A       _audiostarts
 2D22:C22C       _grstarts
 2D22:C22E       _picmtable
 2D22:C230       _debughandle
 2D22:C232       _profilehandle
 2D22:C234       _mapheaderseg
 2D22:C2FC       _mapon
 2D22:C2FE       _uwidthtable
 2D22:C31A       _updateptr
 2D22:C31C       _grmode
 2D22:C31E       _blockstarts
 2D22:C586       _vscrolledge
 2D22:C5A2       _hscrolledge
 2D22:C5BE       _vscrollblocks
 2D22:C5C0       _hscrollblocks
 2D22:C5C2       _eraselistptr
 2D22:C5C6       _eraselist
 2D22:C8E6       _animfreespot
 2D22:C8E8       _animfreeptr
 2D22:C8EA       _animhead
 2D22:C8EC       _animarray
 2D22:CF2C       _spritefreeptr
 2D22:CF2E       _prioritystart
 2D22:CF38       _spritearray
 2D22:D44C       _otherpage
 2D22:D44E       _screenpage
 2D22:D450       _xpanmask
 2D22:D452       _refreshvector
 2D22:D456       _numanimchains
 2D22:D458       _allanims
 2D22:D5E8       _baseupdatestart
 2D22:D5EC       _updatestart
 2D22:D5F0       _baseupdateptr
 2D22:D5F2       _update
 2D22:D91E       _originmap
 2D22:D920       _SX_T_SHIFT
 2D22:D922       _updatemapofs
 2D22:DB8A       _mapwordsextra
 2D22:DB8C       _mapbytesextra
 2D22:DB8E       _mapwordswide
 2D22:DB90       _mapbyteswide
 2D22:DB92       _originyscreen
 2D22:DB94       _originxscreen
 2D22:DB96       _compatability
 2D22:DB98       _DemoOffset
 2D22:DB9A       _Controls
 2D22:DBA2       _JoyDefs
 2D22:DBD2       _LastASCII
 2D22:DBD3       _JoysPresent
 2D22:DBD7       _MousePresent
 2D22:DBD9       _SoundTable
 2D22:DBDB       _AdLibPresent
 2D22:DBDD       _Games
 2D22:DCD9       _USL_ResetGame
 2D22:DCDD       _USL_LoadGame
 2D22:DCE1       _USL_SaveGame
 2D22:DCE5       _abortprogram
 2D22:DCE7       _snake
 2D22:DCE9       _topcard
 2D22:DCED       _cardstack
 2D22:DD09       _cstackptr

Program entry point at 0000:0000

